Archive member included because of file (symbol)

c:/altera/13.0sp1/nios2eds/bin/gnu/h-i686-mingw32/bin/../lib/gcc/nios2-elf/4.1.2/../../../../nios2-elf/lib/mno-hw-mul\libsmallc.a(lib_a-puts.o)
                              obj/default/hello_world.o (puts)
c:/altera/13.0sp1/nios2eds/bin/gnu/h-i686-mingw32/bin/../lib/gcc/nios2-elf/4.1.2/../../../../nios2-elf/lib/mno-hw-mul\libsmallc.a(lib_a-strlen.o)
                              c:/altera/13.0sp1/nios2eds/bin/gnu/h-i686-mingw32/bin/../lib/gcc/nios2-elf/4.1.2/../../../../nios2-elf/lib/mno-hw-mul\libsmallc.a(lib_a-puts.o) (strlen)
c:/altera/13.0sp1/nios2eds/bin/gnu/h-i686-mingw32/bin/../lib/gcc/nios2-elf/4.1.2/../../../../nios2-elf/lib/mno-hw-mul\libsmallc.a(lib_a-fvwrite_small_dev.o)
                              c:/altera/13.0sp1/nios2eds/bin/gnu/h-i686-mingw32/bin/../lib/gcc/nios2-elf/4.1.2/../../../../nios2-elf/lib/mno-hw-mul\libsmallc.a(lib_a-puts.o) (__sfvwrite_small_dev)
c:/altera/13.0sp1/nios2eds/bin/gnu/h-i686-mingw32/bin/../lib/gcc/nios2-elf/4.1.2/../../../../nios2-elf/lib/mno-hw-mul\libsmallc.a(lib_a-impure.o)
                              c:/altera/13.0sp1/nios2eds/bin/gnu/h-i686-mingw32/bin/../lib/gcc/nios2-elf/4.1.2/../../../../nios2-elf/lib/mno-hw-mul\libsmallc.a(lib_a-puts.o) (_impure_ptr)
c:/altera/13.0sp1/nios2eds/bin/gnu/h-i686-mingw32/bin/../lib/gcc/nios2-elf/4.1.2/../../../../nios2-elf/lib/mno-hw-mul\libsmallc.a(lib_a-writer.o)
                              c:/altera/13.0sp1/nios2eds/bin/gnu/h-i686-mingw32/bin/../lib/gcc/nios2-elf/4.1.2/../../../../nios2-elf/lib/mno-hw-mul\libsmallc.a(lib_a-fvwrite_small_dev.o) (_write_r)
c:/altera/13.0sp1/nios2eds/bin/gnu/h-i686-mingw32/bin/../lib/gcc/nios2-elf/4.1.2/../../../../nios2-elf/lib/mno-hw-mul\libsmallc.a(lib_a-int_errno.o)
                              c:/altera/13.0sp1/nios2eds/bin/gnu/h-i686-mingw32/bin/../lib/gcc/nios2-elf/4.1.2/../../../../nios2-elf/lib/mno-hw-mul\libsmallc.a(lib_a-writer.o) (errno)
../Hello_Nios_app_bsp/\libhal_bsp.a(alt_load.o)
                              ../Hello_Nios_app_bsp//obj/HAL/src/crt0.o (alt_load)
../Hello_Nios_app_bsp/\libhal_bsp.a(alt_main.o)
                              ../Hello_Nios_app_bsp//obj/HAL/src/crt0.o (alt_main)
../Hello_Nios_app_bsp/\libhal_bsp.a(alt_write.o)
                              c:/altera/13.0sp1/nios2eds/bin/gnu/h-i686-mingw32/bin/../lib/gcc/nios2-elf/4.1.2/../../../../nios2-elf/lib/mno-hw-mul\libsmallc.a(lib_a-writer.o) (write)
../Hello_Nios_app_bsp/\libhal_bsp.a(alt_sys_init.o)
                              ../Hello_Nios_app_bsp/\libhal_bsp.a(alt_main.o) (alt_irq_init)
../Hello_Nios_app_bsp/\libhal_bsp.a(altera_avalon_jtag_uart_fd.o)
                              ../Hello_Nios_app_bsp/\libhal_bsp.a(alt_sys_init.o) (altera_avalon_jtag_uart_read_fd)
../Hello_Nios_app_bsp/\libhal_bsp.a(altera_avalon_jtag_uart_read.o)
                              ../Hello_Nios_app_bsp/\libhal_bsp.a(altera_avalon_jtag_uart_fd.o) (altera_avalon_jtag_uart_read)
../Hello_Nios_app_bsp/\libhal_bsp.a(altera_avalon_jtag_uart_write.o)
                              ../Hello_Nios_app_bsp/\libhal_bsp.a(altera_avalon_jtag_uart_fd.o) (altera_avalon_jtag_uart_write)
../Hello_Nios_app_bsp/\libhal_bsp.a(alt_close.o)
                              ../Hello_Nios_app_bsp/\libhal_bsp.a(alt_main.o) (close)
../Hello_Nios_app_bsp/\libhal_bsp.a(alt_dcache_flush_all.o)
                              ../Hello_Nios_app_bsp/\libhal_bsp.a(alt_load.o) (alt_dcache_flush_all)
../Hello_Nios_app_bsp/\libhal_bsp.a(alt_dev.o)
                              ../Hello_Nios_app_bsp/\libhal_bsp.a(alt_sys_init.o) (alt_dev_list)
../Hello_Nios_app_bsp/\libhal_bsp.a(alt_dev_llist_insert.o)
                              ../Hello_Nios_app_bsp/\libhal_bsp.a(alt_sys_init.o) (alt_dev_llist_insert)
../Hello_Nios_app_bsp/\libhal_bsp.a(alt_do_ctors.o)
                              ../Hello_Nios_app_bsp/\libhal_bsp.a(alt_main.o) (_do_ctors)
../Hello_Nios_app_bsp/\libhal_bsp.a(alt_do_dtors.o)
                              ../Hello_Nios_app_bsp/\libhal_bsp.a(alt_main.o) (_do_dtors)
../Hello_Nios_app_bsp/\libhal_bsp.a(alt_errno.o)
                              ../Hello_Nios_app_bsp/\libhal_bsp.a(alt_write.o) (alt_errno)
../Hello_Nios_app_bsp/\libhal_bsp.a(alt_icache_flush_all.o)
                              ../Hello_Nios_app_bsp/\libhal_bsp.a(alt_load.o) (alt_icache_flush_all)
../Hello_Nios_app_bsp/\libhal_bsp.a(alt_io_redirect.o)
                              ../Hello_Nios_app_bsp/\libhal_bsp.a(alt_main.o) (alt_io_redirect)
../Hello_Nios_app_bsp/\libhal_bsp.a(alt_open.o)
                              ../Hello_Nios_app_bsp/\libhal_bsp.a(alt_io_redirect.o) (open)
../Hello_Nios_app_bsp/\libhal_bsp.a(alt_release_fd.o)
                              ../Hello_Nios_app_bsp/\libhal_bsp.a(alt_close.o) (alt_release_fd)
../Hello_Nios_app_bsp/\libhal_bsp.a(altera_nios2_qsys_irq.o)
                              ../Hello_Nios_app_bsp/\libhal_bsp.a(alt_sys_init.o) (altera_nios2_qsys_irq_init)
../Hello_Nios_app_bsp/\libhal_bsp.a(alt_find_dev.o)
                              ../Hello_Nios_app_bsp/\libhal_bsp.a(alt_open.o) (alt_find_dev)
../Hello_Nios_app_bsp/\libhal_bsp.a(alt_find_file.o)
                              ../Hello_Nios_app_bsp/\libhal_bsp.a(alt_open.o) (alt_find_file)
../Hello_Nios_app_bsp/\libhal_bsp.a(alt_get_fd.o)
                              ../Hello_Nios_app_bsp/\libhal_bsp.a(alt_open.o) (alt_get_fd)
c:/altera/13.0sp1/nios2eds/bin/gnu/h-i686-mingw32/bin/../lib/gcc/nios2-elf/4.1.2/../../../../nios2-elf/lib/mno-hw-mul\libsmallc.a(lib_a-atexit.o)
                              ../Hello_Nios_app_bsp/\libhal_bsp.a(alt_main.o) (atexit)
c:/altera/13.0sp1/nios2eds/bin/gnu/h-i686-mingw32/bin/../lib/gcc/nios2-elf/4.1.2/../../../../nios2-elf/lib/mno-hw-mul\libsmallc.a(lib_a-exit.o)
                              ../Hello_Nios_app_bsp/\libhal_bsp.a(alt_main.o) (exit)
c:/altera/13.0sp1/nios2eds/bin/gnu/h-i686-mingw32/bin/../lib/gcc/nios2-elf/4.1.2/../../../../nios2-elf/lib/mno-hw-mul\libsmallc.a(lib_a-memcmp.o)
                              ../Hello_Nios_app_bsp/\libhal_bsp.a(alt_find_dev.o) (memcmp)
c:/altera/13.0sp1/nios2eds/bin/gnu/h-i686-mingw32/bin/../lib/gcc/nios2-elf/4.1.2/../../../../nios2-elf/lib/mno-hw-mul\libsmallc.a(lib_a-__atexit.o)
                              c:/altera/13.0sp1/nios2eds/bin/gnu/h-i686-mingw32/bin/../lib/gcc/nios2-elf/4.1.2/../../../../nios2-elf/lib/mno-hw-mul\libsmallc.a(lib_a-atexit.o) (__register_exitproc)
c:/altera/13.0sp1/nios2eds/bin/gnu/h-i686-mingw32/bin/../lib/gcc/nios2-elf/4.1.2/../../../../nios2-elf/lib/mno-hw-mul\libsmallc.a(lib_a-__call_atexit.o)
                              c:/altera/13.0sp1/nios2eds/bin/gnu/h-i686-mingw32/bin/../lib/gcc/nios2-elf/4.1.2/../../../../nios2-elf/lib/mno-hw-mul\libsmallc.a(lib_a-exit.o) (__call_exitprocs)
c:/altera/13.0sp1/nios2eds/bin/gnu/h-i686-mingw32/bin/../lib/gcc/nios2-elf/4.1.2/mno-hw-mul\libgcc.a(lib2-mul.o)
                              ../Hello_Nios_app_bsp/\libhal_bsp.a(alt_write.o) (__mulsi3)
../Hello_Nios_app_bsp/\libhal_bsp.a(alt_exit.o)
                              c:/altera/13.0sp1/nios2eds/bin/gnu/h-i686-mingw32/bin/../lib/gcc/nios2-elf/4.1.2/../../../../nios2-elf/lib/mno-hw-mul\libsmallc.a(lib_a-exit.o) (_exit)

Allocating common symbols
Common symbol       size              file

errno               0x4               c:/altera/13.0sp1/nios2eds/bin/gnu/h-i686-mingw32/bin/../lib/gcc/nios2-elf/4.1.2/../../../../nios2-elf/lib/mno-hw-mul\libsmallc.a(lib_a-int_errno.o)
_atexit0            0x8c              c:/altera/13.0sp1/nios2eds/bin/gnu/h-i686-mingw32/bin/../lib/gcc/nios2-elf/4.1.2/../../../../nios2-elf/lib/mno-hw-mul\libsmallc.a(lib_a-atexit.o)

Memory Configuration

Name             Origin             Length             Attributes
reset            0x00004000         0x00000020
onchip_memory2_0 0x00004020         0x00002ec0
*default*        0x00000000         0xffffffff

Linker script and memory map

LOAD ../Hello_Nios_app_bsp//obj/HAL/src/crt0.o
LOAD obj/default/hello_world.o
LOAD c:/altera/13.0sp1/nios2eds/bin/gnu/h-i686-mingw32/bin/../lib/gcc/nios2-elf/4.1.2/../../../../nios2-elf/lib/mno-hw-mul\libstdc++.a
LOAD c:/altera/13.0sp1/nios2eds/bin/gnu/h-i686-mingw32/bin/../lib/gcc/nios2-elf/4.1.2/../../../../nios2-elf/lib/mno-hw-mul\libm.a
LOAD c:/altera/13.0sp1/nios2eds/bin/gnu/h-i686-mingw32/bin/../lib/gcc/nios2-elf/4.1.2/mno-hw-mul\libgcc.a
START GROUP
LOAD c:/altera/13.0sp1/nios2eds/bin/gnu/h-i686-mingw32/bin/../lib/gcc/nios2-elf/4.1.2/../../../../nios2-elf/lib/mno-hw-mul\libsmallc.a
LOAD c:/altera/13.0sp1/nios2eds/bin/gnu/h-i686-mingw32/bin/../lib/gcc/nios2-elf/4.1.2/mno-hw-mul\libgcc.a
LOAD ../Hello_Nios_app_bsp/\libhal_bsp.a
END GROUP
LOAD c:/altera/13.0sp1/nios2eds/bin/gnu/h-i686-mingw32/bin/../lib/gcc/nios2-elf/4.1.2/mno-hw-mul\libgcc.a
                0x00004000                __alt_mem_onchip_memory2_0 = 0x4000

.entry          0x00004000       0x20
 *(.entry)
 .entry         0x00004000       0x20 ../Hello_Nios_app_bsp//obj/HAL/src/crt0.o
                0x00004000                __reset

.exceptions     0x00004020        0x0
                0x00004020                PROVIDE (__ram_exceptions_start, ABSOLUTE (.))
                0x00004020                . = ALIGN (0x20)
 *(.irq)
 *(.exceptions.entry.label)
 *(.exceptions.entry.user)
 *(.exceptions.entry)
 *(.exceptions.irqtest.user)
 *(.exceptions.irqtest)
 *(.exceptions.irqhandler.user)
 *(.exceptions.irqhandler)
 *(.exceptions.irqreturn.user)
 *(.exceptions.irqreturn)
 *(.exceptions.notirq.label)
 *(.exceptions.notirq.user)
 *(.exceptions.notirq)
 *(.exceptions.soft.user)
 *(.exceptions.soft)
 *(.exceptions.unknown.user)
 *(.exceptions.unknown)
 *(.exceptions.exit.label)
 *(.exceptions.exit.user)
 *(.exceptions.exit)
 *(.exceptions)
                0x00004020                PROVIDE (__ram_exceptions_end, ABSOLUTE (.))
                0x00004020                PROVIDE (__flash_exceptions_start, LOADADDR (.exceptions))

.text           0x00004020     0x1760
                0x00004020                PROVIDE (stext, ABSOLUTE (.))
 *(.interp)
 *(.hash)
 *(.dynsym)
 *(.dynstr)
 *(.gnu.version)
 *(.gnu.version_d)
 *(.gnu.version_r)
 *(.rel.init)
 *(.rela.init)
 *(.rel.text .rel.text.* .rel.gnu.linkonce.t.*)
 *(.rela.text .rela.text.* .rela.gnu.linkonce.t.*)
 *(.rel.fini)
 *(.rela.fini)
 *(.rel.rodata .rel.rodata.* .rel.gnu.linkonce.r.*)
 *(.rela.rodata .rela.rodata.* .rela.gnu.linkonce.r.*)
 *(.rel.data .rel.data.* .rel.gnu.linkonce.d.*)
 *(.rela.data .rela.data.* .rela.gnu.linkonce.d.*)
 *(.rel.tdata .rel.tdata.* .rel.gnu.linkonce.td.*)
 *(.rela.tdata .rela.tdata.* .rela.gnu.linkonce.td.*)
 *(.rel.tbss .rel.tbss.* .rel.gnu.linkonce.tb.*)
 *(.rela.tbss .rela.tbss.* .rela.gnu.linkonce.tb.*)
 *(.rel.ctors)
 *(.rela.ctors)
 *(.rel.dtors)
 *(.rela.dtors)
 *(.rel.got)
 *(.rela.got)
 *(.rel.sdata .rel.sdata.* .rel.gnu.linkonce.s.*)
 *(.rela.sdata .rela.sdata.* .rela.gnu.linkonce.s.*)
 *(.rel.sbss .rel.sbss.* .rel.gnu.linkonce.sb.*)
 *(.rela.sbss .rela.sbss.* .rela.gnu.linkonce.sb.*)
 *(.rel.sdata2 .rel.sdata2.* .rel.gnu.linkonce.s2.*)
 *(.rela.sdata2 .rela.sdata2.* .rela.gnu.linkonce.s2.*)
 *(.rel.sbss2 .rel.sbss2.* .rel.gnu.linkonce.sb2.*)
 *(.rela.sbss2 .rela.sbss2.* .rela.gnu.linkonce.sb2.*)
 *(.rel.bss .rel.bss.* .rel.gnu.linkonce.b.*)
 *(.rela.bss .rela.bss.* .rela.gnu.linkonce.b.*)
 *(.rel.plt)
 *(.rela.plt)
 *(.rel.dyn)
 *(.init)
 *(.plt)
 *(.text .stub .text.* .gnu.linkonce.t.*)
 .text          0x00004020       0x3c ../Hello_Nios_app_bsp//obj/HAL/src/crt0.o
                0x00004020                _start
 .text          0x0000405c       0x34 obj/default/hello_world.o
                0x0000405c                main
 .text          0x00004090       0xa4 c:/altera/13.0sp1/nios2eds/bin/gnu/h-i686-mingw32/bin/../lib/gcc/nios2-elf/4.1.2/../../../../nios2-elf/lib/mno-hw-mul\libsmallc.a(lib_a-puts.o)
                0x00004090                _puts_r
                0x00004120                puts
 .text          0x00004134       0x20 c:/altera/13.0sp1/nios2eds/bin/gnu/h-i686-mingw32/bin/../lib/gcc/nios2-elf/4.1.2/../../../../nios2-elf/lib/mno-hw-mul\libsmallc.a(lib_a-strlen.o)
                0x00004134                strlen
 .text          0x00004154       0xbc c:/altera/13.0sp1/nios2eds/bin/gnu/h-i686-mingw32/bin/../lib/gcc/nios2-elf/4.1.2/../../../../nios2-elf/lib/mno-hw-mul\libsmallc.a(lib_a-fvwrite_small_dev.o)
                0x00004154                __sfvwrite_small_dev
 .text          0x00004210        0x0 c:/altera/13.0sp1/nios2eds/bin/gnu/h-i686-mingw32/bin/../lib/gcc/nios2-elf/4.1.2/../../../../nios2-elf/lib/mno-hw-mul\libsmallc.a(lib_a-impure.o)
 .text          0x00004210       0x78 c:/altera/13.0sp1/nios2eds/bin/gnu/h-i686-mingw32/bin/../lib/gcc/nios2-elf/4.1.2/../../../../nios2-elf/lib/mno-hw-mul\libsmallc.a(lib_a-writer.o)
                0x00004210                _write_r
 .text          0x00004288        0x0 c:/altera/13.0sp1/nios2eds/bin/gnu/h-i686-mingw32/bin/../lib/gcc/nios2-elf/4.1.2/../../../../nios2-elf/lib/mno-hw-mul\libsmallc.a(lib_a-int_errno.o)
 .text          0x00004288       0xec ../Hello_Nios_app_bsp/\libhal_bsp.a(alt_load.o)
                0x00004288                alt_load
 .text          0x00004374       0x6c ../Hello_Nios_app_bsp/\libhal_bsp.a(alt_main.o)
                0x00004374                alt_main
 .text          0x000043e0      0x184 ../Hello_Nios_app_bsp/\libhal_bsp.a(alt_write.o)
                0x000043e0                write
 .text          0x00004564       0x9c ../Hello_Nios_app_bsp/\libhal_bsp.a(alt_sys_init.o)
                0x00004564                alt_irq_init
                0x00004598                alt_sys_init
 .text          0x00004600       0xb0 ../Hello_Nios_app_bsp/\libhal_bsp.a(altera_avalon_jtag_uart_fd.o)
                0x00004600                altera_avalon_jtag_uart_read_fd
                0x00004658                altera_avalon_jtag_uart_write_fd
 .text          0x000046b0      0x104 ../Hello_Nios_app_bsp/\libhal_bsp.a(altera_avalon_jtag_uart_read.o)
                0x000046b0                altera_avalon_jtag_uart_read
 .text          0x000047b4       0xa4 ../Hello_Nios_app_bsp/\libhal_bsp.a(altera_avalon_jtag_uart_write.o)
                0x000047b4                altera_avalon_jtag_uart_write
 .text          0x00004858      0x160 ../Hello_Nios_app_bsp/\libhal_bsp.a(alt_close.o)
                0x00004858                close
 .text          0x000049b8       0x1c ../Hello_Nios_app_bsp/\libhal_bsp.a(alt_dcache_flush_all.o)
                0x000049b8                alt_dcache_flush_all
 .text          0x000049d4       0x2c ../Hello_Nios_app_bsp/\libhal_bsp.a(alt_dev.o)
 .text          0x00004a00      0x114 ../Hello_Nios_app_bsp/\libhal_bsp.a(alt_dev_llist_insert.o)
                0x00004a00                alt_dev_llist_insert
 .text          0x00004b14       0x64 ../Hello_Nios_app_bsp/\libhal_bsp.a(alt_do_ctors.o)
                0x00004b14                _do_ctors
 .text          0x00004b78       0x64 ../Hello_Nios_app_bsp/\libhal_bsp.a(alt_do_dtors.o)
                0x00004b78                _do_dtors
 .text          0x00004bdc        0x0 ../Hello_Nios_app_bsp/\libhal_bsp.a(alt_errno.o)
 .text          0x00004bdc       0x1c ../Hello_Nios_app_bsp/\libhal_bsp.a(alt_icache_flush_all.o)
                0x00004bdc                alt_icache_flush_all
 .text          0x00004bf8      0x150 ../Hello_Nios_app_bsp/\libhal_bsp.a(alt_io_redirect.o)
                0x00004cd0                alt_io_redirect
 .text          0x00004d48      0x2e4 ../Hello_Nios_app_bsp/\libhal_bsp.a(alt_open.o)
                0x00004e40                open
 .text          0x0000502c       0x78 ../Hello_Nios_app_bsp/\libhal_bsp.a(alt_release_fd.o)
                0x0000502c                alt_release_fd
 .text          0x000050a4       0x20 ../Hello_Nios_app_bsp/\libhal_bsp.a(altera_nios2_qsys_irq.o)
                0x000050a4                altera_nios2_qsys_irq_init
 .text          0x000050c4       0x94 ../Hello_Nios_app_bsp/\libhal_bsp.a(alt_find_dev.o)
                0x000050c4                alt_find_dev
 .text          0x00005158      0x120 ../Hello_Nios_app_bsp/\libhal_bsp.a(alt_find_file.o)
                0x00005158                alt_find_file
 .text          0x00005278       0xd0 ../Hello_Nios_app_bsp/\libhal_bsp.a(alt_get_fd.o)
                0x00005278                alt_get_fd
 .text          0x00005348       0x14 c:/altera/13.0sp1/nios2eds/bin/gnu/h-i686-mingw32/bin/../lib/gcc/nios2-elf/4.1.2/../../../../nios2-elf/lib/mno-hw-mul\libsmallc.a(lib_a-atexit.o)
                0x00005348                atexit
 .text          0x0000535c       0x20 c:/altera/13.0sp1/nios2eds/bin/gnu/h-i686-mingw32/bin/../lib/gcc/nios2-elf/4.1.2/../../../../nios2-elf/lib/mno-hw-mul\libsmallc.a(lib_a-exit.o)
                0x0000535c                exit
 .text          0x0000537c       0x3c c:/altera/13.0sp1/nios2eds/bin/gnu/h-i686-mingw32/bin/../lib/gcc/nios2-elf/4.1.2/../../../../nios2-elf/lib/mno-hw-mul\libsmallc.a(lib_a-memcmp.o)
                0x0000537c                memcmp
 .text          0x000053b8      0x16c c:/altera/13.0sp1/nios2eds/bin/gnu/h-i686-mingw32/bin/../lib/gcc/nios2-elf/4.1.2/../../../../nios2-elf/lib/mno-hw-mul\libsmallc.a(lib_a-__atexit.o)
                0x000053b8                __register_exitproc
 .text          0x00005524      0x1c0 c:/altera/13.0sp1/nios2eds/bin/gnu/h-i686-mingw32/bin/../lib/gcc/nios2-elf/4.1.2/../../../../nios2-elf/lib/mno-hw-mul\libsmallc.a(lib_a-__call_atexit.o)
                0x00005528                __call_exitprocs
 .text          0x000056e4       0x38 c:/altera/13.0sp1/nios2eds/bin/gnu/h-i686-mingw32/bin/../lib/gcc/nios2-elf/4.1.2/mno-hw-mul\libgcc.a(lib2-mul.o)
                0x000056e4                __mulsi3
 .text          0x0000571c       0x60 ../Hello_Nios_app_bsp/\libhal_bsp.a(alt_exit.o)
                0x0000575c                _exit
 *(.gnu.warning.*)
 *(.fini)
                0x0000577c                PROVIDE (__etext, ABSOLUTE (.))
                0x0000577c                PROVIDE (_etext, ABSOLUTE (.))
                0x0000577c                PROVIDE (etext, ABSOLUTE (.))
 *(.eh_frame_hdr)
                0x0000577c                . = ALIGN (0x4)
                0x0000577c                PROVIDE (__preinit_array_start, ABSOLUTE (.))
 *(.preinit_array)
                0x0000577c                PROVIDE (__preinit_array_end, ABSOLUTE (.))
                0x0000577c                PROVIDE (__init_array_start, ABSOLUTE (.))
 *(.init_array)
                0x0000577c                PROVIDE (__init_array_end, ABSOLUTE (.))
                0x0000577c                PROVIDE (__fini_array_start, ABSOLUTE (.))
 *(.fini_array)
                0x0000577c                PROVIDE (__fini_array_end, ABSOLUTE (.))
 *(.eh_frame)
 *(.gcc_except_table)
 *(.dynamic)
                0x0000577c                PROVIDE (__CTOR_LIST__, ABSOLUTE (.))
 *(.ctors)
 *(SORT(.ctors.*))
 .ctors.65535   0x0000577c        0x4 c:/altera/13.0sp1/nios2eds/bin/gnu/h-i686-mingw32/bin/../lib/gcc/nios2-elf/4.1.2/../../../../nios2-elf/lib/mno-hw-mul\libsmallc.a(lib_a-__call_atexit.o)
                0x00005780                PROVIDE (__CTOR_END__, ABSOLUTE (.))
                0x00005780                PROVIDE (__DTOR_LIST__, ABSOLUTE (.))
 *(.dtors)
 *(SORT(.dtors.*))
                0x00005780                PROVIDE (__DTOR_END__, ABSOLUTE (.))
 *(.jcr)
                0x00005780                . = ALIGN (0x4)

.rodata         0x00005780       0x4c
                0x00005780                PROVIDE (__ram_rodata_start, ABSOLUTE (.))
                0x00005780                . = ALIGN (0x4)
 *(.rodata .rodata.* .gnu.linkonce.r.*)
 .rodata        0x00005780       0x14 obj/default/hello_world.o
 .rodata.str1.4
                0x00005794        0x4 c:/altera/13.0sp1/nios2eds/bin/gnu/h-i686-mingw32/bin/../lib/gcc/nios2-elf/4.1.2/../../../../nios2-elf/lib/mno-hw-mul\libsmallc.a(lib_a-puts.o)
 .rodata        0x00005798       0x14 ../Hello_Nios_app_bsp/\libhal_bsp.a(alt_main.o)
 .rodata        0x000057ac       0x14 ../Hello_Nios_app_bsp/\libhal_bsp.a(alt_sys_init.o)
 .rodata        0x000057c0        0xc ../Hello_Nios_app_bsp/\libhal_bsp.a(alt_dev.o)
 *(.rodata1)
                0x000057cc                . = ALIGN (0x4)
                0x000057cc                PROVIDE (__ram_rodata_end, ABSOLUTE (.))
                0x00005780                PROVIDE (__flash_rodata_start, LOADADDR (.rodata))

.rwdata         0x000057cc      0x2d4 load address 0x00005aa0
                0x000057cc                PROVIDE (__ram_rwdata_start, ABSOLUTE (.))
                0x000057cc                . = ALIGN (0x4)
 *(.got.plt)
 *(.got)
 *(.data1)
 *(.data .data.* .gnu.linkonce.d.*)
 .data          0x000057cc        0x0 ../Hello_Nios_app_bsp//obj/HAL/src/crt0.o
 .data          0x000057cc        0x0 obj/default/hello_world.o
 .data          0x000057cc        0x0 c:/altera/13.0sp1/nios2eds/bin/gnu/h-i686-mingw32/bin/../lib/gcc/nios2-elf/4.1.2/../../../../nios2-elf/lib/mno-hw-mul\libsmallc.a(lib_a-puts.o)
 .data          0x000057cc        0x0 c:/altera/13.0sp1/nios2eds/bin/gnu/h-i686-mingw32/bin/../lib/gcc/nios2-elf/4.1.2/../../../../nios2-elf/lib/mno-hw-mul\libsmallc.a(lib_a-strlen.o)
 .data          0x000057cc        0x0 c:/altera/13.0sp1/nios2eds/bin/gnu/h-i686-mingw32/bin/../lib/gcc/nios2-elf/4.1.2/../../../../nios2-elf/lib/mno-hw-mul\libsmallc.a(lib_a-fvwrite_small_dev.o)
 .data          0x000057cc       0xe0 c:/altera/13.0sp1/nios2eds/bin/gnu/h-i686-mingw32/bin/../lib/gcc/nios2-elf/4.1.2/../../../../nios2-elf/lib/mno-hw-mul\libsmallc.a(lib_a-impure.o)
 .data          0x000058ac        0x0 c:/altera/13.0sp1/nios2eds/bin/gnu/h-i686-mingw32/bin/../lib/gcc/nios2-elf/4.1.2/../../../../nios2-elf/lib/mno-hw-mul\libsmallc.a(lib_a-writer.o)
 .data          0x000058ac        0x0 c:/altera/13.0sp1/nios2eds/bin/gnu/h-i686-mingw32/bin/../lib/gcc/nios2-elf/4.1.2/../../../../nios2-elf/lib/mno-hw-mul\libsmallc.a(lib_a-int_errno.o)
 .data          0x000058ac        0x0 ../Hello_Nios_app_bsp/\libhal_bsp.a(alt_load.o)
 .data          0x000058ac        0x0 ../Hello_Nios_app_bsp/\libhal_bsp.a(alt_main.o)
 .data          0x000058ac        0x0 ../Hello_Nios_app_bsp/\libhal_bsp.a(alt_write.o)
 .data          0x000058ac       0x2c ../Hello_Nios_app_bsp/\libhal_bsp.a(alt_sys_init.o)
 .data          0x000058d8        0x0 ../Hello_Nios_app_bsp/\libhal_bsp.a(altera_avalon_jtag_uart_fd.o)
 .data          0x000058d8        0x0 ../Hello_Nios_app_bsp/\libhal_bsp.a(altera_avalon_jtag_uart_read.o)
 .data          0x000058d8        0x0 ../Hello_Nios_app_bsp/\libhal_bsp.a(altera_avalon_jtag_uart_write.o)
 .data          0x000058d8        0x0 ../Hello_Nios_app_bsp/\libhal_bsp.a(alt_close.o)
 .data          0x000058d8        0x0 ../Hello_Nios_app_bsp/\libhal_bsp.a(alt_dcache_flush_all.o)
 .data          0x000058d8      0x1a8 ../Hello_Nios_app_bsp/\libhal_bsp.a(alt_dev.o)
                0x000058d8                alt_dev_null
                0x00005900                alt_fd_list
 .data          0x00005a80        0x0 ../Hello_Nios_app_bsp/\libhal_bsp.a(alt_dev_llist_insert.o)
 .data          0x00005a80        0x0 ../Hello_Nios_app_bsp/\libhal_bsp.a(alt_do_ctors.o)
 .data          0x00005a80        0x0 ../Hello_Nios_app_bsp/\libhal_bsp.a(alt_do_dtors.o)
 .data          0x00005a80        0x0 ../Hello_Nios_app_bsp/\libhal_bsp.a(alt_errno.o)
 .data          0x00005a80        0x0 ../Hello_Nios_app_bsp/\libhal_bsp.a(alt_icache_flush_all.o)
 .data          0x00005a80        0x0 ../Hello_Nios_app_bsp/\libhal_bsp.a(alt_io_redirect.o)
 .data          0x00005a80        0x0 ../Hello_Nios_app_bsp/\libhal_bsp.a(alt_open.o)
 .data          0x00005a80        0x0 ../Hello_Nios_app_bsp/\libhal_bsp.a(alt_release_fd.o)
 .data          0x00005a80        0x0 ../Hello_Nios_app_bsp/\libhal_bsp.a(altera_nios2_qsys_irq.o)
 .data          0x00005a80        0x0 ../Hello_Nios_app_bsp/\libhal_bsp.a(alt_find_dev.o)
 .data          0x00005a80        0x0 ../Hello_Nios_app_bsp/\libhal_bsp.a(alt_find_file.o)
 .data          0x00005a80        0x0 ../Hello_Nios_app_bsp/\libhal_bsp.a(alt_get_fd.o)
 .data          0x00005a80        0x0 c:/altera/13.0sp1/nios2eds/bin/gnu/h-i686-mingw32/bin/../lib/gcc/nios2-elf/4.1.2/../../../../nios2-elf/lib/mno-hw-mul\libsmallc.a(lib_a-atexit.o)
 .data          0x00005a80        0x0 c:/altera/13.0sp1/nios2eds/bin/gnu/h-i686-mingw32/bin/../lib/gcc/nios2-elf/4.1.2/../../../../nios2-elf/lib/mno-hw-mul\libsmallc.a(lib_a-exit.o)
 .data          0x00005a80        0x0 c:/altera/13.0sp1/nios2eds/bin/gnu/h-i686-mingw32/bin/../lib/gcc/nios2-elf/4.1.2/../../../../nios2-elf/lib/mno-hw-mul\libsmallc.a(lib_a-memcmp.o)
 .data          0x00005a80        0x0 c:/altera/13.0sp1/nios2eds/bin/gnu/h-i686-mingw32/bin/../lib/gcc/nios2-elf/4.1.2/../../../../nios2-elf/lib/mno-hw-mul\libsmallc.a(lib_a-__atexit.o)
 .data          0x00005a80        0x0 c:/altera/13.0sp1/nios2eds/bin/gnu/h-i686-mingw32/bin/../lib/gcc/nios2-elf/4.1.2/../../../../nios2-elf/lib/mno-hw-mul\libsmallc.a(lib_a-__call_atexit.o)
 .data          0x00005a80        0x0 c:/altera/13.0sp1/nios2eds/bin/gnu/h-i686-mingw32/bin/../lib/gcc/nios2-elf/4.1.2/mno-hw-mul\libgcc.a(lib2-mul.o)
 .data          0x00005a80        0x0 ../Hello_Nios_app_bsp/\libhal_bsp.a(alt_exit.o)
                0x0000da80                _gp = ABSOLUTE ((. + 0x8000))
                0x0000da80                PROVIDE (gp, _gp)
 *(.rwdata .rwdata.*)
 *(.sdata .sdata.* .gnu.linkonce.s.*)
 .sdata         0x00005a80        0x8 c:/altera/13.0sp1/nios2eds/bin/gnu/h-i686-mingw32/bin/../lib/gcc/nios2-elf/4.1.2/../../../../nios2-elf/lib/mno-hw-mul\libsmallc.a(lib_a-impure.o)
                0x00005a80                _impure_ptr
                0x00005a84                _global_impure_ptr
 .sdata         0x00005a88       0x14 ../Hello_Nios_app_bsp/\libhal_bsp.a(alt_dev.o)
                0x00005a88                alt_fs_list
                0x00005a90                alt_dev_list
                0x00005a98                alt_max_fd
 .sdata         0x00005a9c        0x4 ../Hello_Nios_app_bsp/\libhal_bsp.a(alt_errno.o)
                0x00005a9c                alt_errno
 *(.sdata2 .sdata2.* .gnu.linkonce.s2.*)
                0x00005aa0                . = ALIGN (0x4)
                0x00005aa0                _edata = ABSOLUTE (.)
                0x00005aa0                PROVIDE (edata, ABSOLUTE (.))
                0x00005aa0                PROVIDE (__ram_rwdata_end, ABSOLUTE (.))
                0x00005aa0                PROVIDE (__flash_rwdata_start, LOADADDR (.rwdata))

.bss            0x00005d74       0x9c
                0x00005d74                __bss_start = ABSOLUTE (.)
                0x00005d74                PROVIDE (__sbss_start, ABSOLUTE (.))
                0x00005d74                PROVIDE (___sbss_start, ABSOLUTE (.))
 *(.dynsbss)
 *(.sbss .sbss.* .gnu.linkonce.sb.*)
 .sbss          0x00005d74        0x4 c:/altera/13.0sp1/nios2eds/bin/gnu/h-i686-mingw32/bin/../lib/gcc/nios2-elf/4.1.2/../../../../nios2-elf/lib/mno-hw-mul\libsmallc.a(lib_a-int_errno.o)
                0x00005d74                errno
 .sbss          0x00005d78        0xc ../Hello_Nios_app_bsp/\libhal_bsp.a(alt_main.o)
                0x00005d78                alt_argc
                0x00005d7c                alt_argv
                0x00005d80                alt_envp
 *(.sbss2 .sbss2.* .gnu.linkonce.sb2.*)
 *(.scommon)
                0x00005d84                PROVIDE (__sbss_end, ABSOLUTE (.))
                0x00005d84                PROVIDE (___sbss_end, ABSOLUTE (.))
 *(.dynbss)
 *(.bss .bss.* .gnu.linkonce.b.*)
 .bss           0x00005d84        0x0 ../Hello_Nios_app_bsp//obj/HAL/src/crt0.o
 .bss           0x00005d84        0x0 obj/default/hello_world.o
 .bss           0x00005d84        0x0 c:/altera/13.0sp1/nios2eds/bin/gnu/h-i686-mingw32/bin/../lib/gcc/nios2-elf/4.1.2/../../../../nios2-elf/lib/mno-hw-mul\libsmallc.a(lib_a-puts.o)
 .bss           0x00005d84        0x0 c:/altera/13.0sp1/nios2eds/bin/gnu/h-i686-mingw32/bin/../lib/gcc/nios2-elf/4.1.2/../../../../nios2-elf/lib/mno-hw-mul\libsmallc.a(lib_a-strlen.o)
 .bss           0x00005d84        0x0 c:/altera/13.0sp1/nios2eds/bin/gnu/h-i686-mingw32/bin/../lib/gcc/nios2-elf/4.1.2/../../../../nios2-elf/lib/mno-hw-mul\libsmallc.a(lib_a-fvwrite_small_dev.o)
 .bss           0x00005d84        0x0 c:/altera/13.0sp1/nios2eds/bin/gnu/h-i686-mingw32/bin/../lib/gcc/nios2-elf/4.1.2/../../../../nios2-elf/lib/mno-hw-mul\libsmallc.a(lib_a-impure.o)
 .bss           0x00005d84        0x0 c:/altera/13.0sp1/nios2eds/bin/gnu/h-i686-mingw32/bin/../lib/gcc/nios2-elf/4.1.2/../../../../nios2-elf/lib/mno-hw-mul\libsmallc.a(lib_a-writer.o)
 .bss           0x00005d84        0x0 c:/altera/13.0sp1/nios2eds/bin/gnu/h-i686-mingw32/bin/../lib/gcc/nios2-elf/4.1.2/../../../../nios2-elf/lib/mno-hw-mul\libsmallc.a(lib_a-int_errno.o)
 .bss           0x00005d84        0x0 ../Hello_Nios_app_bsp/\libhal_bsp.a(alt_load.o)
 .bss           0x00005d84        0x0 ../Hello_Nios_app_bsp/\libhal_bsp.a(alt_main.o)
 .bss           0x00005d84        0x0 ../Hello_Nios_app_bsp/\libhal_bsp.a(alt_write.o)
 .bss           0x00005d84        0x0 ../Hello_Nios_app_bsp/\libhal_bsp.a(alt_sys_init.o)
 .bss           0x00005d84        0x0 ../Hello_Nios_app_bsp/\libhal_bsp.a(altera_avalon_jtag_uart_fd.o)
 .bss           0x00005d84        0x0 ../Hello_Nios_app_bsp/\libhal_bsp.a(altera_avalon_jtag_uart_read.o)
 .bss           0x00005d84        0x0 ../Hello_Nios_app_bsp/\libhal_bsp.a(altera_avalon_jtag_uart_write.o)
 .bss           0x00005d84        0x0 ../Hello_Nios_app_bsp/\libhal_bsp.a(alt_close.o)
 .bss           0x00005d84        0x0 ../Hello_Nios_app_bsp/\libhal_bsp.a(alt_dcache_flush_all.o)
 .bss           0x00005d84        0x0 ../Hello_Nios_app_bsp/\libhal_bsp.a(alt_dev.o)
 .bss           0x00005d84        0x0 ../Hello_Nios_app_bsp/\libhal_bsp.a(alt_dev_llist_insert.o)
 .bss           0x00005d84        0x0 ../Hello_Nios_app_bsp/\libhal_bsp.a(alt_do_ctors.o)
 .bss           0x00005d84        0x0 ../Hello_Nios_app_bsp/\libhal_bsp.a(alt_do_dtors.o)
 .bss           0x00005d84        0x0 ../Hello_Nios_app_bsp/\libhal_bsp.a(alt_errno.o)
 .bss           0x00005d84        0x0 ../Hello_Nios_app_bsp/\libhal_bsp.a(alt_icache_flush_all.o)
 .bss           0x00005d84        0x0 ../Hello_Nios_app_bsp/\libhal_bsp.a(alt_io_redirect.o)
 .bss           0x00005d84        0x0 ../Hello_Nios_app_bsp/\libhal_bsp.a(alt_open.o)
 .bss           0x00005d84        0x0 ../Hello_Nios_app_bsp/\libhal_bsp.a(alt_release_fd.o)
 .bss           0x00005d84        0x0 ../Hello_Nios_app_bsp/\libhal_bsp.a(altera_nios2_qsys_irq.o)
 .bss           0x00005d84        0x0 ../Hello_Nios_app_bsp/\libhal_bsp.a(alt_find_dev.o)
 .bss           0x00005d84        0x0 ../Hello_Nios_app_bsp/\libhal_bsp.a(alt_find_file.o)
 .bss           0x00005d84        0x0 ../Hello_Nios_app_bsp/\libhal_bsp.a(alt_get_fd.o)
 .bss           0x00005d84        0x0 c:/altera/13.0sp1/nios2eds/bin/gnu/h-i686-mingw32/bin/../lib/gcc/nios2-elf/4.1.2/../../../../nios2-elf/lib/mno-hw-mul\libsmallc.a(lib_a-atexit.o)
 .bss           0x00005d84        0x0 c:/altera/13.0sp1/nios2eds/bin/gnu/h-i686-mingw32/bin/../lib/gcc/nios2-elf/4.1.2/../../../../nios2-elf/lib/mno-hw-mul\libsmallc.a(lib_a-exit.o)
 .bss           0x00005d84        0x0 c:/altera/13.0sp1/nios2eds/bin/gnu/h-i686-mingw32/bin/../lib/gcc/nios2-elf/4.1.2/../../../../nios2-elf/lib/mno-hw-mul\libsmallc.a(lib_a-memcmp.o)
 .bss           0x00005d84        0x0 c:/altera/13.0sp1/nios2eds/bin/gnu/h-i686-mingw32/bin/../lib/gcc/nios2-elf/4.1.2/../../../../nios2-elf/lib/mno-hw-mul\libsmallc.a(lib_a-__atexit.o)
 .bss           0x00005d84        0x0 c:/altera/13.0sp1/nios2eds/bin/gnu/h-i686-mingw32/bin/../lib/gcc/nios2-elf/4.1.2/../../../../nios2-elf/lib/mno-hw-mul\libsmallc.a(lib_a-__call_atexit.o)
 .bss           0x00005d84        0x0 c:/altera/13.0sp1/nios2eds/bin/gnu/h-i686-mingw32/bin/../lib/gcc/nios2-elf/4.1.2/mno-hw-mul\libgcc.a(lib2-mul.o)
 .bss           0x00005d84        0x0 ../Hello_Nios_app_bsp/\libhal_bsp.a(alt_exit.o)
 *(COMMON)
 COMMON         0x00005d84       0x8c c:/altera/13.0sp1/nios2eds/bin/gnu/h-i686-mingw32/bin/../lib/gcc/nios2-elf/4.1.2/../../../../nios2-elf/lib/mno-hw-mul\libsmallc.a(lib_a-atexit.o)
                0x00005d84                _atexit0
                0x00005e10                . = ALIGN (0x4)
                0x00005e10                __bss_end = ABSOLUTE (.)

.onchip_memory2_0
                0x00005e10        0x0
                0x00005e10                PROVIDE (_alt_partition_onchip_memory2_0_start, ABSOLUTE (.))
 *(.onchip_memory2_0. onchip_memory2_0.*)
                0x00005e10                . = ALIGN (0x4)
                0x00005e10                PROVIDE (_alt_partition_onchip_memory2_0_end, ABSOLUTE (.))
                0x00005e10                _end = ABSOLUTE (.)
                0x00005e10                end = ABSOLUTE (.)
                0x00005e10                __alt_stack_base = ABSOLUTE (.)
                0x00005e10                PROVIDE (_alt_partition_onchip_memory2_0_load_addr, LOADADDR (.onchip_memory2_0))

.stab
 *(.stab)

.stabstr
 *(.stabstr)

.stab.excl
 *(.stab.excl)

.stab.exclstr
 *(.stab.exclstr)

.stab.index
 *(.stab.index)

.stab.indexstr
 *(.stab.indexstr)

.comment        0x00000000       0x26
 *(.comment)
 .comment       0x00000000       0x26 obj/default/hello_world.o
                                 0x27 (size before relaxing)
 .comment       0x00000000       0x27 c:/altera/13.0sp1/nios2eds/bin/gnu/h-i686-mingw32/bin/../lib/gcc/nios2-elf/4.1.2/../../../../nios2-elf/lib/mno-hw-mul\libsmallc.a(lib_a-puts.o)
 .comment       0x00000000       0x27 c:/altera/13.0sp1/nios2eds/bin/gnu/h-i686-mingw32/bin/../lib/gcc/nios2-elf/4.1.2/../../../../nios2-elf/lib/mno-hw-mul\libsmallc.a(lib_a-strlen.o)
 .comment       0x00000000       0x27 c:/altera/13.0sp1/nios2eds/bin/gnu/h-i686-mingw32/bin/../lib/gcc/nios2-elf/4.1.2/../../../../nios2-elf/lib/mno-hw-mul\libsmallc.a(lib_a-fvwrite_small_dev.o)
 .comment       0x00000000       0x27 c:/altera/13.0sp1/nios2eds/bin/gnu/h-i686-mingw32/bin/../lib/gcc/nios2-elf/4.1.2/../../../../nios2-elf/lib/mno-hw-mul\libsmallc.a(lib_a-impure.o)
 .comment       0x00000000       0x27 c:/altera/13.0sp1/nios2eds/bin/gnu/h-i686-mingw32/bin/../lib/gcc/nios2-elf/4.1.2/../../../../nios2-elf/lib/mno-hw-mul\libsmallc.a(lib_a-writer.o)
 .comment       0x00000000       0x27 c:/altera/13.0sp1/nios2eds/bin/gnu/h-i686-mingw32/bin/../lib/gcc/nios2-elf/4.1.2/../../../../nios2-elf/lib/mno-hw-mul\libsmallc.a(lib_a-int_errno.o)
 .comment       0x00000000       0x27 ../Hello_Nios_app_bsp/\libhal_bsp.a(alt_load.o)
 .comment       0x00000000       0x27 ../Hello_Nios_app_bsp/\libhal_bsp.a(alt_main.o)
 .comment       0x00000000       0x27 ../Hello_Nios_app_bsp/\libhal_bsp.a(alt_write.o)
 .comment       0x00000000       0x27 ../Hello_Nios_app_bsp/\libhal_bsp.a(alt_sys_init.o)
 .comment       0x00000000       0x27 ../Hello_Nios_app_bsp/\libhal_bsp.a(altera_avalon_jtag_uart_fd.o)
 .comment       0x00000000       0x27 ../Hello_Nios_app_bsp/\libhal_bsp.a(altera_avalon_jtag_uart_read.o)
 .comment       0x00000000       0x27 ../Hello_Nios_app_bsp/\libhal_bsp.a(altera_avalon_jtag_uart_write.o)
 .comment       0x00000000       0x27 ../Hello_Nios_app_bsp/\libhal_bsp.a(alt_close.o)
 .comment       0x00000000       0x27 ../Hello_Nios_app_bsp/\libhal_bsp.a(alt_dcache_flush_all.o)
 .comment       0x00000000       0x27 ../Hello_Nios_app_bsp/\libhal_bsp.a(alt_dev.o)
 .comment       0x00000000       0x27 ../Hello_Nios_app_bsp/\libhal_bsp.a(alt_dev_llist_insert.o)
 .comment       0x00000000       0x27 ../Hello_Nios_app_bsp/\libhal_bsp.a(alt_do_ctors.o)
 .comment       0x00000000       0x27 ../Hello_Nios_app_bsp/\libhal_bsp.a(alt_do_dtors.o)
 .comment       0x00000000       0x27 ../Hello_Nios_app_bsp/\libhal_bsp.a(alt_errno.o)
 .comment       0x00000000       0x27 ../Hello_Nios_app_bsp/\libhal_bsp.a(alt_icache_flush_all.o)
 .comment       0x00000000       0x27 ../Hello_Nios_app_bsp/\libhal_bsp.a(alt_io_redirect.o)
 .comment       0x00000000       0x27 ../Hello_Nios_app_bsp/\libhal_bsp.a(alt_open.o)
 .comment       0x00000000       0x27 ../Hello_Nios_app_bsp/\libhal_bsp.a(alt_release_fd.o)
 .comment       0x00000000       0x27 ../Hello_Nios_app_bsp/\libhal_bsp.a(altera_nios2_qsys_irq.o)
 .comment       0x00000000       0x27 ../Hello_Nios_app_bsp/\libhal_bsp.a(alt_find_dev.o)
 .comment       0x00000000       0x27 ../Hello_Nios_app_bsp/\libhal_bsp.a(alt_find_file.o)
 .comment       0x00000000       0x27 ../Hello_Nios_app_bsp/\libhal_bsp.a(alt_get_fd.o)
 .comment       0x00000000       0x27 c:/altera/13.0sp1/nios2eds/bin/gnu/h-i686-mingw32/bin/../lib/gcc/nios2-elf/4.1.2/../../../../nios2-elf/lib/mno-hw-mul\libsmallc.a(lib_a-atexit.o)
 .comment       0x00000000       0x27 c:/altera/13.0sp1/nios2eds/bin/gnu/h-i686-mingw32/bin/../lib/gcc/nios2-elf/4.1.2/../../../../nios2-elf/lib/mno-hw-mul\libsmallc.a(lib_a-exit.o)
 .comment       0x00000000       0x27 c:/altera/13.0sp1/nios2eds/bin/gnu/h-i686-mingw32/bin/../lib/gcc/nios2-elf/4.1.2/../../../../nios2-elf/lib/mno-hw-mul\libsmallc.a(lib_a-memcmp.o)
 .comment       0x00000000       0x27 c:/altera/13.0sp1/nios2eds/bin/gnu/h-i686-mingw32/bin/../lib/gcc/nios2-elf/4.1.2/../../../../nios2-elf/lib/mno-hw-mul\libsmallc.a(lib_a-__atexit.o)
 .comment       0x00000000       0x27 c:/altera/13.0sp1/nios2eds/bin/gnu/h-i686-mingw32/bin/../lib/gcc/nios2-elf/4.1.2/../../../../nios2-elf/lib/mno-hw-mul\libsmallc.a(lib_a-__call_atexit.o)
 .comment       0x00000000       0x27 c:/altera/13.0sp1/nios2eds/bin/gnu/h-i686-mingw32/bin/../lib/gcc/nios2-elf/4.1.2/mno-hw-mul\libgcc.a(lib2-mul.o)
 .comment       0x00000000       0x27 ../Hello_Nios_app_bsp/\libhal_bsp.a(alt_exit.o)

.debug
 *(.debug)

.line
 *(.line)

.debug_srcinfo
 *(.debug_srcinfo)

.debug_sfnames
 *(.debug_sfnames)

.debug_aranges  0x00000000      0x448
 *(.debug_aranges)
 .debug_aranges
                0x00000000       0x28 ../Hello_Nios_app_bsp//obj/HAL/src/crt0.o
 .debug_aranges
                0x00000028       0x20 obj/default/hello_world.o
 .debug_aranges
                0x00000048       0x20 c:/altera/13.0sp1/nios2eds/bin/gnu/h-i686-mingw32/bin/../lib/gcc/nios2-elf/4.1.2/../../../../nios2-elf/lib/mno-hw-mul\libsmallc.a(lib_a-puts.o)
 .debug_aranges
                0x00000068       0x20 c:/altera/13.0sp1/nios2eds/bin/gnu/h-i686-mingw32/bin/../lib/gcc/nios2-elf/4.1.2/../../../../nios2-elf/lib/mno-hw-mul\libsmallc.a(lib_a-strlen.o)
 .debug_aranges
                0x00000088       0x20 c:/altera/13.0sp1/nios2eds/bin/gnu/h-i686-mingw32/bin/../lib/gcc/nios2-elf/4.1.2/../../../../nios2-elf/lib/mno-hw-mul\libsmallc.a(lib_a-fvwrite_small_dev.o)
 .debug_aranges
                0x000000a8       0x20 c:/altera/13.0sp1/nios2eds/bin/gnu/h-i686-mingw32/bin/../lib/gcc/nios2-elf/4.1.2/../../../../nios2-elf/lib/mno-hw-mul\libsmallc.a(lib_a-writer.o)
 .debug_aranges
                0x000000c8       0x20 ../Hello_Nios_app_bsp/\libhal_bsp.a(alt_load.o)
 .debug_aranges
                0x000000e8       0x20 ../Hello_Nios_app_bsp/\libhal_bsp.a(alt_main.o)
 .debug_aranges
                0x00000108       0x20 ../Hello_Nios_app_bsp/\libhal_bsp.a(alt_write.o)
 .debug_aranges
                0x00000128       0x20 ../Hello_Nios_app_bsp/\libhal_bsp.a(alt_sys_init.o)
 .debug_aranges
                0x00000148       0x20 ../Hello_Nios_app_bsp/\libhal_bsp.a(altera_avalon_jtag_uart_fd.o)
 .debug_aranges
                0x00000168       0x20 ../Hello_Nios_app_bsp/\libhal_bsp.a(altera_avalon_jtag_uart_read.o)
 .debug_aranges
                0x00000188       0x20 ../Hello_Nios_app_bsp/\libhal_bsp.a(altera_avalon_jtag_uart_write.o)
 .debug_aranges
                0x000001a8       0x20 ../Hello_Nios_app_bsp/\libhal_bsp.a(alt_close.o)
 .debug_aranges
                0x000001c8       0x20 ../Hello_Nios_app_bsp/\libhal_bsp.a(alt_dcache_flush_all.o)
 .debug_aranges
                0x000001e8       0x20 ../Hello_Nios_app_bsp/\libhal_bsp.a(alt_dev.o)
 .debug_aranges
                0x00000208       0x20 ../Hello_Nios_app_bsp/\libhal_bsp.a(alt_dev_llist_insert.o)
 .debug_aranges
                0x00000228       0x20 ../Hello_Nios_app_bsp/\libhal_bsp.a(alt_do_ctors.o)
 .debug_aranges
                0x00000248       0x20 ../Hello_Nios_app_bsp/\libhal_bsp.a(alt_do_dtors.o)
 .debug_aranges
                0x00000268       0x20 ../Hello_Nios_app_bsp/\libhal_bsp.a(alt_icache_flush_all.o)
 .debug_aranges
                0x00000288       0x20 ../Hello_Nios_app_bsp/\libhal_bsp.a(alt_io_redirect.o)
 .debug_aranges
                0x000002a8       0x20 ../Hello_Nios_app_bsp/\libhal_bsp.a(alt_open.o)
 .debug_aranges
                0x000002c8       0x20 ../Hello_Nios_app_bsp/\libhal_bsp.a(alt_release_fd.o)
 .debug_aranges
                0x000002e8       0x20 ../Hello_Nios_app_bsp/\libhal_bsp.a(altera_nios2_qsys_irq.o)
 .debug_aranges
                0x00000308       0x20 ../Hello_Nios_app_bsp/\libhal_bsp.a(alt_find_dev.o)
 .debug_aranges
                0x00000328       0x20 ../Hello_Nios_app_bsp/\libhal_bsp.a(alt_find_file.o)
 .debug_aranges
                0x00000348       0x20 ../Hello_Nios_app_bsp/\libhal_bsp.a(alt_get_fd.o)
 .debug_aranges
                0x00000368       0x20 c:/altera/13.0sp1/nios2eds/bin/gnu/h-i686-mingw32/bin/../lib/gcc/nios2-elf/4.1.2/../../../../nios2-elf/lib/mno-hw-mul\libsmallc.a(lib_a-atexit.o)
 .debug_aranges
                0x00000388       0x20 c:/altera/13.0sp1/nios2eds/bin/gnu/h-i686-mingw32/bin/../lib/gcc/nios2-elf/4.1.2/../../../../nios2-elf/lib/mno-hw-mul\libsmallc.a(lib_a-exit.o)
 .debug_aranges
                0x000003a8       0x20 c:/altera/13.0sp1/nios2eds/bin/gnu/h-i686-mingw32/bin/../lib/gcc/nios2-elf/4.1.2/../../../../nios2-elf/lib/mno-hw-mul\libsmallc.a(lib_a-memcmp.o)
 .debug_aranges
                0x000003c8       0x20 c:/altera/13.0sp1/nios2eds/bin/gnu/h-i686-mingw32/bin/../lib/gcc/nios2-elf/4.1.2/../../../../nios2-elf/lib/mno-hw-mul\libsmallc.a(lib_a-__atexit.o)
 .debug_aranges
                0x000003e8       0x20 c:/altera/13.0sp1/nios2eds/bin/gnu/h-i686-mingw32/bin/../lib/gcc/nios2-elf/4.1.2/../../../../nios2-elf/lib/mno-hw-mul\libsmallc.a(lib_a-__call_atexit.o)
 .debug_aranges
                0x00000408       0x20 c:/altera/13.0sp1/nios2eds/bin/gnu/h-i686-mingw32/bin/../lib/gcc/nios2-elf/4.1.2/mno-hw-mul\libgcc.a(lib2-mul.o)
 .debug_aranges
                0x00000428       0x20 ../Hello_Nios_app_bsp/\libhal_bsp.a(alt_exit.o)

.debug_pubnames
                0x00000000      0x5c2
 *(.debug_pubnames)
 .debug_pubnames
                0x00000000       0x1b obj/default/hello_world.o
 .debug_pubnames
                0x0000001b       0x27 c:/altera/13.0sp1/nios2eds/bin/gnu/h-i686-mingw32/bin/../lib/gcc/nios2-elf/4.1.2/../../../../nios2-elf/lib/mno-hw-mul\libsmallc.a(lib_a-puts.o)
 .debug_pubnames
                0x00000042       0x1d c:/altera/13.0sp1/nios2eds/bin/gnu/h-i686-mingw32/bin/../lib/gcc/nios2-elf/4.1.2/../../../../nios2-elf/lib/mno-hw-mul\libsmallc.a(lib_a-strlen.o)
 .debug_pubnames
                0x0000005f       0x2b c:/altera/13.0sp1/nios2eds/bin/gnu/h-i686-mingw32/bin/../lib/gcc/nios2-elf/4.1.2/../../../../nios2-elf/lib/mno-hw-mul\libsmallc.a(lib_a-fvwrite_small_dev.o)
 .debug_pubnames
                0x0000008a       0x39 c:/altera/13.0sp1/nios2eds/bin/gnu/h-i686-mingw32/bin/../lib/gcc/nios2-elf/4.1.2/../../../../nios2-elf/lib/mno-hw-mul\libsmallc.a(lib_a-impure.o)
 .debug_pubnames
                0x000000c3       0x1f c:/altera/13.0sp1/nios2eds/bin/gnu/h-i686-mingw32/bin/../lib/gcc/nios2-elf/4.1.2/../../../../nios2-elf/lib/mno-hw-mul\libsmallc.a(lib_a-writer.o)
 .debug_pubnames
                0x000000e2       0x1c c:/altera/13.0sp1/nios2eds/bin/gnu/h-i686-mingw32/bin/../lib/gcc/nios2-elf/4.1.2/../../../../nios2-elf/lib/mno-hw-mul\libsmallc.a(lib_a-int_errno.o)
 .debug_pubnames
                0x000000fe       0x1f ../Hello_Nios_app_bsp/\libhal_bsp.a(alt_load.o)
 .debug_pubnames
                0x0000011d       0x46 ../Hello_Nios_app_bsp/\libhal_bsp.a(alt_main.o)
 .debug_pubnames
                0x00000163       0x1c ../Hello_Nios_app_bsp/\libhal_bsp.a(alt_write.o)
 .debug_pubnames
                0x0000017f       0x34 ../Hello_Nios_app_bsp/\libhal_bsp.a(alt_sys_init.o)
 .debug_pubnames
                0x000001b3       0x5b ../Hello_Nios_app_bsp/\libhal_bsp.a(altera_avalon_jtag_uart_fd.o)
 .debug_pubnames
                0x0000020e       0x33 ../Hello_Nios_app_bsp/\libhal_bsp.a(altera_avalon_jtag_uart_read.o)
 .debug_pubnames
                0x00000241       0x34 ../Hello_Nios_app_bsp/\libhal_bsp.a(altera_avalon_jtag_uart_write.o)
 .debug_pubnames
                0x00000275       0x1c ../Hello_Nios_app_bsp/\libhal_bsp.a(alt_close.o)
 .debug_pubnames
                0x00000291       0x2b ../Hello_Nios_app_bsp/\libhal_bsp.a(alt_dcache_flush_all.o)
 .debug_pubnames
                0x000002bc       0x63 ../Hello_Nios_app_bsp/\libhal_bsp.a(alt_dev.o)
 .debug_pubnames
                0x0000031f       0x2b ../Hello_Nios_app_bsp/\libhal_bsp.a(alt_dev_llist_insert.o)
 .debug_pubnames
                0x0000034a       0x20 ../Hello_Nios_app_bsp/\libhal_bsp.a(alt_do_ctors.o)
 .debug_pubnames
                0x0000036a       0x20 ../Hello_Nios_app_bsp/\libhal_bsp.a(alt_do_dtors.o)
 .debug_pubnames
                0x0000038a       0x20 ../Hello_Nios_app_bsp/\libhal_bsp.a(alt_errno.o)
 .debug_pubnames
                0x000003aa       0x2b ../Hello_Nios_app_bsp/\libhal_bsp.a(alt_icache_flush_all.o)
 .debug_pubnames
                0x000003d5       0x26 ../Hello_Nios_app_bsp/\libhal_bsp.a(alt_io_redirect.o)
 .debug_pubnames
                0x000003fb       0x1b ../Hello_Nios_app_bsp/\libhal_bsp.a(alt_open.o)
 .debug_pubnames
                0x00000416       0x25 ../Hello_Nios_app_bsp/\libhal_bsp.a(alt_release_fd.o)
 .debug_pubnames
                0x0000043b       0x31 ../Hello_Nios_app_bsp/\libhal_bsp.a(altera_nios2_qsys_irq.o)
 .debug_pubnames
                0x0000046c       0x23 ../Hello_Nios_app_bsp/\libhal_bsp.a(alt_find_dev.o)
 .debug_pubnames
                0x0000048f       0x24 ../Hello_Nios_app_bsp/\libhal_bsp.a(alt_find_file.o)
 .debug_pubnames
                0x000004b3       0x21 ../Hello_Nios_app_bsp/\libhal_bsp.a(alt_get_fd.o)
 .debug_pubnames
                0x000004d4       0x2a c:/altera/13.0sp1/nios2eds/bin/gnu/h-i686-mingw32/bin/../lib/gcc/nios2-elf/4.1.2/../../../../nios2-elf/lib/mno-hw-mul\libsmallc.a(lib_a-atexit.o)
 .debug_pubnames
                0x000004fe       0x1b c:/altera/13.0sp1/nios2eds/bin/gnu/h-i686-mingw32/bin/../lib/gcc/nios2-elf/4.1.2/../../../../nios2-elf/lib/mno-hw-mul\libsmallc.a(lib_a-exit.o)
 .debug_pubnames
                0x00000519       0x1d c:/altera/13.0sp1/nios2eds/bin/gnu/h-i686-mingw32/bin/../lib/gcc/nios2-elf/4.1.2/../../../../nios2-elf/lib/mno-hw-mul\libsmallc.a(lib_a-memcmp.o)
 .debug_pubnames
                0x00000536       0x2a c:/altera/13.0sp1/nios2eds/bin/gnu/h-i686-mingw32/bin/../lib/gcc/nios2-elf/4.1.2/../../../../nios2-elf/lib/mno-hw-mul\libsmallc.a(lib_a-__atexit.o)
 .debug_pubnames
                0x00000560       0x27 c:/altera/13.0sp1/nios2eds/bin/gnu/h-i686-mingw32/bin/../lib/gcc/nios2-elf/4.1.2/../../../../nios2-elf/lib/mno-hw-mul\libsmallc.a(lib_a-__call_atexit.o)
 .debug_pubnames
                0x00000587       0x1f c:/altera/13.0sp1/nios2eds/bin/gnu/h-i686-mingw32/bin/../lib/gcc/nios2-elf/4.1.2/mno-hw-mul\libgcc.a(lib2-mul.o)
 .debug_pubnames
                0x000005a6       0x1c ../Hello_Nios_app_bsp/\libhal_bsp.a(alt_exit.o)

.debug_info     0x00000000     0x7eac
 *(.debug_info .gnu.linkonce.wi.*)
 .debug_info    0x00000000       0x85 ../Hello_Nios_app_bsp//obj/HAL/src/crt0.o
 .debug_info    0x00000085      0x144 obj/default/hello_world.o
 .debug_info    0x000001c9      0x685 c:/altera/13.0sp1/nios2eds/bin/gnu/h-i686-mingw32/bin/../lib/gcc/nios2-elf/4.1.2/../../../../nios2-elf/lib/mno-hw-mul\libsmallc.a(lib_a-puts.o)
 .debug_info    0x0000084e       0xc2 c:/altera/13.0sp1/nios2eds/bin/gnu/h-i686-mingw32/bin/../lib/gcc/nios2-elf/4.1.2/../../../../nios2-elf/lib/mno-hw-mul\libsmallc.a(lib_a-strlen.o)
 .debug_info    0x00000910      0x68e c:/altera/13.0sp1/nios2eds/bin/gnu/h-i686-mingw32/bin/../lib/gcc/nios2-elf/4.1.2/../../../../nios2-elf/lib/mno-hw-mul\libsmallc.a(lib_a-fvwrite_small_dev.o)
 .debug_info    0x00000f9e      0x636 c:/altera/13.0sp1/nios2eds/bin/gnu/h-i686-mingw32/bin/../lib/gcc/nios2-elf/4.1.2/../../../../nios2-elf/lib/mno-hw-mul\libsmallc.a(lib_a-impure.o)
 .debug_info    0x000015d4      0x68c c:/altera/13.0sp1/nios2eds/bin/gnu/h-i686-mingw32/bin/../lib/gcc/nios2-elf/4.1.2/../../../../nios2-elf/lib/mno-hw-mul\libsmallc.a(lib_a-writer.o)
 .debug_info    0x00001c60       0x8c c:/altera/13.0sp1/nios2eds/bin/gnu/h-i686-mingw32/bin/../lib/gcc/nios2-elf/4.1.2/../../../../nios2-elf/lib/mno-hw-mul\libsmallc.a(lib_a-int_errno.o)
 .debug_info    0x00001cec      0x297 ../Hello_Nios_app_bsp/\libhal_bsp.a(alt_load.o)
 .debug_info    0x00001f83      0x22f ../Hello_Nios_app_bsp/\libhal_bsp.a(alt_main.o)
 .debug_info    0x000021b2      0x69d ../Hello_Nios_app_bsp/\libhal_bsp.a(alt_write.o)
 .debug_info    0x0000284f      0x583 ../Hello_Nios_app_bsp/\libhal_bsp.a(alt_sys_init.o)
 .debug_info    0x00002dd2      0x5c3 ../Hello_Nios_app_bsp/\libhal_bsp.a(altera_avalon_jtag_uart_fd.o)
 .debug_info    0x00003395      0x313 ../Hello_Nios_app_bsp/\libhal_bsp.a(altera_avalon_jtag_uart_read.o)
 .debug_info    0x000036a8      0x2f0 ../Hello_Nios_app_bsp/\libhal_bsp.a(altera_avalon_jtag_uart_write.o)
 .debug_info    0x00003998      0x471 ../Hello_Nios_app_bsp/\libhal_bsp.a(alt_close.o)
 .debug_info    0x00003e09      0x166 ../Hello_Nios_app_bsp/\libhal_bsp.a(alt_dcache_flush_all.o)
 .debug_info    0x00003f6f      0x689 ../Hello_Nios_app_bsp/\libhal_bsp.a(alt_dev.o)
 .debug_info    0x000045f8      0x2c1 ../Hello_Nios_app_bsp/\libhal_bsp.a(alt_dev_llist_insert.o)
 .debug_info    0x000048b9      0x119 ../Hello_Nios_app_bsp/\libhal_bsp.a(alt_do_ctors.o)
 .debug_info    0x000049d2      0x118 ../Hello_Nios_app_bsp/\libhal_bsp.a(alt_do_dtors.o)
 .debug_info    0x00004aea      0x16e ../Hello_Nios_app_bsp/\libhal_bsp.a(alt_errno.o)
 .debug_info    0x00004c58      0x166 ../Hello_Nios_app_bsp/\libhal_bsp.a(alt_icache_flush_all.o)
 .debug_info    0x00004dbe      0x69f ../Hello_Nios_app_bsp/\libhal_bsp.a(alt_io_redirect.o)
 .debug_info    0x0000545d      0x52f ../Hello_Nios_app_bsp/\libhal_bsp.a(alt_open.o)
 .debug_info    0x0000598c      0x3fc ../Hello_Nios_app_bsp/\libhal_bsp.a(alt_release_fd.o)
 .debug_info    0x00005d88      0x16d ../Hello_Nios_app_bsp/\libhal_bsp.a(altera_nios2_qsys_irq.o)
 .debug_info    0x00005ef5      0x422 ../Hello_Nios_app_bsp/\libhal_bsp.a(alt_find_dev.o)
 .debug_info    0x00006317      0x429 ../Hello_Nios_app_bsp/\libhal_bsp.a(alt_find_file.o)
 .debug_info    0x00006740      0x46a ../Hello_Nios_app_bsp/\libhal_bsp.a(alt_get_fd.o)
 .debug_info    0x00006baa      0x186 c:/altera/13.0sp1/nios2eds/bin/gnu/h-i686-mingw32/bin/../lib/gcc/nios2-elf/4.1.2/../../../../nios2-elf/lib/mno-hw-mul\libsmallc.a(lib_a-atexit.o)
 .debug_info    0x00006d30       0x9f c:/altera/13.0sp1/nios2eds/bin/gnu/h-i686-mingw32/bin/../lib/gcc/nios2-elf/4.1.2/../../../../nios2-elf/lib/mno-hw-mul\libsmallc.a(lib_a-exit.o)
 .debug_info    0x00006dcf       0xef c:/altera/13.0sp1/nios2eds/bin/gnu/h-i686-mingw32/bin/../lib/gcc/nios2-elf/4.1.2/../../../../nios2-elf/lib/mno-hw-mul\libsmallc.a(lib_a-memcmp.o)
 .debug_info    0x00006ebe      0x68f c:/altera/13.0sp1/nios2eds/bin/gnu/h-i686-mingw32/bin/../lib/gcc/nios2-elf/4.1.2/../../../../nios2-elf/lib/mno-hw-mul\libsmallc.a(lib_a-__atexit.o)
 .debug_info    0x0000754d      0x6d5 c:/altera/13.0sp1/nios2eds/bin/gnu/h-i686-mingw32/bin/../lib/gcc/nios2-elf/4.1.2/../../../../nios2-elf/lib/mno-hw-mul\libsmallc.a(lib_a-__call_atexit.o)
 .debug_info    0x00007c22       0xf3 c:/altera/13.0sp1/nios2eds/bin/gnu/h-i686-mingw32/bin/../lib/gcc/nios2-elf/4.1.2/mno-hw-mul\libgcc.a(lib2-mul.o)
 .debug_info    0x00007d15      0x197 ../Hello_Nios_app_bsp/\libhal_bsp.a(alt_exit.o)

.debug_abbrev   0x00000000     0x1c33
 *(.debug_abbrev)
 .debug_abbrev  0x00000000       0x12 ../Hello_Nios_app_bsp//obj/HAL/src/crt0.o
 .debug_abbrev  0x00000012       0x3f obj/default/hello_world.o
 .debug_abbrev  0x00000051      0x180 c:/altera/13.0sp1/nios2eds/bin/gnu/h-i686-mingw32/bin/../lib/gcc/nios2-elf/4.1.2/../../../../nios2-elf/lib/mno-hw-mul\libsmallc.a(lib_a-puts.o)
 .debug_abbrev  0x000001d1       0x7a c:/altera/13.0sp1/nios2eds/bin/gnu/h-i686-mingw32/bin/../lib/gcc/nios2-elf/4.1.2/../../../../nios2-elf/lib/mno-hw-mul\libsmallc.a(lib_a-strlen.o)
 .debug_abbrev  0x0000024b      0x179 c:/altera/13.0sp1/nios2eds/bin/gnu/h-i686-mingw32/bin/../lib/gcc/nios2-elf/4.1.2/../../../../nios2-elf/lib/mno-hw-mul\libsmallc.a(lib_a-fvwrite_small_dev.o)
 .debug_abbrev  0x000003c4      0x13f c:/altera/13.0sp1/nios2eds/bin/gnu/h-i686-mingw32/bin/../lib/gcc/nios2-elf/4.1.2/../../../../nios2-elf/lib/mno-hw-mul\libsmallc.a(lib_a-impure.o)
 .debug_abbrev  0x00000503      0x16c c:/altera/13.0sp1/nios2eds/bin/gnu/h-i686-mingw32/bin/../lib/gcc/nios2-elf/4.1.2/../../../../nios2-elf/lib/mno-hw-mul\libsmallc.a(lib_a-writer.o)
 .debug_abbrev  0x0000066f       0x3b c:/altera/13.0sp1/nios2eds/bin/gnu/h-i686-mingw32/bin/../lib/gcc/nios2-elf/4.1.2/../../../../nios2-elf/lib/mno-hw-mul\libsmallc.a(lib_a-int_errno.o)
 .debug_abbrev  0x000006aa       0x88 ../Hello_Nios_app_bsp/\libhal_bsp.a(alt_load.o)
 .debug_abbrev  0x00000732       0xb7 ../Hello_Nios_app_bsp/\libhal_bsp.a(alt_main.o)
 .debug_abbrev  0x000007e9      0x100 ../Hello_Nios_app_bsp/\libhal_bsp.a(alt_write.o)
 .debug_abbrev  0x000008e9      0x121 ../Hello_Nios_app_bsp/\libhal_bsp.a(alt_sys_init.o)
 .debug_abbrev  0x00000a0a       0xcb ../Hello_Nios_app_bsp/\libhal_bsp.a(altera_avalon_jtag_uart_fd.o)
 .debug_abbrev  0x00000ad5       0xb6 ../Hello_Nios_app_bsp/\libhal_bsp.a(altera_avalon_jtag_uart_read.o)
 .debug_abbrev  0x00000b8b       0xb4 ../Hello_Nios_app_bsp/\libhal_bsp.a(altera_avalon_jtag_uart_write.o)
 .debug_abbrev  0x00000c3f       0xfb ../Hello_Nios_app_bsp/\libhal_bsp.a(alt_close.o)
 .debug_abbrev  0x00000d3a       0x3f ../Hello_Nios_app_bsp/\libhal_bsp.a(alt_dcache_flush_all.o)
 .debug_abbrev  0x00000d79       0xc7 ../Hello_Nios_app_bsp/\libhal_bsp.a(alt_dev.o)
 .debug_abbrev  0x00000e40       0xf6 ../Hello_Nios_app_bsp/\libhal_bsp.a(alt_dev_llist_insert.o)
 .debug_abbrev  0x00000f36       0x76 ../Hello_Nios_app_bsp/\libhal_bsp.a(alt_do_ctors.o)
 .debug_abbrev  0x00000fac       0x76 ../Hello_Nios_app_bsp/\libhal_bsp.a(alt_do_dtors.o)
 .debug_abbrev  0x00001022       0x5e ../Hello_Nios_app_bsp/\libhal_bsp.a(alt_errno.o)
 .debug_abbrev  0x00001080       0x3f ../Hello_Nios_app_bsp/\libhal_bsp.a(alt_icache_flush_all.o)
 .debug_abbrev  0x000010bf       0xf0 ../Hello_Nios_app_bsp/\libhal_bsp.a(alt_io_redirect.o)
 .debug_abbrev  0x000011af      0x112 ../Hello_Nios_app_bsp/\libhal_bsp.a(alt_open.o)
 .debug_abbrev  0x000012c1       0xc1 ../Hello_Nios_app_bsp/\libhal_bsp.a(alt_release_fd.o)
 .debug_abbrev  0x00001382       0x3f ../Hello_Nios_app_bsp/\libhal_bsp.a(altera_nios2_qsys_irq.o)
 .debug_abbrev  0x000013c1       0xcf ../Hello_Nios_app_bsp/\libhal_bsp.a(alt_find_dev.o)
 .debug_abbrev  0x00001490       0xcf ../Hello_Nios_app_bsp/\libhal_bsp.a(alt_find_file.o)
 .debug_abbrev  0x0000155f       0xfb ../Hello_Nios_app_bsp/\libhal_bsp.a(alt_get_fd.o)
 .debug_abbrev  0x0000165a       0xc6 c:/altera/13.0sp1/nios2eds/bin/gnu/h-i686-mingw32/bin/../lib/gcc/nios2-elf/4.1.2/../../../../nios2-elf/lib/mno-hw-mul\libsmallc.a(lib_a-atexit.o)
 .debug_abbrev  0x00001720       0x4e c:/altera/13.0sp1/nios2eds/bin/gnu/h-i686-mingw32/bin/../lib/gcc/nios2-elf/4.1.2/../../../../nios2-elf/lib/mno-hw-mul\libsmallc.a(lib_a-exit.o)
 .debug_abbrev  0x0000176e       0x7c c:/altera/13.0sp1/nios2eds/bin/gnu/h-i686-mingw32/bin/../lib/gcc/nios2-elf/4.1.2/../../../../nios2-elf/lib/mno-hw-mul\libsmallc.a(lib_a-memcmp.o)
 .debug_abbrev  0x000017ea      0x196 c:/altera/13.0sp1/nios2eds/bin/gnu/h-i686-mingw32/bin/../lib/gcc/nios2-elf/4.1.2/../../../../nios2-elf/lib/mno-hw-mul\libsmallc.a(lib_a-__atexit.o)
 .debug_abbrev  0x00001980      0x1c6 c:/altera/13.0sp1/nios2eds/bin/gnu/h-i686-mingw32/bin/../lib/gcc/nios2-elf/4.1.2/../../../../nios2-elf/lib/mno-hw-mul\libsmallc.a(lib_a-__call_atexit.o)
 .debug_abbrev  0x00001b46       0x7b c:/altera/13.0sp1/nios2eds/bin/gnu/h-i686-mingw32/bin/../lib/gcc/nios2-elf/4.1.2/mno-hw-mul\libgcc.a(lib2-mul.o)
 .debug_abbrev  0x00001bc1       0x72 ../Hello_Nios_app_bsp/\libhal_bsp.a(alt_exit.o)

.debug_line     0x00000000     0x50ab
 *(.debug_line)
 .debug_line    0x00000000       0x66 ../Hello_Nios_app_bsp//obj/HAL/src/crt0.o
 .debug_line    0x00000066      0x1ca obj/default/hello_world.o
 .debug_line    0x00000230      0x2b2 c:/altera/13.0sp1/nios2eds/bin/gnu/h-i686-mingw32/bin/../lib/gcc/nios2-elf/4.1.2/../../../../nios2-elf/lib/mno-hw-mul\libsmallc.a(lib_a-puts.o)
 .debug_line    0x000004e2      0x250 c:/altera/13.0sp1/nios2eds/bin/gnu/h-i686-mingw32/bin/../lib/gcc/nios2-elf/4.1.2/../../../../nios2-elf/lib/mno-hw-mul\libsmallc.a(lib_a-strlen.o)
 .debug_line    0x00000732      0x2a9 c:/altera/13.0sp1/nios2eds/bin/gnu/h-i686-mingw32/bin/../lib/gcc/nios2-elf/4.1.2/../../../../nios2-elf/lib/mno-hw-mul\libsmallc.a(lib_a-fvwrite_small_dev.o)
 .debug_line    0x000009db      0x230 c:/altera/13.0sp1/nios2eds/bin/gnu/h-i686-mingw32/bin/../lib/gcc/nios2-elf/4.1.2/../../../../nios2-elf/lib/mno-hw-mul\libsmallc.a(lib_a-impure.o)
 .debug_line    0x00000c0b      0x29d c:/altera/13.0sp1/nios2eds/bin/gnu/h-i686-mingw32/bin/../lib/gcc/nios2-elf/4.1.2/../../../../nios2-elf/lib/mno-hw-mul\libsmallc.a(lib_a-writer.o)
 .debug_line    0x00000ea8      0x1e2 c:/altera/13.0sp1/nios2eds/bin/gnu/h-i686-mingw32/bin/../lib/gcc/nios2-elf/4.1.2/../../../../nios2-elf/lib/mno-hw-mul\libsmallc.a(lib_a-int_errno.o)
 .debug_line    0x0000108a      0x217 ../Hello_Nios_app_bsp/\libhal_bsp.a(alt_load.o)
 .debug_line    0x000012a1      0x2ca ../Hello_Nios_app_bsp/\libhal_bsp.a(alt_main.o)
 .debug_line    0x0000156b      0x2c9 ../Hello_Nios_app_bsp/\libhal_bsp.a(alt_write.o)
 .debug_line    0x00001834      0x2a6 ../Hello_Nios_app_bsp/\libhal_bsp.a(alt_sys_init.o)
 .debug_line    0x00001ada      0x1d7 ../Hello_Nios_app_bsp/\libhal_bsp.a(altera_avalon_jtag_uart_fd.o)
 .debug_line    0x00001cb1      0x343 ../Hello_Nios_app_bsp/\libhal_bsp.a(altera_avalon_jtag_uart_read.o)
 .debug_line    0x00001ff4      0x304 ../Hello_Nios_app_bsp/\libhal_bsp.a(altera_avalon_jtag_uart_write.o)
 .debug_line    0x000022f8      0x299 ../Hello_Nios_app_bsp/\libhal_bsp.a(alt_close.o)
 .debug_line    0x00002591      0x1b5 ../Hello_Nios_app_bsp/\libhal_bsp.a(alt_dcache_flush_all.o)
 .debug_line    0x00002746      0x254 ../Hello_Nios_app_bsp/\libhal_bsp.a(alt_dev.o)
 .debug_line    0x0000299a      0x25a ../Hello_Nios_app_bsp/\libhal_bsp.a(alt_dev_llist_insert.o)
 .debug_line    0x00002bf4       0x83 ../Hello_Nios_app_bsp/\libhal_bsp.a(alt_do_ctors.o)
 .debug_line    0x00002c77       0x83 ../Hello_Nios_app_bsp/\libhal_bsp.a(alt_do_dtors.o)
 .debug_line    0x00002cfa      0x1aa ../Hello_Nios_app_bsp/\libhal_bsp.a(alt_errno.o)
 .debug_line    0x00002ea4      0x1b5 ../Hello_Nios_app_bsp/\libhal_bsp.a(alt_icache_flush_all.o)
 .debug_line    0x00003059      0x2b4 ../Hello_Nios_app_bsp/\libhal_bsp.a(alt_io_redirect.o)
 .debug_line    0x0000330d      0x2ff ../Hello_Nios_app_bsp/\libhal_bsp.a(alt_open.o)
 .debug_line    0x0000360c       0xed ../Hello_Nios_app_bsp/\libhal_bsp.a(alt_release_fd.o)
 .debug_line    0x000036f9      0x1ce ../Hello_Nios_app_bsp/\libhal_bsp.a(altera_nios2_qsys_irq.o)
 .debug_line    0x000038c7      0x26b ../Hello_Nios_app_bsp/\libhal_bsp.a(alt_find_dev.o)
 .debug_line    0x00003b32      0x27c ../Hello_Nios_app_bsp/\libhal_bsp.a(alt_find_file.o)
 .debug_line    0x00003dae      0x297 ../Hello_Nios_app_bsp/\libhal_bsp.a(alt_get_fd.o)
 .debug_line    0x00004045      0x203 c:/altera/13.0sp1/nios2eds/bin/gnu/h-i686-mingw32/bin/../lib/gcc/nios2-elf/4.1.2/../../../../nios2-elf/lib/mno-hw-mul\libsmallc.a(lib_a-atexit.o)
 .debug_line    0x00004248      0x223 c:/altera/13.0sp1/nios2eds/bin/gnu/h-i686-mingw32/bin/../lib/gcc/nios2-elf/4.1.2/../../../../nios2-elf/lib/mno-hw-mul\libsmallc.a(lib_a-exit.o)
 .debug_line    0x0000446b      0x270 c:/altera/13.0sp1/nios2eds/bin/gnu/h-i686-mingw32/bin/../lib/gcc/nios2-elf/4.1.2/../../../../nios2-elf/lib/mno-hw-mul\libsmallc.a(lib_a-memcmp.o)
 .debug_line    0x000046db      0x350 c:/altera/13.0sp1/nios2eds/bin/gnu/h-i686-mingw32/bin/../lib/gcc/nios2-elf/4.1.2/../../../../nios2-elf/lib/mno-hw-mul\libsmallc.a(lib_a-__atexit.o)
 .debug_line    0x00004a2b      0x360 c:/altera/13.0sp1/nios2eds/bin/gnu/h-i686-mingw32/bin/../lib/gcc/nios2-elf/4.1.2/../../../../nios2-elf/lib/mno-hw-mul\libsmallc.a(lib_a-__call_atexit.o)
 .debug_line    0x00004d8b      0x11a c:/altera/13.0sp1/nios2eds/bin/gnu/h-i686-mingw32/bin/../lib/gcc/nios2-elf/4.1.2/mno-hw-mul\libgcc.a(lib2-mul.o)
 .debug_line    0x00004ea5      0x206 ../Hello_Nios_app_bsp/\libhal_bsp.a(alt_exit.o)

.debug_frame    0x00000000      0x6fc
 *(.debug_frame)
 .debug_frame   0x00000000       0x2c obj/default/hello_world.o
 .debug_frame   0x0000002c       0x3c c:/altera/13.0sp1/nios2eds/bin/gnu/h-i686-mingw32/bin/../lib/gcc/nios2-elf/4.1.2/../../../../nios2-elf/lib/mno-hw-mul\libsmallc.a(lib_a-puts.o)
 .debug_frame   0x00000068       0x20 c:/altera/13.0sp1/nios2eds/bin/gnu/h-i686-mingw32/bin/../lib/gcc/nios2-elf/4.1.2/../../../../nios2-elf/lib/mno-hw-mul\libsmallc.a(lib_a-strlen.o)
 .debug_frame   0x00000088       0x30 c:/altera/13.0sp1/nios2eds/bin/gnu/h-i686-mingw32/bin/../lib/gcc/nios2-elf/4.1.2/../../../../nios2-elf/lib/mno-hw-mul\libsmallc.a(lib_a-fvwrite_small_dev.o)
 .debug_frame   0x000000b8       0x2c c:/altera/13.0sp1/nios2eds/bin/gnu/h-i686-mingw32/bin/../lib/gcc/nios2-elf/4.1.2/../../../../nios2-elf/lib/mno-hw-mul\libsmallc.a(lib_a-writer.o)
 .debug_frame   0x000000e4       0x48 ../Hello_Nios_app_bsp/\libhal_bsp.a(alt_load.o)
 .debug_frame   0x0000012c       0x2c ../Hello_Nios_app_bsp/\libhal_bsp.a(alt_main.o)
 .debug_frame   0x00000158       0x48 ../Hello_Nios_app_bsp/\libhal_bsp.a(alt_write.o)
 .debug_frame   0x000001a0       0x64 ../Hello_Nios_app_bsp/\libhal_bsp.a(alt_sys_init.o)
 .debug_frame   0x00000204       0x48 ../Hello_Nios_app_bsp/\libhal_bsp.a(altera_avalon_jtag_uart_fd.o)
 .debug_frame   0x0000024c       0x2c ../Hello_Nios_app_bsp/\libhal_bsp.a(altera_avalon_jtag_uart_read.o)
 .debug_frame   0x00000278       0x2c ../Hello_Nios_app_bsp/\libhal_bsp.a(altera_avalon_jtag_uart_write.o)
 .debug_frame   0x000002a4       0x48 ../Hello_Nios_app_bsp/\libhal_bsp.a(alt_close.o)
 .debug_frame   0x000002ec       0x2c ../Hello_Nios_app_bsp/\libhal_bsp.a(alt_dcache_flush_all.o)
 .debug_frame   0x00000318       0x2c ../Hello_Nios_app_bsp/\libhal_bsp.a(alt_dev.o)
 .debug_frame   0x00000344       0x48 ../Hello_Nios_app_bsp/\libhal_bsp.a(alt_dev_llist_insert.o)
 .debug_frame   0x0000038c       0x2c ../Hello_Nios_app_bsp/\libhal_bsp.a(alt_do_ctors.o)
 .debug_frame   0x000003b8       0x2c ../Hello_Nios_app_bsp/\libhal_bsp.a(alt_do_dtors.o)
 .debug_frame   0x000003e4       0x2c ../Hello_Nios_app_bsp/\libhal_bsp.a(alt_icache_flush_all.o)
 .debug_frame   0x00000410       0x4c ../Hello_Nios_app_bsp/\libhal_bsp.a(alt_io_redirect.o)
 .debug_frame   0x0000045c       0x68 ../Hello_Nios_app_bsp/\libhal_bsp.a(alt_open.o)
 .debug_frame   0x000004c4       0x30 ../Hello_Nios_app_bsp/\libhal_bsp.a(alt_release_fd.o)
 .debug_frame   0x000004f4       0x2c ../Hello_Nios_app_bsp/\libhal_bsp.a(altera_nios2_qsys_irq.o)
 .debug_frame   0x00000520       0x2c ../Hello_Nios_app_bsp/\libhal_bsp.a(alt_find_dev.o)
 .debug_frame   0x0000054c       0x2c ../Hello_Nios_app_bsp/\libhal_bsp.a(alt_find_file.o)
 .debug_frame   0x00000578       0x30 ../Hello_Nios_app_bsp/\libhal_bsp.a(alt_get_fd.o)
 .debug_frame   0x000005a8       0x20 c:/altera/13.0sp1/nios2eds/bin/gnu/h-i686-mingw32/bin/../lib/gcc/nios2-elf/4.1.2/../../../../nios2-elf/lib/mno-hw-mul\libsmallc.a(lib_a-atexit.o)
 .debug_frame   0x000005c8       0x2c c:/altera/13.0sp1/nios2eds/bin/gnu/h-i686-mingw32/bin/../lib/gcc/nios2-elf/4.1.2/../../../../nios2-elf/lib/mno-hw-mul\libsmallc.a(lib_a-exit.o)
 .debug_frame   0x000005f4       0x20 c:/altera/13.0sp1/nios2eds/bin/gnu/h-i686-mingw32/bin/../lib/gcc/nios2-elf/4.1.2/../../../../nios2-elf/lib/mno-hw-mul\libsmallc.a(lib_a-memcmp.o)
 .debug_frame   0x00000614       0x34 c:/altera/13.0sp1/nios2eds/bin/gnu/h-i686-mingw32/bin/../lib/gcc/nios2-elf/4.1.2/../../../../nios2-elf/lib/mno-hw-mul\libsmallc.a(lib_a-__atexit.o)
 .debug_frame   0x00000648       0x4c c:/altera/13.0sp1/nios2eds/bin/gnu/h-i686-mingw32/bin/../lib/gcc/nios2-elf/4.1.2/../../../../nios2-elf/lib/mno-hw-mul\libsmallc.a(lib_a-__call_atexit.o)
 .debug_frame   0x00000694       0x20 c:/altera/13.0sp1/nios2eds/bin/gnu/h-i686-mingw32/bin/../lib/gcc/nios2-elf/4.1.2/mno-hw-mul\libgcc.a(lib2-mul.o)
 .debug_frame   0x000006b4       0x48 ../Hello_Nios_app_bsp/\libhal_bsp.a(alt_exit.o)

.debug_str      0x00000000      0xb3b
 *(.debug_str)
 .debug_str     0x00000000       0x12 obj/default/hello_world.o
 .debug_str     0x00000012      0x3f1 c:/altera/13.0sp1/nios2eds/bin/gnu/h-i686-mingw32/bin/../lib/gcc/nios2-elf/4.1.2/../../../../nios2-elf/lib/mno-hw-mul\libsmallc.a(lib_a-puts.o)
                                0x450 (size before relaxing)
 .debug_str     0x00000403       0xe2 c:/altera/13.0sp1/nios2eds/bin/gnu/h-i686-mingw32/bin/../lib/gcc/nios2-elf/4.1.2/../../../../nios2-elf/lib/mno-hw-mul\libsmallc.a(lib_a-strlen.o)
                                0x184 (size before relaxing)
 .debug_str     0x000004e5       0x70 c:/altera/13.0sp1/nios2eds/bin/gnu/h-i686-mingw32/bin/../lib/gcc/nios2-elf/4.1.2/../../../../nios2-elf/lib/mno-hw-mul\libsmallc.a(lib_a-fvwrite_small_dev.o)
                                0x46a (size before relaxing)
 .debug_str     0x00000555       0xf8 c:/altera/13.0sp1/nios2eds/bin/gnu/h-i686-mingw32/bin/../lib/gcc/nios2-elf/4.1.2/../../../../nios2-elf/lib/mno-hw-mul\libsmallc.a(lib_a-impure.o)
                                0x45d (size before relaxing)
 .debug_str     0x0000064d       0x4f c:/altera/13.0sp1/nios2eds/bin/gnu/h-i686-mingw32/bin/../lib/gcc/nios2-elf/4.1.2/../../../../nios2-elf/lib/mno-hw-mul\libsmallc.a(lib_a-writer.o)
                                0x451 (size before relaxing)
 .debug_str     0x0000069c       0x40 c:/altera/13.0sp1/nios2eds/bin/gnu/h-i686-mingw32/bin/../lib/gcc/nios2-elf/4.1.2/../../../../nios2-elf/lib/mno-hw-mul\libsmallc.a(lib_a-int_errno.o)
                                0x177 (size before relaxing)
 .debug_str     0x000006dc       0x12 ../Hello_Nios_app_bsp/\libhal_bsp.a(alt_load.o)
 .debug_str     0x000006ee       0x12 ../Hello_Nios_app_bsp/\libhal_bsp.a(alt_main.o)
 .debug_str     0x00000700       0x12 ../Hello_Nios_app_bsp/\libhal_bsp.a(alt_write.o)
 .debug_str     0x00000712       0x12 ../Hello_Nios_app_bsp/\libhal_bsp.a(alt_sys_init.o)
 .debug_str     0x00000724       0x12 ../Hello_Nios_app_bsp/\libhal_bsp.a(altera_avalon_jtag_uart_read.o)
 .debug_str     0x00000736       0x12 ../Hello_Nios_app_bsp/\libhal_bsp.a(altera_avalon_jtag_uart_write.o)
 .debug_str     0x00000748       0x12 ../Hello_Nios_app_bsp/\libhal_bsp.a(alt_close.o)
 .debug_str     0x0000075a       0x12 ../Hello_Nios_app_bsp/\libhal_bsp.a(alt_dcache_flush_all.o)
 .debug_str     0x0000076c       0x12 ../Hello_Nios_app_bsp/\libhal_bsp.a(alt_dev.o)
 .debug_str     0x0000077e       0x12 ../Hello_Nios_app_bsp/\libhal_bsp.a(alt_dev_llist_insert.o)
 .debug_str     0x00000790       0x12 ../Hello_Nios_app_bsp/\libhal_bsp.a(alt_errno.o)
 .debug_str     0x000007a2       0x12 ../Hello_Nios_app_bsp/\libhal_bsp.a(alt_icache_flush_all.o)
 .debug_str     0x000007b4       0x12 ../Hello_Nios_app_bsp/\libhal_bsp.a(alt_io_redirect.o)
 .debug_str     0x000007c6       0x12 ../Hello_Nios_app_bsp/\libhal_bsp.a(alt_open.o)
 .debug_str     0x000007d8       0x12 ../Hello_Nios_app_bsp/\libhal_bsp.a(altera_nios2_qsys_irq.o)
 .debug_str     0x000007ea       0x12 ../Hello_Nios_app_bsp/\libhal_bsp.a(alt_find_dev.o)
 .debug_str     0x000007fc       0x12 ../Hello_Nios_app_bsp/\libhal_bsp.a(alt_find_file.o)
 .debug_str     0x0000080e       0x12 ../Hello_Nios_app_bsp/\libhal_bsp.a(alt_get_fd.o)
 .debug_str     0x00000820       0xdb c:/altera/13.0sp1/nios2eds/bin/gnu/h-i686-mingw32/bin/../lib/gcc/nios2-elf/4.1.2/../../../../nios2-elf/lib/mno-hw-mul\libsmallc.a(lib_a-atexit.o)
                                0x1e5 (size before relaxing)
 .debug_str     0x000008fb       0x41 c:/altera/13.0sp1/nios2eds/bin/gnu/h-i686-mingw32/bin/../lib/gcc/nios2-elf/4.1.2/../../../../nios2-elf/lib/mno-hw-mul\libsmallc.a(lib_a-exit.o)
                                0x178 (size before relaxing)
 .debug_str     0x0000093c       0x45 c:/altera/13.0sp1/nios2eds/bin/gnu/h-i686-mingw32/bin/../lib/gcc/nios2-elf/4.1.2/../../../../nios2-elf/lib/mno-hw-mul\libsmallc.a(lib_a-memcmp.o)
                                0x17e (size before relaxing)
 .debug_str     0x00000981       0x54 c:/altera/13.0sp1/nios2eds/bin/gnu/h-i686-mingw32/bin/../lib/gcc/nios2-elf/4.1.2/../../../../nios2-elf/lib/mno-hw-mul\libsmallc.a(lib_a-__atexit.o)
                                0x467 (size before relaxing)
 .debug_str     0x000009d5       0x7e c:/altera/13.0sp1/nios2eds/bin/gnu/h-i686-mingw32/bin/../lib/gcc/nios2-elf/4.1.2/../../../../nios2-elf/lib/mno-hw-mul\libsmallc.a(lib_a-__call_atexit.o)
                                0x491 (size before relaxing)
 .debug_str     0x00000a53       0xcc c:/altera/13.0sp1/nios2eds/bin/gnu/h-i686-mingw32/bin/../lib/gcc/nios2-elf/4.1.2/mno-hw-mul\libgcc.a(lib2-mul.o)
                                0x175 (size before relaxing)
 .debug_str     0x00000b1f       0x1c ../Hello_Nios_app_bsp/\libhal_bsp.a(alt_exit.o)

.debug_loc      0x00000000      0xc8b
 *(.debug_loc)
 .debug_loc     0x00000000       0x2b obj/default/hello_world.o
 .debug_loc     0x0000002b       0xa2 c:/altera/13.0sp1/nios2eds/bin/gnu/h-i686-mingw32/bin/../lib/gcc/nios2-elf/4.1.2/../../../../nios2-elf/lib/mno-hw-mul\libsmallc.a(lib_a-puts.o)
 .debug_loc     0x000000cd       0x1e c:/altera/13.0sp1/nios2eds/bin/gnu/h-i686-mingw32/bin/../lib/gcc/nios2-elf/4.1.2/../../../../nios2-elf/lib/mno-hw-mul\libsmallc.a(lib_a-strlen.o)
 .debug_loc     0x000000eb      0x162 c:/altera/13.0sp1/nios2eds/bin/gnu/h-i686-mingw32/bin/../lib/gcc/nios2-elf/4.1.2/../../../../nios2-elf/lib/mno-hw-mul\libsmallc.a(lib_a-fvwrite_small_dev.o)
 .debug_loc     0x0000024d       0x97 c:/altera/13.0sp1/nios2eds/bin/gnu/h-i686-mingw32/bin/../lib/gcc/nios2-elf/4.1.2/../../../../nios2-elf/lib/mno-hw-mul\libsmallc.a(lib_a-writer.o)
 .debug_loc     0x000002e4       0x56 ../Hello_Nios_app_bsp/\libhal_bsp.a(alt_load.o)
 .debug_loc     0x0000033a       0x2b ../Hello_Nios_app_bsp/\libhal_bsp.a(alt_main.o)
 .debug_loc     0x00000365       0x56 ../Hello_Nios_app_bsp/\libhal_bsp.a(alt_write.o)
 .debug_loc     0x000003bb       0x81 ../Hello_Nios_app_bsp/\libhal_bsp.a(alt_sys_init.o)
 .debug_loc     0x0000043c       0x56 ../Hello_Nios_app_bsp/\libhal_bsp.a(altera_avalon_jtag_uart_fd.o)
 .debug_loc     0x00000492       0x2b ../Hello_Nios_app_bsp/\libhal_bsp.a(altera_avalon_jtag_uart_read.o)
 .debug_loc     0x000004bd       0x2b ../Hello_Nios_app_bsp/\libhal_bsp.a(altera_avalon_jtag_uart_write.o)
 .debug_loc     0x000004e8       0x56 ../Hello_Nios_app_bsp/\libhal_bsp.a(alt_close.o)
 .debug_loc     0x0000053e       0x2b ../Hello_Nios_app_bsp/\libhal_bsp.a(alt_dcache_flush_all.o)
 .debug_loc     0x00000569       0x2b ../Hello_Nios_app_bsp/\libhal_bsp.a(alt_dev.o)
 .debug_loc     0x00000594       0x56 ../Hello_Nios_app_bsp/\libhal_bsp.a(alt_dev_llist_insert.o)
 .debug_loc     0x000005ea       0x2b ../Hello_Nios_app_bsp/\libhal_bsp.a(alt_do_ctors.o)
 .debug_loc     0x00000615       0x2b ../Hello_Nios_app_bsp/\libhal_bsp.a(alt_do_dtors.o)
 .debug_loc     0x00000640       0x2b ../Hello_Nios_app_bsp/\libhal_bsp.a(alt_icache_flush_all.o)
 .debug_loc     0x0000066b       0x56 ../Hello_Nios_app_bsp/\libhal_bsp.a(alt_io_redirect.o)
 .debug_loc     0x000006c1       0x81 ../Hello_Nios_app_bsp/\libhal_bsp.a(alt_open.o)
 .debug_loc     0x00000742       0x2b ../Hello_Nios_app_bsp/\libhal_bsp.a(alt_release_fd.o)
 .debug_loc     0x0000076d       0x2b ../Hello_Nios_app_bsp/\libhal_bsp.a(altera_nios2_qsys_irq.o)
 .debug_loc     0x00000798       0x2b ../Hello_Nios_app_bsp/\libhal_bsp.a(alt_find_dev.o)
 .debug_loc     0x000007c3       0x2b ../Hello_Nios_app_bsp/\libhal_bsp.a(alt_find_file.o)
 .debug_loc     0x000007ee       0x2b ../Hello_Nios_app_bsp/\libhal_bsp.a(alt_get_fd.o)
 .debug_loc     0x00000819       0x1e c:/altera/13.0sp1/nios2eds/bin/gnu/h-i686-mingw32/bin/../lib/gcc/nios2-elf/4.1.2/../../../../nios2-elf/lib/mno-hw-mul\libsmallc.a(lib_a-atexit.o)
 .debug_loc     0x00000837       0x3d c:/altera/13.0sp1/nios2eds/bin/gnu/h-i686-mingw32/bin/../lib/gcc/nios2-elf/4.1.2/../../../../nios2-elf/lib/mno-hw-mul\libsmallc.a(lib_a-exit.o)
 .debug_loc     0x00000874       0x70 c:/altera/13.0sp1/nios2eds/bin/gnu/h-i686-mingw32/bin/../lib/gcc/nios2-elf/4.1.2/../../../../nios2-elf/lib/mno-hw-mul\libsmallc.a(lib_a-memcmp.o)
 .debug_loc     0x000008e4      0x141 c:/altera/13.0sp1/nios2eds/bin/gnu/h-i686-mingw32/bin/../lib/gcc/nios2-elf/4.1.2/../../../../nios2-elf/lib/mno-hw-mul\libsmallc.a(lib_a-__atexit.o)
 .debug_loc     0x00000a25      0x1c1 c:/altera/13.0sp1/nios2eds/bin/gnu/h-i686-mingw32/bin/../lib/gcc/nios2-elf/4.1.2/../../../../nios2-elf/lib/mno-hw-mul\libsmallc.a(lib_a-__call_atexit.o)
 .debug_loc     0x00000be6       0x4f c:/altera/13.0sp1/nios2eds/bin/gnu/h-i686-mingw32/bin/../lib/gcc/nios2-elf/4.1.2/mno-hw-mul\libgcc.a(lib2-mul.o)
 .debug_loc     0x00000c35       0x56 ../Hello_Nios_app_bsp/\libhal_bsp.a(alt_exit.o)

.debug_macinfo
 *(.debug_macinfo)

.debug_weaknames
 *(.debug_weaknames)

.debug_funcnames
 *(.debug_funcnames)

.debug_typenames
 *(.debug_typenames)

.debug_varnames
 *(.debug_varnames)

.debug_alt_sim_info
                0x00000000       0x10
 *(.debug_alt_sim_info)
 .debug_alt_sim_info
                0x00000000       0x10 ../Hello_Nios_app_bsp//obj/HAL/src/crt0.o
                0x00006ee0                __alt_data_end = 0x6ee0
                0x00006ee0                PROVIDE (__alt_stack_pointer, __alt_data_end)
                0x00005e10                PROVIDE (__alt_stack_limit, __alt_stack_base)
                0x00005e10                PROVIDE (__alt_heap_start, end)
                0x00006ee0                PROVIDE (__alt_heap_limit, 0x6ee0)
OUTPUT(Hello_Nios_app.elf elf32-littlenios2)

.debug_ranges   0x00000000       0x38
 .debug_ranges  0x00000000       0x20 ../Hello_Nios_app_bsp//obj/HAL/src/crt0.o
 .debug_ranges  0x00000020       0x18 c:/altera/13.0sp1/nios2eds/bin/gnu/h-i686-mingw32/bin/../lib/gcc/nios2-elf/4.1.2/../../../../nios2-elf/lib/mno-hw-mul\libsmallc.a(lib_a-__call_atexit.o)
