Archive member included because of file (symbol)

c:/altera/13.0sp1/nios2eds/bin/gnu/h-i686-mingw32/bin/../lib/gcc/nios2-elf/4.1.2/../../../../nios2-elf/lib/mno-hw-mul\libsmallc.a(lib_a-puts.o)
                              obj/default/Flasher.o (puts)
c:/altera/13.0sp1/nios2eds/bin/gnu/h-i686-mingw32/bin/../lib/gcc/nios2-elf/4.1.2/../../../../nios2-elf/lib/mno-hw-mul\libsmallc.a(lib_a-strlen.o)
                              c:/altera/13.0sp1/nios2eds/bin/gnu/h-i686-mingw32/bin/../lib/gcc/nios2-elf/4.1.2/../../../../nios2-elf/lib/mno-hw-mul\libsmallc.a(lib_a-puts.o) (strlen)
c:/altera/13.0sp1/nios2eds/bin/gnu/h-i686-mingw32/bin/../lib/gcc/nios2-elf/4.1.2/../../../../nios2-elf/lib/mno-hw-mul\libsmallc.a(lib_a-fvwrite_small_dev.o)
                              c:/altera/13.0sp1/nios2eds/bin/gnu/h-i686-mingw32/bin/../lib/gcc/nios2-elf/4.1.2/../../../../nios2-elf/lib/mno-hw-mul\libsmallc.a(lib_a-puts.o) (__sfvwrite_small_dev)
c:/altera/13.0sp1/nios2eds/bin/gnu/h-i686-mingw32/bin/../lib/gcc/nios2-elf/4.1.2/../../../../nios2-elf/lib/mno-hw-mul\libsmallc.a(lib_a-impure.o)
                              c:/altera/13.0sp1/nios2eds/bin/gnu/h-i686-mingw32/bin/../lib/gcc/nios2-elf/4.1.2/../../../../nios2-elf/lib/mno-hw-mul\libsmallc.a(lib_a-puts.o) (_impure_ptr)
c:/altera/13.0sp1/nios2eds/bin/gnu/h-i686-mingw32/bin/../lib/gcc/nios2-elf/4.1.2/../../../../nios2-elf/lib/mno-hw-mul\libsmallc.a(lib_a-writer.o)
                              c:/altera/13.0sp1/nios2eds/bin/gnu/h-i686-mingw32/bin/../lib/gcc/nios2-elf/4.1.2/../../../../nios2-elf/lib/mno-hw-mul\libsmallc.a(lib_a-fvwrite_small_dev.o) (_write_r)
c:/altera/13.0sp1/nios2eds/bin/gnu/h-i686-mingw32/bin/../lib/gcc/nios2-elf/4.1.2/../../../../nios2-elf/lib/mno-hw-mul\libsmallc.a(lib_a-int_errno.o)
                              c:/altera/13.0sp1/nios2eds/bin/gnu/h-i686-mingw32/bin/../lib/gcc/nios2-elf/4.1.2/../../../../nios2-elf/lib/mno-hw-mul\libsmallc.a(lib_a-writer.o) (errno)
../Flasher_app_bsp/\libhal_bsp.a(alt_load.o)
                              ../Flasher_app_bsp//obj/HAL/src/crt0.o (alt_load)
../Flasher_app_bsp/\libhal_bsp.a(alt_main.o)
                              ../Flasher_app_bsp//obj/HAL/src/crt0.o (alt_main)
../Flasher_app_bsp/\libhal_bsp.a(alt_write.o)
                              c:/altera/13.0sp1/nios2eds/bin/gnu/h-i686-mingw32/bin/../lib/gcc/nios2-elf/4.1.2/../../../../nios2-elf/lib/mno-hw-mul\libsmallc.a(lib_a-writer.o) (write)
../Flasher_app_bsp/\libhal_bsp.a(alt_sys_init.o)
                              ../Flasher_app_bsp/\libhal_bsp.a(alt_main.o) (alt_irq_init)
../Flasher_app_bsp/\libhal_bsp.a(altera_avalon_jtag_uart_fd.o)
                              ../Flasher_app_bsp/\libhal_bsp.a(alt_sys_init.o) (altera_avalon_jtag_uart_read_fd)
../Flasher_app_bsp/\libhal_bsp.a(altera_avalon_jtag_uart_read.o)
                              ../Flasher_app_bsp/\libhal_bsp.a(altera_avalon_jtag_uart_fd.o) (altera_avalon_jtag_uart_read)
../Flasher_app_bsp/\libhal_bsp.a(altera_avalon_jtag_uart_write.o)
                              ../Flasher_app_bsp/\libhal_bsp.a(altera_avalon_jtag_uart_fd.o) (altera_avalon_jtag_uart_write)
../Flasher_app_bsp/\libhal_bsp.a(alt_close.o)
                              ../Flasher_app_bsp/\libhal_bsp.a(alt_main.o) (close)
../Flasher_app_bsp/\libhal_bsp.a(alt_dcache_flush_all.o)
                              ../Flasher_app_bsp/\libhal_bsp.a(alt_load.o) (alt_dcache_flush_all)
../Flasher_app_bsp/\libhal_bsp.a(alt_dev.o)
                              ../Flasher_app_bsp/\libhal_bsp.a(alt_sys_init.o) (alt_dev_list)
../Flasher_app_bsp/\libhal_bsp.a(alt_dev_llist_insert.o)
                              ../Flasher_app_bsp/\libhal_bsp.a(alt_sys_init.o) (alt_dev_llist_insert)
../Flasher_app_bsp/\libhal_bsp.a(alt_do_ctors.o)
                              ../Flasher_app_bsp/\libhal_bsp.a(alt_main.o) (_do_ctors)
../Flasher_app_bsp/\libhal_bsp.a(alt_do_dtors.o)
                              ../Flasher_app_bsp/\libhal_bsp.a(alt_main.o) (_do_dtors)
../Flasher_app_bsp/\libhal_bsp.a(alt_errno.o)
                              ../Flasher_app_bsp/\libhal_bsp.a(alt_write.o) (alt_errno)
../Flasher_app_bsp/\libhal_bsp.a(alt_icache_flush_all.o)
                              ../Flasher_app_bsp/\libhal_bsp.a(alt_load.o) (alt_icache_flush_all)
../Flasher_app_bsp/\libhal_bsp.a(alt_io_redirect.o)
                              ../Flasher_app_bsp/\libhal_bsp.a(alt_main.o) (alt_io_redirect)
../Flasher_app_bsp/\libhal_bsp.a(alt_open.o)
                              ../Flasher_app_bsp/\libhal_bsp.a(alt_io_redirect.o) (open)
../Flasher_app_bsp/\libhal_bsp.a(alt_release_fd.o)
                              ../Flasher_app_bsp/\libhal_bsp.a(alt_close.o) (alt_release_fd)
../Flasher_app_bsp/\libhal_bsp.a(altera_nios2_qsys_irq.o)
                              ../Flasher_app_bsp/\libhal_bsp.a(alt_sys_init.o) (altera_nios2_qsys_irq_init)
../Flasher_app_bsp/\libhal_bsp.a(alt_find_dev.o)
                              ../Flasher_app_bsp/\libhal_bsp.a(alt_open.o) (alt_find_dev)
../Flasher_app_bsp/\libhal_bsp.a(alt_find_file.o)
                              ../Flasher_app_bsp/\libhal_bsp.a(alt_open.o) (alt_find_file)
../Flasher_app_bsp/\libhal_bsp.a(alt_get_fd.o)
                              ../Flasher_app_bsp/\libhal_bsp.a(alt_open.o) (alt_get_fd)
c:/altera/13.0sp1/nios2eds/bin/gnu/h-i686-mingw32/bin/../lib/gcc/nios2-elf/4.1.2/../../../../nios2-elf/lib/mno-hw-mul\libsmallc.a(lib_a-atexit.o)
                              ../Flasher_app_bsp/\libhal_bsp.a(alt_main.o) (atexit)
c:/altera/13.0sp1/nios2eds/bin/gnu/h-i686-mingw32/bin/../lib/gcc/nios2-elf/4.1.2/../../../../nios2-elf/lib/mno-hw-mul\libsmallc.a(lib_a-exit.o)
                              ../Flasher_app_bsp/\libhal_bsp.a(alt_main.o) (exit)
c:/altera/13.0sp1/nios2eds/bin/gnu/h-i686-mingw32/bin/../lib/gcc/nios2-elf/4.1.2/../../../../nios2-elf/lib/mno-hw-mul\libsmallc.a(lib_a-memcmp.o)
                              ../Flasher_app_bsp/\libhal_bsp.a(alt_find_dev.o) (memcmp)
c:/altera/13.0sp1/nios2eds/bin/gnu/h-i686-mingw32/bin/../lib/gcc/nios2-elf/4.1.2/../../../../nios2-elf/lib/mno-hw-mul\libsmallc.a(lib_a-__atexit.o)
                              c:/altera/13.0sp1/nios2eds/bin/gnu/h-i686-mingw32/bin/../lib/gcc/nios2-elf/4.1.2/../../../../nios2-elf/lib/mno-hw-mul\libsmallc.a(lib_a-atexit.o) (__register_exitproc)
c:/altera/13.0sp1/nios2eds/bin/gnu/h-i686-mingw32/bin/../lib/gcc/nios2-elf/4.1.2/../../../../nios2-elf/lib/mno-hw-mul\libsmallc.a(lib_a-__call_atexit.o)
                              c:/altera/13.0sp1/nios2eds/bin/gnu/h-i686-mingw32/bin/../lib/gcc/nios2-elf/4.1.2/../../../../nios2-elf/lib/mno-hw-mul\libsmallc.a(lib_a-exit.o) (__call_exitprocs)
c:/altera/13.0sp1/nios2eds/bin/gnu/h-i686-mingw32/bin/../lib/gcc/nios2-elf/4.1.2/mno-hw-mul\libgcc.a(lib2-mul.o)
                              ../Flasher_app_bsp/\libhal_bsp.a(alt_write.o) (__mulsi3)
../Flasher_app_bsp/\libhal_bsp.a(alt_exit.o)
                              c:/altera/13.0sp1/nios2eds/bin/gnu/h-i686-mingw32/bin/../lib/gcc/nios2-elf/4.1.2/../../../../nios2-elf/lib/mno-hw-mul\libsmallc.a(lib_a-exit.o) (_exit)

Allocating common symbols
Common symbol       size              file

errno               0x4               c:/altera/13.0sp1/nios2eds/bin/gnu/h-i686-mingw32/bin/../lib/gcc/nios2-elf/4.1.2/../../../../nios2-elf/lib/mno-hw-mul\libsmallc.a(lib_a-int_errno.o)
_atexit0            0x8c              c:/altera/13.0sp1/nios2eds/bin/gnu/h-i686-mingw32/bin/../lib/gcc/nios2-elf/4.1.2/../../../../nios2-elf/lib/mno-hw-mul\libsmallc.a(lib_a-atexit.o)

Memory Configuration

Name             Origin             Length             Attributes
reset            0x00004000         0x00000020
onchip_memory2_0 0x00004020         0x00002ec0
*default*        0x00000000         0xffffffff

Linker script and memory map

LOAD ../Flasher_app_bsp//obj/HAL/src/crt0.o
LOAD obj/default/Flasher.o
LOAD c:/altera/13.0sp1/nios2eds/bin/gnu/h-i686-mingw32/bin/../lib/gcc/nios2-elf/4.1.2/../../../../nios2-elf/lib/mno-hw-mul\libstdc++.a
LOAD c:/altera/13.0sp1/nios2eds/bin/gnu/h-i686-mingw32/bin/../lib/gcc/nios2-elf/4.1.2/../../../../nios2-elf/lib/mno-hw-mul\libm.a
LOAD c:/altera/13.0sp1/nios2eds/bin/gnu/h-i686-mingw32/bin/../lib/gcc/nios2-elf/4.1.2/mno-hw-mul\libgcc.a
START GROUP
LOAD c:/altera/13.0sp1/nios2eds/bin/gnu/h-i686-mingw32/bin/../lib/gcc/nios2-elf/4.1.2/../../../../nios2-elf/lib/mno-hw-mul\libsmallc.a
LOAD c:/altera/13.0sp1/nios2eds/bin/gnu/h-i686-mingw32/bin/../lib/gcc/nios2-elf/4.1.2/mno-hw-mul\libgcc.a
LOAD ../Flasher_app_bsp/\libhal_bsp.a
END GROUP
LOAD c:/altera/13.0sp1/nios2eds/bin/gnu/h-i686-mingw32/bin/../lib/gcc/nios2-elf/4.1.2/mno-hw-mul\libgcc.a
                0x00004000                __alt_mem_onchip_memory2_0 = 0x4000

.entry          0x00004000       0x20
 *(.entry)
 .entry         0x00004000       0x20 ../Flasher_app_bsp//obj/HAL/src/crt0.o
                0x00004000                __reset

.exceptions     0x00004020        0x0
                0x00004020                PROVIDE (__ram_exceptions_start, ABSOLUTE (.))
                0x00004020                . = ALIGN (0x20)
 *(.irq)
 *(.exceptions.entry.label)
 *(.exceptions.entry.user)
 *(.exceptions.entry)
 *(.exceptions.irqtest.user)
 *(.exceptions.irqtest)
 *(.exceptions.irqhandler.user)
 *(.exceptions.irqhandler)
 *(.exceptions.irqreturn.user)
 *(.exceptions.irqreturn)
 *(.exceptions.notirq.label)
 *(.exceptions.notirq.user)
 *(.exceptions.notirq)
 *(.exceptions.soft.user)
 *(.exceptions.soft)
 *(.exceptions.unknown.user)
 *(.exceptions.unknown)
 *(.exceptions.exit.label)
 *(.exceptions.exit.user)
 *(.exceptions.exit)
 *(.exceptions)
                0x00004020                PROVIDE (__ram_exceptions_end, ABSOLUTE (.))
                0x00004020                PROVIDE (__flash_exceptions_start, LOADADDR (.exceptions))

.text           0x00004020     0x17b8
                0x00004020                PROVIDE (stext, ABSOLUTE (.))
 *(.interp)
 *(.hash)
 *(.dynsym)
 *(.dynstr)
 *(.gnu.version)
 *(.gnu.version_d)
 *(.gnu.version_r)
 *(.rel.init)
 *(.rela.init)
 *(.rel.text .rel.text.* .rel.gnu.linkonce.t.*)
 *(.rela.text .rela.text.* .rela.gnu.linkonce.t.*)
 *(.rel.fini)
 *(.rela.fini)
 *(.rel.rodata .rel.rodata.* .rel.gnu.linkonce.r.*)
 *(.rela.rodata .rela.rodata.* .rela.gnu.linkonce.r.*)
 *(.rel.data .rel.data.* .rel.gnu.linkonce.d.*)
 *(.rela.data .rela.data.* .rela.gnu.linkonce.d.*)
 *(.rel.tdata .rel.tdata.* .rel.gnu.linkonce.td.*)
 *(.rela.tdata .rela.tdata.* .rela.gnu.linkonce.td.*)
 *(.rel.tbss .rel.tbss.* .rel.gnu.linkonce.tb.*)
 *(.rela.tbss .rela.tbss.* .rela.gnu.linkonce.tb.*)
 *(.rel.ctors)
 *(.rela.ctors)
 *(.rel.dtors)
 *(.rela.dtors)
 *(.rel.got)
 *(.rela.got)
 *(.rel.sdata .rel.sdata.* .rel.gnu.linkonce.s.*)
 *(.rela.sdata .rela.sdata.* .rela.gnu.linkonce.s.*)
 *(.rel.sbss .rel.sbss.* .rel.gnu.linkonce.sb.*)
 *(.rela.sbss .rela.sbss.* .rela.gnu.linkonce.sb.*)
 *(.rel.sdata2 .rel.sdata2.* .rel.gnu.linkonce.s2.*)
 *(.rela.sdata2 .rela.sdata2.* .rela.gnu.linkonce.s2.*)
 *(.rel.sbss2 .rel.sbss2.* .rel.gnu.linkonce.sb2.*)
 *(.rela.sbss2 .rela.sbss2.* .rela.gnu.linkonce.sb2.*)
 *(.rel.bss .rel.bss.* .rel.gnu.linkonce.b.*)
 *(.rela.bss .rela.bss.* .rela.gnu.linkonce.b.*)
 *(.rel.plt)
 *(.rela.plt)
 *(.rel.dyn)
 *(.init)
 *(.plt)
 *(.text .stub .text.* .gnu.linkonce.t.*)
 .text          0x00004020       0x3c ../Flasher_app_bsp//obj/HAL/src/crt0.o
                0x00004020                _start
 .text          0x0000405c       0x8c obj/default/Flasher.o
                0x0000405c                delay
                0x0000409c                main
 .text          0x000040e8       0xa4 c:/altera/13.0sp1/nios2eds/bin/gnu/h-i686-mingw32/bin/../lib/gcc/nios2-elf/4.1.2/../../../../nios2-elf/lib/mno-hw-mul\libsmallc.a(lib_a-puts.o)
                0x000040e8                _puts_r
                0x00004178                puts
 .text          0x0000418c       0x20 c:/altera/13.0sp1/nios2eds/bin/gnu/h-i686-mingw32/bin/../lib/gcc/nios2-elf/4.1.2/../../../../nios2-elf/lib/mno-hw-mul\libsmallc.a(lib_a-strlen.o)
                0x0000418c                strlen
 .text          0x000041ac       0xbc c:/altera/13.0sp1/nios2eds/bin/gnu/h-i686-mingw32/bin/../lib/gcc/nios2-elf/4.1.2/../../../../nios2-elf/lib/mno-hw-mul\libsmallc.a(lib_a-fvwrite_small_dev.o)
                0x000041ac                __sfvwrite_small_dev
 .text          0x00004268        0x0 c:/altera/13.0sp1/nios2eds/bin/gnu/h-i686-mingw32/bin/../lib/gcc/nios2-elf/4.1.2/../../../../nios2-elf/lib/mno-hw-mul\libsmallc.a(lib_a-impure.o)
 .text          0x00004268       0x78 c:/altera/13.0sp1/nios2eds/bin/gnu/h-i686-mingw32/bin/../lib/gcc/nios2-elf/4.1.2/../../../../nios2-elf/lib/mno-hw-mul\libsmallc.a(lib_a-writer.o)
                0x00004268                _write_r
 .text          0x000042e0        0x0 c:/altera/13.0sp1/nios2eds/bin/gnu/h-i686-mingw32/bin/../lib/gcc/nios2-elf/4.1.2/../../../../nios2-elf/lib/mno-hw-mul\libsmallc.a(lib_a-int_errno.o)
 .text          0x000042e0       0xec ../Flasher_app_bsp/\libhal_bsp.a(alt_load.o)
                0x000042e0                alt_load
 .text          0x000043cc       0x6c ../Flasher_app_bsp/\libhal_bsp.a(alt_main.o)
                0x000043cc                alt_main
 .text          0x00004438      0x184 ../Flasher_app_bsp/\libhal_bsp.a(alt_write.o)
                0x00004438                write
 .text          0x000045bc       0x9c ../Flasher_app_bsp/\libhal_bsp.a(alt_sys_init.o)
                0x000045bc                alt_irq_init
                0x000045f0                alt_sys_init
 .text          0x00004658       0xb0 ../Flasher_app_bsp/\libhal_bsp.a(altera_avalon_jtag_uart_fd.o)
                0x00004658                altera_avalon_jtag_uart_read_fd
                0x000046b0                altera_avalon_jtag_uart_write_fd
 .text          0x00004708      0x104 ../Flasher_app_bsp/\libhal_bsp.a(altera_avalon_jtag_uart_read.o)
                0x00004708                altera_avalon_jtag_uart_read
 .text          0x0000480c       0xa4 ../Flasher_app_bsp/\libhal_bsp.a(altera_avalon_jtag_uart_write.o)
                0x0000480c                altera_avalon_jtag_uart_write
 .text          0x000048b0      0x160 ../Flasher_app_bsp/\libhal_bsp.a(alt_close.o)
                0x000048b0                close
 .text          0x00004a10       0x1c ../Flasher_app_bsp/\libhal_bsp.a(alt_dcache_flush_all.o)
                0x00004a10                alt_dcache_flush_all
 .text          0x00004a2c       0x2c ../Flasher_app_bsp/\libhal_bsp.a(alt_dev.o)
 .text          0x00004a58      0x114 ../Flasher_app_bsp/\libhal_bsp.a(alt_dev_llist_insert.o)
                0x00004a58                alt_dev_llist_insert
 .text          0x00004b6c       0x64 ../Flasher_app_bsp/\libhal_bsp.a(alt_do_ctors.o)
                0x00004b6c                _do_ctors
 .text          0x00004bd0       0x64 ../Flasher_app_bsp/\libhal_bsp.a(alt_do_dtors.o)
                0x00004bd0                _do_dtors
 .text          0x00004c34        0x0 ../Flasher_app_bsp/\libhal_bsp.a(alt_errno.o)
 .text          0x00004c34       0x1c ../Flasher_app_bsp/\libhal_bsp.a(alt_icache_flush_all.o)
                0x00004c34                alt_icache_flush_all
 .text          0x00004c50      0x150 ../Flasher_app_bsp/\libhal_bsp.a(alt_io_redirect.o)
                0x00004d28                alt_io_redirect
 .text          0x00004da0      0x2e4 ../Flasher_app_bsp/\libhal_bsp.a(alt_open.o)
                0x00004e98                open
 .text          0x00005084       0x78 ../Flasher_app_bsp/\libhal_bsp.a(alt_release_fd.o)
                0x00005084                alt_release_fd
 .text          0x000050fc       0x20 ../Flasher_app_bsp/\libhal_bsp.a(altera_nios2_qsys_irq.o)
                0x000050fc                altera_nios2_qsys_irq_init
 .text          0x0000511c       0x94 ../Flasher_app_bsp/\libhal_bsp.a(alt_find_dev.o)
                0x0000511c                alt_find_dev
 .text          0x000051b0      0x120 ../Flasher_app_bsp/\libhal_bsp.a(alt_find_file.o)
                0x000051b0                alt_find_file
 .text          0x000052d0       0xd0 ../Flasher_app_bsp/\libhal_bsp.a(alt_get_fd.o)
                0x000052d0                alt_get_fd
 .text          0x000053a0       0x14 c:/altera/13.0sp1/nios2eds/bin/gnu/h-i686-mingw32/bin/../lib/gcc/nios2-elf/4.1.2/../../../../nios2-elf/lib/mno-hw-mul\libsmallc.a(lib_a-atexit.o)
                0x000053a0                atexit
 .text          0x000053b4       0x20 c:/altera/13.0sp1/nios2eds/bin/gnu/h-i686-mingw32/bin/../lib/gcc/nios2-elf/4.1.2/../../../../nios2-elf/lib/mno-hw-mul\libsmallc.a(lib_a-exit.o)
                0x000053b4                exit
 .text          0x000053d4       0x3c c:/altera/13.0sp1/nios2eds/bin/gnu/h-i686-mingw32/bin/../lib/gcc/nios2-elf/4.1.2/../../../../nios2-elf/lib/mno-hw-mul\libsmallc.a(lib_a-memcmp.o)
                0x000053d4                memcmp
 .text          0x00005410      0x16c c:/altera/13.0sp1/nios2eds/bin/gnu/h-i686-mingw32/bin/../lib/gcc/nios2-elf/4.1.2/../../../../nios2-elf/lib/mno-hw-mul\libsmallc.a(lib_a-__atexit.o)
                0x00005410                __register_exitproc
 .text          0x0000557c      0x1c0 c:/altera/13.0sp1/nios2eds/bin/gnu/h-i686-mingw32/bin/../lib/gcc/nios2-elf/4.1.2/../../../../nios2-elf/lib/mno-hw-mul\libsmallc.a(lib_a-__call_atexit.o)
                0x00005580                __call_exitprocs
 .text          0x0000573c       0x38 c:/altera/13.0sp1/nios2eds/bin/gnu/h-i686-mingw32/bin/../lib/gcc/nios2-elf/4.1.2/mno-hw-mul\libgcc.a(lib2-mul.o)
                0x0000573c                __mulsi3
 .text          0x00005774       0x60 ../Flasher_app_bsp/\libhal_bsp.a(alt_exit.o)
                0x000057b4                _exit
 *(.gnu.warning.*)
 *(.fini)
                0x000057d4                PROVIDE (__etext, ABSOLUTE (.))
                0x000057d4                PROVIDE (_etext, ABSOLUTE (.))
                0x000057d4                PROVIDE (etext, ABSOLUTE (.))
 *(.eh_frame_hdr)
                0x000057d4                . = ALIGN (0x4)
                0x000057d4                PROVIDE (__preinit_array_start, ABSOLUTE (.))
 *(.preinit_array)
                0x000057d4                PROVIDE (__preinit_array_end, ABSOLUTE (.))
                0x000057d4                PROVIDE (__init_array_start, ABSOLUTE (.))
 *(.init_array)
                0x000057d4                PROVIDE (__init_array_end, ABSOLUTE (.))
                0x000057d4                PROVIDE (__fini_array_start, ABSOLUTE (.))
 *(.fini_array)
                0x000057d4                PROVIDE (__fini_array_end, ABSOLUTE (.))
 *(.eh_frame)
 *(.gcc_except_table)
 *(.dynamic)
                0x000057d4                PROVIDE (__CTOR_LIST__, ABSOLUTE (.))
 *(.ctors)
 *(SORT(.ctors.*))
 .ctors.65535   0x000057d4        0x4 c:/altera/13.0sp1/nios2eds/bin/gnu/h-i686-mingw32/bin/../lib/gcc/nios2-elf/4.1.2/../../../../nios2-elf/lib/mno-hw-mul\libsmallc.a(lib_a-__call_atexit.o)
                0x000057d8                PROVIDE (__CTOR_END__, ABSOLUTE (.))
                0x000057d8                PROVIDE (__DTOR_LIST__, ABSOLUTE (.))
 *(.dtors)
 *(SORT(.dtors.*))
                0x000057d8                PROVIDE (__DTOR_END__, ABSOLUTE (.))
 *(.jcr)
                0x000057d8                . = ALIGN (0x4)

.rodata         0x000057d8       0x5c
                0x000057d8                PROVIDE (__ram_rodata_start, ABSOLUTE (.))
                0x000057d8                . = ALIGN (0x4)
 *(.rodata .rodata.* .gnu.linkonce.r.*)
 .rodata        0x000057d8       0x24 obj/default/Flasher.o
 .rodata.str1.4
                0x000057fc        0x4 c:/altera/13.0sp1/nios2eds/bin/gnu/h-i686-mingw32/bin/../lib/gcc/nios2-elf/4.1.2/../../../../nios2-elf/lib/mno-hw-mul\libsmallc.a(lib_a-puts.o)
 .rodata        0x00005800       0x14 ../Flasher_app_bsp/\libhal_bsp.a(alt_main.o)
 .rodata        0x00005814       0x14 ../Flasher_app_bsp/\libhal_bsp.a(alt_sys_init.o)
 .rodata        0x00005828        0xc ../Flasher_app_bsp/\libhal_bsp.a(alt_dev.o)
 *(.rodata1)
                0x00005834                . = ALIGN (0x4)
                0x00005834                PROVIDE (__ram_rodata_end, ABSOLUTE (.))
                0x000057d8                PROVIDE (__flash_rodata_start, LOADADDR (.rodata))

.rwdata         0x00005834      0x2d4 load address 0x00005b08
                0x00005834                PROVIDE (__ram_rwdata_start, ABSOLUTE (.))
                0x00005834                . = ALIGN (0x4)
 *(.got.plt)
 *(.got)
 *(.data1)
 *(.data .data.* .gnu.linkonce.d.*)
 .data          0x00005834        0x0 ../Flasher_app_bsp//obj/HAL/src/crt0.o
 .data          0x00005834        0x0 obj/default/Flasher.o
 .data          0x00005834        0x0 c:/altera/13.0sp1/nios2eds/bin/gnu/h-i686-mingw32/bin/../lib/gcc/nios2-elf/4.1.2/../../../../nios2-elf/lib/mno-hw-mul\libsmallc.a(lib_a-puts.o)
 .data          0x00005834        0x0 c:/altera/13.0sp1/nios2eds/bin/gnu/h-i686-mingw32/bin/../lib/gcc/nios2-elf/4.1.2/../../../../nios2-elf/lib/mno-hw-mul\libsmallc.a(lib_a-strlen.o)
 .data          0x00005834        0x0 c:/altera/13.0sp1/nios2eds/bin/gnu/h-i686-mingw32/bin/../lib/gcc/nios2-elf/4.1.2/../../../../nios2-elf/lib/mno-hw-mul\libsmallc.a(lib_a-fvwrite_small_dev.o)
 .data          0x00005834       0xe0 c:/altera/13.0sp1/nios2eds/bin/gnu/h-i686-mingw32/bin/../lib/gcc/nios2-elf/4.1.2/../../../../nios2-elf/lib/mno-hw-mul\libsmallc.a(lib_a-impure.o)
 .data          0x00005914        0x0 c:/altera/13.0sp1/nios2eds/bin/gnu/h-i686-mingw32/bin/../lib/gcc/nios2-elf/4.1.2/../../../../nios2-elf/lib/mno-hw-mul\libsmallc.a(lib_a-writer.o)
 .data          0x00005914        0x0 c:/altera/13.0sp1/nios2eds/bin/gnu/h-i686-mingw32/bin/../lib/gcc/nios2-elf/4.1.2/../../../../nios2-elf/lib/mno-hw-mul\libsmallc.a(lib_a-int_errno.o)
 .data          0x00005914        0x0 ../Flasher_app_bsp/\libhal_bsp.a(alt_load.o)
 .data          0x00005914        0x0 ../Flasher_app_bsp/\libhal_bsp.a(alt_main.o)
 .data          0x00005914        0x0 ../Flasher_app_bsp/\libhal_bsp.a(alt_write.o)
 .data          0x00005914       0x2c ../Flasher_app_bsp/\libhal_bsp.a(alt_sys_init.o)
 .data          0x00005940        0x0 ../Flasher_app_bsp/\libhal_bsp.a(altera_avalon_jtag_uart_fd.o)
 .data          0x00005940        0x0 ../Flasher_app_bsp/\libhal_bsp.a(altera_avalon_jtag_uart_read.o)
 .data          0x00005940        0x0 ../Flasher_app_bsp/\libhal_bsp.a(altera_avalon_jtag_uart_write.o)
 .data          0x00005940        0x0 ../Flasher_app_bsp/\libhal_bsp.a(alt_close.o)
 .data          0x00005940        0x0 ../Flasher_app_bsp/\libhal_bsp.a(alt_dcache_flush_all.o)
 .data          0x00005940      0x1a8 ../Flasher_app_bsp/\libhal_bsp.a(alt_dev.o)
                0x00005940                alt_dev_null
                0x00005968                alt_fd_list
 .data          0x00005ae8        0x0 ../Flasher_app_bsp/\libhal_bsp.a(alt_dev_llist_insert.o)
 .data          0x00005ae8        0x0 ../Flasher_app_bsp/\libhal_bsp.a(alt_do_ctors.o)
 .data          0x00005ae8        0x0 ../Flasher_app_bsp/\libhal_bsp.a(alt_do_dtors.o)
 .data          0x00005ae8        0x0 ../Flasher_app_bsp/\libhal_bsp.a(alt_errno.o)
 .data          0x00005ae8        0x0 ../Flasher_app_bsp/\libhal_bsp.a(alt_icache_flush_all.o)
 .data          0x00005ae8        0x0 ../Flasher_app_bsp/\libhal_bsp.a(alt_io_redirect.o)
 .data          0x00005ae8        0x0 ../Flasher_app_bsp/\libhal_bsp.a(alt_open.o)
 .data          0x00005ae8        0x0 ../Flasher_app_bsp/\libhal_bsp.a(alt_release_fd.o)
 .data          0x00005ae8        0x0 ../Flasher_app_bsp/\libhal_bsp.a(altera_nios2_qsys_irq.o)
 .data          0x00005ae8        0x0 ../Flasher_app_bsp/\libhal_bsp.a(alt_find_dev.o)
 .data          0x00005ae8        0x0 ../Flasher_app_bsp/\libhal_bsp.a(alt_find_file.o)
 .data          0x00005ae8        0x0 ../Flasher_app_bsp/\libhal_bsp.a(alt_get_fd.o)
 .data          0x00005ae8        0x0 c:/altera/13.0sp1/nios2eds/bin/gnu/h-i686-mingw32/bin/../lib/gcc/nios2-elf/4.1.2/../../../../nios2-elf/lib/mno-hw-mul\libsmallc.a(lib_a-atexit.o)
 .data          0x00005ae8        0x0 c:/altera/13.0sp1/nios2eds/bin/gnu/h-i686-mingw32/bin/../lib/gcc/nios2-elf/4.1.2/../../../../nios2-elf/lib/mno-hw-mul\libsmallc.a(lib_a-exit.o)
 .data          0x00005ae8        0x0 c:/altera/13.0sp1/nios2eds/bin/gnu/h-i686-mingw32/bin/../lib/gcc/nios2-elf/4.1.2/../../../../nios2-elf/lib/mno-hw-mul\libsmallc.a(lib_a-memcmp.o)
 .data          0x00005ae8        0x0 c:/altera/13.0sp1/nios2eds/bin/gnu/h-i686-mingw32/bin/../lib/gcc/nios2-elf/4.1.2/../../../../nios2-elf/lib/mno-hw-mul\libsmallc.a(lib_a-__atexit.o)
 .data          0x00005ae8        0x0 c:/altera/13.0sp1/nios2eds/bin/gnu/h-i686-mingw32/bin/../lib/gcc/nios2-elf/4.1.2/../../../../nios2-elf/lib/mno-hw-mul\libsmallc.a(lib_a-__call_atexit.o)
 .data          0x00005ae8        0x0 c:/altera/13.0sp1/nios2eds/bin/gnu/h-i686-mingw32/bin/../lib/gcc/nios2-elf/4.1.2/mno-hw-mul\libgcc.a(lib2-mul.o)
 .data          0x00005ae8        0x0 ../Flasher_app_bsp/\libhal_bsp.a(alt_exit.o)
                0x0000dae8                _gp = ABSOLUTE ((. + 0x8000))
                0x0000dae8                PROVIDE (gp, _gp)
 *(.rwdata .rwdata.*)
 *(.sdata .sdata.* .gnu.linkonce.s.*)
 .sdata         0x00005ae8        0x8 c:/altera/13.0sp1/nios2eds/bin/gnu/h-i686-mingw32/bin/../lib/gcc/nios2-elf/4.1.2/../../../../nios2-elf/lib/mno-hw-mul\libsmallc.a(lib_a-impure.o)
                0x00005ae8                _impure_ptr
                0x00005aec                _global_impure_ptr
 .sdata         0x00005af0       0x14 ../Flasher_app_bsp/\libhal_bsp.a(alt_dev.o)
                0x00005af0                alt_fs_list
                0x00005af8                alt_dev_list
                0x00005b00                alt_max_fd
 .sdata         0x00005b04        0x4 ../Flasher_app_bsp/\libhal_bsp.a(alt_errno.o)
                0x00005b04                alt_errno
 *(.sdata2 .sdata2.* .gnu.linkonce.s2.*)
                0x00005b08                . = ALIGN (0x4)
                0x00005b08                _edata = ABSOLUTE (.)
                0x00005b08                PROVIDE (edata, ABSOLUTE (.))
                0x00005b08                PROVIDE (__ram_rwdata_end, ABSOLUTE (.))
                0x00005b08                PROVIDE (__flash_rwdata_start, LOADADDR (.rwdata))

.bss            0x00005ddc       0x9c
                0x00005ddc                __bss_start = ABSOLUTE (.)
                0x00005ddc                PROVIDE (__sbss_start, ABSOLUTE (.))
                0x00005ddc                PROVIDE (___sbss_start, ABSOLUTE (.))
 *(.dynsbss)
 *(.sbss .sbss.* .gnu.linkonce.sb.*)
 .sbss          0x00005ddc        0x4 c:/altera/13.0sp1/nios2eds/bin/gnu/h-i686-mingw32/bin/../lib/gcc/nios2-elf/4.1.2/../../../../nios2-elf/lib/mno-hw-mul\libsmallc.a(lib_a-int_errno.o)
                0x00005ddc                errno
 .sbss          0x00005de0        0xc ../Flasher_app_bsp/\libhal_bsp.a(alt_main.o)
                0x00005de0                alt_argc
                0x00005de4                alt_argv
                0x00005de8                alt_envp
 *(.sbss2 .sbss2.* .gnu.linkonce.sb2.*)
 *(.scommon)
                0x00005dec                PROVIDE (__sbss_end, ABSOLUTE (.))
                0x00005dec                PROVIDE (___sbss_end, ABSOLUTE (.))
 *(.dynbss)
 *(.bss .bss.* .gnu.linkonce.b.*)
 .bss           0x00005dec        0x0 ../Flasher_app_bsp//obj/HAL/src/crt0.o
 .bss           0x00005dec        0x0 obj/default/Flasher.o
 .bss           0x00005dec        0x0 c:/altera/13.0sp1/nios2eds/bin/gnu/h-i686-mingw32/bin/../lib/gcc/nios2-elf/4.1.2/../../../../nios2-elf/lib/mno-hw-mul\libsmallc.a(lib_a-puts.o)
 .bss           0x00005dec        0x0 c:/altera/13.0sp1/nios2eds/bin/gnu/h-i686-mingw32/bin/../lib/gcc/nios2-elf/4.1.2/../../../../nios2-elf/lib/mno-hw-mul\libsmallc.a(lib_a-strlen.o)
 .bss           0x00005dec        0x0 c:/altera/13.0sp1/nios2eds/bin/gnu/h-i686-mingw32/bin/../lib/gcc/nios2-elf/4.1.2/../../../../nios2-elf/lib/mno-hw-mul\libsmallc.a(lib_a-fvwrite_small_dev.o)
 .bss           0x00005dec        0x0 c:/altera/13.0sp1/nios2eds/bin/gnu/h-i686-mingw32/bin/../lib/gcc/nios2-elf/4.1.2/../../../../nios2-elf/lib/mno-hw-mul\libsmallc.a(lib_a-impure.o)
 .bss           0x00005dec        0x0 c:/altera/13.0sp1/nios2eds/bin/gnu/h-i686-mingw32/bin/../lib/gcc/nios2-elf/4.1.2/../../../../nios2-elf/lib/mno-hw-mul\libsmallc.a(lib_a-writer.o)
 .bss           0x00005dec        0x0 c:/altera/13.0sp1/nios2eds/bin/gnu/h-i686-mingw32/bin/../lib/gcc/nios2-elf/4.1.2/../../../../nios2-elf/lib/mno-hw-mul\libsmallc.a(lib_a-int_errno.o)
 .bss           0x00005dec        0x0 ../Flasher_app_bsp/\libhal_bsp.a(alt_load.o)
 .bss           0x00005dec        0x0 ../Flasher_app_bsp/\libhal_bsp.a(alt_main.o)
 .bss           0x00005dec        0x0 ../Flasher_app_bsp/\libhal_bsp.a(alt_write.o)
 .bss           0x00005dec        0x0 ../Flasher_app_bsp/\libhal_bsp.a(alt_sys_init.o)
 .bss           0x00005dec        0x0 ../Flasher_app_bsp/\libhal_bsp.a(altera_avalon_jtag_uart_fd.o)
 .bss           0x00005dec        0x0 ../Flasher_app_bsp/\libhal_bsp.a(altera_avalon_jtag_uart_read.o)
 .bss           0x00005dec        0x0 ../Flasher_app_bsp/\libhal_bsp.a(altera_avalon_jtag_uart_write.o)
 .bss           0x00005dec        0x0 ../Flasher_app_bsp/\libhal_bsp.a(alt_close.o)
 .bss           0x00005dec        0x0 ../Flasher_app_bsp/\libhal_bsp.a(alt_dcache_flush_all.o)
 .bss           0x00005dec        0x0 ../Flasher_app_bsp/\libhal_bsp.a(alt_dev.o)
 .bss           0x00005dec        0x0 ../Flasher_app_bsp/\libhal_bsp.a(alt_dev_llist_insert.o)
 .bss           0x00005dec        0x0 ../Flasher_app_bsp/\libhal_bsp.a(alt_do_ctors.o)
 .bss           0x00005dec        0x0 ../Flasher_app_bsp/\libhal_bsp.a(alt_do_dtors.o)
 .bss           0x00005dec        0x0 ../Flasher_app_bsp/\libhal_bsp.a(alt_errno.o)
 .bss           0x00005dec        0x0 ../Flasher_app_bsp/\libhal_bsp.a(alt_icache_flush_all.o)
 .bss           0x00005dec        0x0 ../Flasher_app_bsp/\libhal_bsp.a(alt_io_redirect.o)
 .bss           0x00005dec        0x0 ../Flasher_app_bsp/\libhal_bsp.a(alt_open.o)
 .bss           0x00005dec        0x0 ../Flasher_app_bsp/\libhal_bsp.a(alt_release_fd.o)
 .bss           0x00005dec        0x0 ../Flasher_app_bsp/\libhal_bsp.a(altera_nios2_qsys_irq.o)
 .bss           0x00005dec        0x0 ../Flasher_app_bsp/\libhal_bsp.a(alt_find_dev.o)
 .bss           0x00005dec        0x0 ../Flasher_app_bsp/\libhal_bsp.a(alt_find_file.o)
 .bss           0x00005dec        0x0 ../Flasher_app_bsp/\libhal_bsp.a(alt_get_fd.o)
 .bss           0x00005dec        0x0 c:/altera/13.0sp1/nios2eds/bin/gnu/h-i686-mingw32/bin/../lib/gcc/nios2-elf/4.1.2/../../../../nios2-elf/lib/mno-hw-mul\libsmallc.a(lib_a-atexit.o)
 .bss           0x00005dec        0x0 c:/altera/13.0sp1/nios2eds/bin/gnu/h-i686-mingw32/bin/../lib/gcc/nios2-elf/4.1.2/../../../../nios2-elf/lib/mno-hw-mul\libsmallc.a(lib_a-exit.o)
 .bss           0x00005dec        0x0 c:/altera/13.0sp1/nios2eds/bin/gnu/h-i686-mingw32/bin/../lib/gcc/nios2-elf/4.1.2/../../../../nios2-elf/lib/mno-hw-mul\libsmallc.a(lib_a-memcmp.o)
 .bss           0x00005dec        0x0 c:/altera/13.0sp1/nios2eds/bin/gnu/h-i686-mingw32/bin/../lib/gcc/nios2-elf/4.1.2/../../../../nios2-elf/lib/mno-hw-mul\libsmallc.a(lib_a-__atexit.o)
 .bss           0x00005dec        0x0 c:/altera/13.0sp1/nios2eds/bin/gnu/h-i686-mingw32/bin/../lib/gcc/nios2-elf/4.1.2/../../../../nios2-elf/lib/mno-hw-mul\libsmallc.a(lib_a-__call_atexit.o)
 .bss           0x00005dec        0x0 c:/altera/13.0sp1/nios2eds/bin/gnu/h-i686-mingw32/bin/../lib/gcc/nios2-elf/4.1.2/mno-hw-mul\libgcc.a(lib2-mul.o)
 .bss           0x00005dec        0x0 ../Flasher_app_bsp/\libhal_bsp.a(alt_exit.o)
 *(COMMON)
 COMMON         0x00005dec       0x8c c:/altera/13.0sp1/nios2eds/bin/gnu/h-i686-mingw32/bin/../lib/gcc/nios2-elf/4.1.2/../../../../nios2-elf/lib/mno-hw-mul\libsmallc.a(lib_a-atexit.o)
                0x00005dec                _atexit0
                0x00005e78                . = ALIGN (0x4)
                0x00005e78                __bss_end = ABSOLUTE (.)

.onchip_memory2_0
                0x00005e78        0x0
                0x00005e78                PROVIDE (_alt_partition_onchip_memory2_0_start, ABSOLUTE (.))
 *(.onchip_memory2_0. onchip_memory2_0.*)
                0x00005e78                . = ALIGN (0x4)
                0x00005e78                PROVIDE (_alt_partition_onchip_memory2_0_end, ABSOLUTE (.))
                0x00005e78                _end = ABSOLUTE (.)
                0x00005e78                end = ABSOLUTE (.)
                0x00005e78                __alt_stack_base = ABSOLUTE (.)
                0x00005e78                PROVIDE (_alt_partition_onchip_memory2_0_load_addr, LOADADDR (.onchip_memory2_0))

.stab
 *(.stab)

.stabstr
 *(.stabstr)

.stab.excl
 *(.stab.excl)

.stab.exclstr
 *(.stab.exclstr)

.stab.index
 *(.stab.index)

.stab.indexstr
 *(.stab.indexstr)

.comment        0x00000000       0x26
 *(.comment)
 .comment       0x00000000       0x26 obj/default/Flasher.o
                                 0x27 (size before relaxing)
 .comment       0x00000000       0x27 c:/altera/13.0sp1/nios2eds/bin/gnu/h-i686-mingw32/bin/../lib/gcc/nios2-elf/4.1.2/../../../../nios2-elf/lib/mno-hw-mul\libsmallc.a(lib_a-puts.o)
 .comment       0x00000000       0x27 c:/altera/13.0sp1/nios2eds/bin/gnu/h-i686-mingw32/bin/../lib/gcc/nios2-elf/4.1.2/../../../../nios2-elf/lib/mno-hw-mul\libsmallc.a(lib_a-strlen.o)
 .comment       0x00000000       0x27 c:/altera/13.0sp1/nios2eds/bin/gnu/h-i686-mingw32/bin/../lib/gcc/nios2-elf/4.1.2/../../../../nios2-elf/lib/mno-hw-mul\libsmallc.a(lib_a-fvwrite_small_dev.o)
 .comment       0x00000000       0x27 c:/altera/13.0sp1/nios2eds/bin/gnu/h-i686-mingw32/bin/../lib/gcc/nios2-elf/4.1.2/../../../../nios2-elf/lib/mno-hw-mul\libsmallc.a(lib_a-impure.o)
 .comment       0x00000000       0x27 c:/altera/13.0sp1/nios2eds/bin/gnu/h-i686-mingw32/bin/../lib/gcc/nios2-elf/4.1.2/../../../../nios2-elf/lib/mno-hw-mul\libsmallc.a(lib_a-writer.o)
 .comment       0x00000000       0x27 c:/altera/13.0sp1/nios2eds/bin/gnu/h-i686-mingw32/bin/../lib/gcc/nios2-elf/4.1.2/../../../../nios2-elf/lib/mno-hw-mul\libsmallc.a(lib_a-int_errno.o)
 .comment       0x00000000       0x27 ../Flasher_app_bsp/\libhal_bsp.a(alt_load.o)
 .comment       0x00000000       0x27 ../Flasher_app_bsp/\libhal_bsp.a(alt_main.o)
 .comment       0x00000000       0x27 ../Flasher_app_bsp/\libhal_bsp.a(alt_write.o)
 .comment       0x00000000       0x27 ../Flasher_app_bsp/\libhal_bsp.a(alt_sys_init.o)
 .comment       0x00000000       0x27 ../Flasher_app_bsp/\libhal_bsp.a(altera_avalon_jtag_uart_fd.o)
 .comment       0x00000000       0x27 ../Flasher_app_bsp/\libhal_bsp.a(altera_avalon_jtag_uart_read.o)
 .comment       0x00000000       0x27 ../Flasher_app_bsp/\libhal_bsp.a(altera_avalon_jtag_uart_write.o)
 .comment       0x00000000       0x27 ../Flasher_app_bsp/\libhal_bsp.a(alt_close.o)
 .comment       0x00000000       0x27 ../Flasher_app_bsp/\libhal_bsp.a(alt_dcache_flush_all.o)
 .comment       0x00000000       0x27 ../Flasher_app_bsp/\libhal_bsp.a(alt_dev.o)
 .comment       0x00000000       0x27 ../Flasher_app_bsp/\libhal_bsp.a(alt_dev_llist_insert.o)
 .comment       0x00000000       0x27 ../Flasher_app_bsp/\libhal_bsp.a(alt_do_ctors.o)
 .comment       0x00000000       0x27 ../Flasher_app_bsp/\libhal_bsp.a(alt_do_dtors.o)
 .comment       0x00000000       0x27 ../Flasher_app_bsp/\libhal_bsp.a(alt_errno.o)
 .comment       0x00000000       0x27 ../Flasher_app_bsp/\libhal_bsp.a(alt_icache_flush_all.o)
 .comment       0x00000000       0x27 ../Flasher_app_bsp/\libhal_bsp.a(alt_io_redirect.o)
 .comment       0x00000000       0x27 ../Flasher_app_bsp/\libhal_bsp.a(alt_open.o)
 .comment       0x00000000       0x27 ../Flasher_app_bsp/\libhal_bsp.a(alt_release_fd.o)
 .comment       0x00000000       0x27 ../Flasher_app_bsp/\libhal_bsp.a(altera_nios2_qsys_irq.o)
 .comment       0x00000000       0x27 ../Flasher_app_bsp/\libhal_bsp.a(alt_find_dev.o)
 .comment       0x00000000       0x27 ../Flasher_app_bsp/\libhal_bsp.a(alt_find_file.o)
 .comment       0x00000000       0x27 ../Flasher_app_bsp/\libhal_bsp.a(alt_get_fd.o)
 .comment       0x00000000       0x27 c:/altera/13.0sp1/nios2eds/bin/gnu/h-i686-mingw32/bin/../lib/gcc/nios2-elf/4.1.2/../../../../nios2-elf/lib/mno-hw-mul\libsmallc.a(lib_a-atexit.o)
 .comment       0x00000000       0x27 c:/altera/13.0sp1/nios2eds/bin/gnu/h-i686-mingw32/bin/../lib/gcc/nios2-elf/4.1.2/../../../../nios2-elf/lib/mno-hw-mul\libsmallc.a(lib_a-exit.o)
 .comment       0x00000000       0x27 c:/altera/13.0sp1/nios2eds/bin/gnu/h-i686-mingw32/bin/../lib/gcc/nios2-elf/4.1.2/../../../../nios2-elf/lib/mno-hw-mul\libsmallc.a(lib_a-memcmp.o)
 .comment       0x00000000       0x27 c:/altera/13.0sp1/nios2eds/bin/gnu/h-i686-mingw32/bin/../lib/gcc/nios2-elf/4.1.2/../../../../nios2-elf/lib/mno-hw-mul\libsmallc.a(lib_a-__atexit.o)
 .comment       0x00000000       0x27 c:/altera/13.0sp1/nios2eds/bin/gnu/h-i686-mingw32/bin/../lib/gcc/nios2-elf/4.1.2/../../../../nios2-elf/lib/mno-hw-mul\libsmallc.a(lib_a-__call_atexit.o)
 .comment       0x00000000       0x27 c:/altera/13.0sp1/nios2eds/bin/gnu/h-i686-mingw32/bin/../lib/gcc/nios2-elf/4.1.2/mno-hw-mul\libgcc.a(lib2-mul.o)
 .comment       0x00000000       0x27 ../Flasher_app_bsp/\libhal_bsp.a(alt_exit.o)

.debug
 *(.debug)

.line
 *(.line)

.debug_srcinfo
 *(.debug_srcinfo)

.debug_sfnames
 *(.debug_sfnames)

.debug_aranges  0x00000000      0x448
 *(.debug_aranges)
 .debug_aranges
                0x00000000       0x28 ../Flasher_app_bsp//obj/HAL/src/crt0.o
 .debug_aranges
                0x00000028       0x20 obj/default/Flasher.o
 .debug_aranges
                0x00000048       0x20 c:/altera/13.0sp1/nios2eds/bin/gnu/h-i686-mingw32/bin/../lib/gcc/nios2-elf/4.1.2/../../../../nios2-elf/lib/mno-hw-mul\libsmallc.a(lib_a-puts.o)
 .debug_aranges
                0x00000068       0x20 c:/altera/13.0sp1/nios2eds/bin/gnu/h-i686-mingw32/bin/../lib/gcc/nios2-elf/4.1.2/../../../../nios2-elf/lib/mno-hw-mul\libsmallc.a(lib_a-strlen.o)
 .debug_aranges
                0x00000088       0x20 c:/altera/13.0sp1/nios2eds/bin/gnu/h-i686-mingw32/bin/../lib/gcc/nios2-elf/4.1.2/../../../../nios2-elf/lib/mno-hw-mul\libsmallc.a(lib_a-fvwrite_small_dev.o)
 .debug_aranges
                0x000000a8       0x20 c:/altera/13.0sp1/nios2eds/bin/gnu/h-i686-mingw32/bin/../lib/gcc/nios2-elf/4.1.2/../../../../nios2-elf/lib/mno-hw-mul\libsmallc.a(lib_a-writer.o)
 .debug_aranges
                0x000000c8       0x20 ../Flasher_app_bsp/\libhal_bsp.a(alt_load.o)
 .debug_aranges
                0x000000e8       0x20 ../Flasher_app_bsp/\libhal_bsp.a(alt_main.o)
 .debug_aranges
                0x00000108       0x20 ../Flasher_app_bsp/\libhal_bsp.a(alt_write.o)
 .debug_aranges
                0x00000128       0x20 ../Flasher_app_bsp/\libhal_bsp.a(alt_sys_init.o)
 .debug_aranges
                0x00000148       0x20 ../Flasher_app_bsp/\libhal_bsp.a(altera_avalon_jtag_uart_fd.o)
 .debug_aranges
                0x00000168       0x20 ../Flasher_app_bsp/\libhal_bsp.a(altera_avalon_jtag_uart_read.o)
 .debug_aranges
                0x00000188       0x20 ../Flasher_app_bsp/\libhal_bsp.a(altera_avalon_jtag_uart_write.o)
 .debug_aranges
                0x000001a8       0x20 ../Flasher_app_bsp/\libhal_bsp.a(alt_close.o)
 .debug_aranges
                0x000001c8       0x20 ../Flasher_app_bsp/\libhal_bsp.a(alt_dcache_flush_all.o)
 .debug_aranges
                0x000001e8       0x20 ../Flasher_app_bsp/\libhal_bsp.a(alt_dev.o)
 .debug_aranges
                0x00000208       0x20 ../Flasher_app_bsp/\libhal_bsp.a(alt_dev_llist_insert.o)
 .debug_aranges
                0x00000228       0x20 ../Flasher_app_bsp/\libhal_bsp.a(alt_do_ctors.o)
 .debug_aranges
                0x00000248       0x20 ../Flasher_app_bsp/\libhal_bsp.a(alt_do_dtors.o)
 .debug_aranges
                0x00000268       0x20 ../Flasher_app_bsp/\libhal_bsp.a(alt_icache_flush_all.o)
 .debug_aranges
                0x00000288       0x20 ../Flasher_app_bsp/\libhal_bsp.a(alt_io_redirect.o)
 .debug_aranges
                0x000002a8       0x20 ../Flasher_app_bsp/\libhal_bsp.a(alt_open.o)
 .debug_aranges
                0x000002c8       0x20 ../Flasher_app_bsp/\libhal_bsp.a(alt_release_fd.o)
 .debug_aranges
                0x000002e8       0x20 ../Flasher_app_bsp/\libhal_bsp.a(altera_nios2_qsys_irq.o)
 .debug_aranges
                0x00000308       0x20 ../Flasher_app_bsp/\libhal_bsp.a(alt_find_dev.o)
 .debug_aranges
                0x00000328       0x20 ../Flasher_app_bsp/\libhal_bsp.a(alt_find_file.o)
 .debug_aranges
                0x00000348       0x20 ../Flasher_app_bsp/\libhal_bsp.a(alt_get_fd.o)
 .debug_aranges
                0x00000368       0x20 c:/altera/13.0sp1/nios2eds/bin/gnu/h-i686-mingw32/bin/../lib/gcc/nios2-elf/4.1.2/../../../../nios2-elf/lib/mno-hw-mul\libsmallc.a(lib_a-atexit.o)
 .debug_aranges
                0x00000388       0x20 c:/altera/13.0sp1/nios2eds/bin/gnu/h-i686-mingw32/bin/../lib/gcc/nios2-elf/4.1.2/../../../../nios2-elf/lib/mno-hw-mul\libsmallc.a(lib_a-exit.o)
 .debug_aranges
                0x000003a8       0x20 c:/altera/13.0sp1/nios2eds/bin/gnu/h-i686-mingw32/bin/../lib/gcc/nios2-elf/4.1.2/../../../../nios2-elf/lib/mno-hw-mul\libsmallc.a(lib_a-memcmp.o)
 .debug_aranges
                0x000003c8       0x20 c:/altera/13.0sp1/nios2eds/bin/gnu/h-i686-mingw32/bin/../lib/gcc/nios2-elf/4.1.2/../../../../nios2-elf/lib/mno-hw-mul\libsmallc.a(lib_a-__atexit.o)
 .debug_aranges
                0x000003e8       0x20 c:/altera/13.0sp1/nios2eds/bin/gnu/h-i686-mingw32/bin/../lib/gcc/nios2-elf/4.1.2/../../../../nios2-elf/lib/mno-hw-mul\libsmallc.a(lib_a-__call_atexit.o)
 .debug_aranges
                0x00000408       0x20 c:/altera/13.0sp1/nios2eds/bin/gnu/h-i686-mingw32/bin/../lib/gcc/nios2-elf/4.1.2/mno-hw-mul\libgcc.a(lib2-mul.o)
 .debug_aranges
                0x00000428       0x20 ../Flasher_app_bsp/\libhal_bsp.a(alt_exit.o)

.debug_pubnames
                0x00000000      0x5cc
 *(.debug_pubnames)
 .debug_pubnames
                0x00000000       0x25 obj/default/Flasher.o
 .debug_pubnames
                0x00000025       0x27 c:/altera/13.0sp1/nios2eds/bin/gnu/h-i686-mingw32/bin/../lib/gcc/nios2-elf/4.1.2/../../../../nios2-elf/lib/mno-hw-mul\libsmallc.a(lib_a-puts.o)
 .debug_pubnames
                0x0000004c       0x1d c:/altera/13.0sp1/nios2eds/bin/gnu/h-i686-mingw32/bin/../lib/gcc/nios2-elf/4.1.2/../../../../nios2-elf/lib/mno-hw-mul\libsmallc.a(lib_a-strlen.o)
 .debug_pubnames
                0x00000069       0x2b c:/altera/13.0sp1/nios2eds/bin/gnu/h-i686-mingw32/bin/../lib/gcc/nios2-elf/4.1.2/../../../../nios2-elf/lib/mno-hw-mul\libsmallc.a(lib_a-fvwrite_small_dev.o)
 .debug_pubnames
                0x00000094       0x39 c:/altera/13.0sp1/nios2eds/bin/gnu/h-i686-mingw32/bin/../lib/gcc/nios2-elf/4.1.2/../../../../nios2-elf/lib/mno-hw-mul\libsmallc.a(lib_a-impure.o)
 .debug_pubnames
                0x000000cd       0x1f c:/altera/13.0sp1/nios2eds/bin/gnu/h-i686-mingw32/bin/../lib/gcc/nios2-elf/4.1.2/../../../../nios2-elf/lib/mno-hw-mul\libsmallc.a(lib_a-writer.o)
 .debug_pubnames
                0x000000ec       0x1c c:/altera/13.0sp1/nios2eds/bin/gnu/h-i686-mingw32/bin/../lib/gcc/nios2-elf/4.1.2/../../../../nios2-elf/lib/mno-hw-mul\libsmallc.a(lib_a-int_errno.o)
 .debug_pubnames
                0x00000108       0x1f ../Flasher_app_bsp/\libhal_bsp.a(alt_load.o)
 .debug_pubnames
                0x00000127       0x46 ../Flasher_app_bsp/\libhal_bsp.a(alt_main.o)
 .debug_pubnames
                0x0000016d       0x1c ../Flasher_app_bsp/\libhal_bsp.a(alt_write.o)
 .debug_pubnames
                0x00000189       0x34 ../Flasher_app_bsp/\libhal_bsp.a(alt_sys_init.o)
 .debug_pubnames
                0x000001bd       0x5b ../Flasher_app_bsp/\libhal_bsp.a(altera_avalon_jtag_uart_fd.o)
 .debug_pubnames
                0x00000218       0x33 ../Flasher_app_bsp/\libhal_bsp.a(altera_avalon_jtag_uart_read.o)
 .debug_pubnames
                0x0000024b       0x34 ../Flasher_app_bsp/\libhal_bsp.a(altera_avalon_jtag_uart_write.o)
 .debug_pubnames
                0x0000027f       0x1c ../Flasher_app_bsp/\libhal_bsp.a(alt_close.o)
 .debug_pubnames
                0x0000029b       0x2b ../Flasher_app_bsp/\libhal_bsp.a(alt_dcache_flush_all.o)
 .debug_pubnames
                0x000002c6       0x63 ../Flasher_app_bsp/\libhal_bsp.a(alt_dev.o)
 .debug_pubnames
                0x00000329       0x2b ../Flasher_app_bsp/\libhal_bsp.a(alt_dev_llist_insert.o)
 .debug_pubnames
                0x00000354       0x20 ../Flasher_app_bsp/\libhal_bsp.a(alt_do_ctors.o)
 .debug_pubnames
                0x00000374       0x20 ../Flasher_app_bsp/\libhal_bsp.a(alt_do_dtors.o)
 .debug_pubnames
                0x00000394       0x20 ../Flasher_app_bsp/\libhal_bsp.a(alt_errno.o)
 .debug_pubnames
                0x000003b4       0x2b ../Flasher_app_bsp/\libhal_bsp.a(alt_icache_flush_all.o)
 .debug_pubnames
                0x000003df       0x26 ../Flasher_app_bsp/\libhal_bsp.a(alt_io_redirect.o)
 .debug_pubnames
                0x00000405       0x1b ../Flasher_app_bsp/\libhal_bsp.a(alt_open.o)
 .debug_pubnames
                0x00000420       0x25 ../Flasher_app_bsp/\libhal_bsp.a(alt_release_fd.o)
 .debug_pubnames
                0x00000445       0x31 ../Flasher_app_bsp/\libhal_bsp.a(altera_nios2_qsys_irq.o)
 .debug_pubnames
                0x00000476       0x23 ../Flasher_app_bsp/\libhal_bsp.a(alt_find_dev.o)
 .debug_pubnames
                0x00000499       0x24 ../Flasher_app_bsp/\libhal_bsp.a(alt_find_file.o)
 .debug_pubnames
                0x000004bd       0x21 ../Flasher_app_bsp/\libhal_bsp.a(alt_get_fd.o)
 .debug_pubnames
                0x000004de       0x2a c:/altera/13.0sp1/nios2eds/bin/gnu/h-i686-mingw32/bin/../lib/gcc/nios2-elf/4.1.2/../../../../nios2-elf/lib/mno-hw-mul\libsmallc.a(lib_a-atexit.o)
 .debug_pubnames
                0x00000508       0x1b c:/altera/13.0sp1/nios2eds/bin/gnu/h-i686-mingw32/bin/../lib/gcc/nios2-elf/4.1.2/../../../../nios2-elf/lib/mno-hw-mul\libsmallc.a(lib_a-exit.o)
 .debug_pubnames
                0x00000523       0x1d c:/altera/13.0sp1/nios2eds/bin/gnu/h-i686-mingw32/bin/../lib/gcc/nios2-elf/4.1.2/../../../../nios2-elf/lib/mno-hw-mul\libsmallc.a(lib_a-memcmp.o)
 .debug_pubnames
                0x00000540       0x2a c:/altera/13.0sp1/nios2eds/bin/gnu/h-i686-mingw32/bin/../lib/gcc/nios2-elf/4.1.2/../../../../nios2-elf/lib/mno-hw-mul\libsmallc.a(lib_a-__atexit.o)
 .debug_pubnames
                0x0000056a       0x27 c:/altera/13.0sp1/nios2eds/bin/gnu/h-i686-mingw32/bin/../lib/gcc/nios2-elf/4.1.2/../../../../nios2-elf/lib/mno-hw-mul\libsmallc.a(lib_a-__call_atexit.o)
 .debug_pubnames
                0x00000591       0x1f c:/altera/13.0sp1/nios2eds/bin/gnu/h-i686-mingw32/bin/../lib/gcc/nios2-elf/4.1.2/mno-hw-mul\libgcc.a(lib2-mul.o)
 .debug_pubnames
                0x000005b0       0x1c ../Flasher_app_bsp/\libhal_bsp.a(alt_exit.o)

.debug_info     0x00000000     0x7e4b
 *(.debug_info .gnu.linkonce.wi.*)
 .debug_info    0x00000000       0x7f ../Flasher_app_bsp//obj/HAL/src/crt0.o
 .debug_info    0x0000007f      0x173 obj/default/Flasher.o
 .debug_info    0x000001f2      0x685 c:/altera/13.0sp1/nios2eds/bin/gnu/h-i686-mingw32/bin/../lib/gcc/nios2-elf/4.1.2/../../../../nios2-elf/lib/mno-hw-mul\libsmallc.a(lib_a-puts.o)
 .debug_info    0x00000877       0xc2 c:/altera/13.0sp1/nios2eds/bin/gnu/h-i686-mingw32/bin/../lib/gcc/nios2-elf/4.1.2/../../../../nios2-elf/lib/mno-hw-mul\libsmallc.a(lib_a-strlen.o)
 .debug_info    0x00000939      0x68e c:/altera/13.0sp1/nios2eds/bin/gnu/h-i686-mingw32/bin/../lib/gcc/nios2-elf/4.1.2/../../../../nios2-elf/lib/mno-hw-mul\libsmallc.a(lib_a-fvwrite_small_dev.o)
 .debug_info    0x00000fc7      0x636 c:/altera/13.0sp1/nios2eds/bin/gnu/h-i686-mingw32/bin/../lib/gcc/nios2-elf/4.1.2/../../../../nios2-elf/lib/mno-hw-mul\libsmallc.a(lib_a-impure.o)
 .debug_info    0x000015fd      0x68c c:/altera/13.0sp1/nios2eds/bin/gnu/h-i686-mingw32/bin/../lib/gcc/nios2-elf/4.1.2/../../../../nios2-elf/lib/mno-hw-mul\libsmallc.a(lib_a-writer.o)
 .debug_info    0x00001c89       0x8c c:/altera/13.0sp1/nios2eds/bin/gnu/h-i686-mingw32/bin/../lib/gcc/nios2-elf/4.1.2/../../../../nios2-elf/lib/mno-hw-mul\libsmallc.a(lib_a-int_errno.o)
 .debug_info    0x00001d15      0x291 ../Flasher_app_bsp/\libhal_bsp.a(alt_load.o)
 .debug_info    0x00001fa6      0x229 ../Flasher_app_bsp/\libhal_bsp.a(alt_main.o)
 .debug_info    0x000021cf      0x697 ../Flasher_app_bsp/\libhal_bsp.a(alt_write.o)
 .debug_info    0x00002866      0x57d ../Flasher_app_bsp/\libhal_bsp.a(alt_sys_init.o)
 .debug_info    0x00002de3      0x5bd ../Flasher_app_bsp/\libhal_bsp.a(altera_avalon_jtag_uart_fd.o)
 .debug_info    0x000033a0      0x30d ../Flasher_app_bsp/\libhal_bsp.a(altera_avalon_jtag_uart_read.o)
 .debug_info    0x000036ad      0x2ea ../Flasher_app_bsp/\libhal_bsp.a(altera_avalon_jtag_uart_write.o)
 .debug_info    0x00003997      0x46b ../Flasher_app_bsp/\libhal_bsp.a(alt_close.o)
 .debug_info    0x00003e02      0x160 ../Flasher_app_bsp/\libhal_bsp.a(alt_dcache_flush_all.o)
 .debug_info    0x00003f62      0x683 ../Flasher_app_bsp/\libhal_bsp.a(alt_dev.o)
 .debug_info    0x000045e5      0x2bb ../Flasher_app_bsp/\libhal_bsp.a(alt_dev_llist_insert.o)
 .debug_info    0x000048a0      0x113 ../Flasher_app_bsp/\libhal_bsp.a(alt_do_ctors.o)
 .debug_info    0x000049b3      0x112 ../Flasher_app_bsp/\libhal_bsp.a(alt_do_dtors.o)
 .debug_info    0x00004ac5      0x168 ../Flasher_app_bsp/\libhal_bsp.a(alt_errno.o)
 .debug_info    0x00004c2d      0x160 ../Flasher_app_bsp/\libhal_bsp.a(alt_icache_flush_all.o)
 .debug_info    0x00004d8d      0x699 ../Flasher_app_bsp/\libhal_bsp.a(alt_io_redirect.o)
 .debug_info    0x00005426      0x529 ../Flasher_app_bsp/\libhal_bsp.a(alt_open.o)
 .debug_info    0x0000594f      0x3f6 ../Flasher_app_bsp/\libhal_bsp.a(alt_release_fd.o)
 .debug_info    0x00005d45      0x167 ../Flasher_app_bsp/\libhal_bsp.a(altera_nios2_qsys_irq.o)
 .debug_info    0x00005eac      0x41c ../Flasher_app_bsp/\libhal_bsp.a(alt_find_dev.o)
 .debug_info    0x000062c8      0x423 ../Flasher_app_bsp/\libhal_bsp.a(alt_find_file.o)
 .debug_info    0x000066eb      0x464 ../Flasher_app_bsp/\libhal_bsp.a(alt_get_fd.o)
 .debug_info    0x00006b4f      0x186 c:/altera/13.0sp1/nios2eds/bin/gnu/h-i686-mingw32/bin/../lib/gcc/nios2-elf/4.1.2/../../../../nios2-elf/lib/mno-hw-mul\libsmallc.a(lib_a-atexit.o)
 .debug_info    0x00006cd5       0x9f c:/altera/13.0sp1/nios2eds/bin/gnu/h-i686-mingw32/bin/../lib/gcc/nios2-elf/4.1.2/../../../../nios2-elf/lib/mno-hw-mul\libsmallc.a(lib_a-exit.o)
 .debug_info    0x00006d74       0xef c:/altera/13.0sp1/nios2eds/bin/gnu/h-i686-mingw32/bin/../lib/gcc/nios2-elf/4.1.2/../../../../nios2-elf/lib/mno-hw-mul\libsmallc.a(lib_a-memcmp.o)
 .debug_info    0x00006e63      0x68f c:/altera/13.0sp1/nios2eds/bin/gnu/h-i686-mingw32/bin/../lib/gcc/nios2-elf/4.1.2/../../../../nios2-elf/lib/mno-hw-mul\libsmallc.a(lib_a-__atexit.o)
 .debug_info    0x000074f2      0x6d5 c:/altera/13.0sp1/nios2eds/bin/gnu/h-i686-mingw32/bin/../lib/gcc/nios2-elf/4.1.2/../../../../nios2-elf/lib/mno-hw-mul\libsmallc.a(lib_a-__call_atexit.o)
 .debug_info    0x00007bc7       0xf3 c:/altera/13.0sp1/nios2eds/bin/gnu/h-i686-mingw32/bin/../lib/gcc/nios2-elf/4.1.2/mno-hw-mul\libgcc.a(lib2-mul.o)
 .debug_info    0x00007cba      0x191 ../Flasher_app_bsp/\libhal_bsp.a(alt_exit.o)

.debug_abbrev   0x00000000     0x1c6f
 *(.debug_abbrev)
 .debug_abbrev  0x00000000       0x12 ../Flasher_app_bsp//obj/HAL/src/crt0.o
 .debug_abbrev  0x00000012       0x7b obj/default/Flasher.o
 .debug_abbrev  0x0000008d      0x180 c:/altera/13.0sp1/nios2eds/bin/gnu/h-i686-mingw32/bin/../lib/gcc/nios2-elf/4.1.2/../../../../nios2-elf/lib/mno-hw-mul\libsmallc.a(lib_a-puts.o)
 .debug_abbrev  0x0000020d       0x7a c:/altera/13.0sp1/nios2eds/bin/gnu/h-i686-mingw32/bin/../lib/gcc/nios2-elf/4.1.2/../../../../nios2-elf/lib/mno-hw-mul\libsmallc.a(lib_a-strlen.o)
 .debug_abbrev  0x00000287      0x179 c:/altera/13.0sp1/nios2eds/bin/gnu/h-i686-mingw32/bin/../lib/gcc/nios2-elf/4.1.2/../../../../nios2-elf/lib/mno-hw-mul\libsmallc.a(lib_a-fvwrite_small_dev.o)
 .debug_abbrev  0x00000400      0x13f c:/altera/13.0sp1/nios2eds/bin/gnu/h-i686-mingw32/bin/../lib/gcc/nios2-elf/4.1.2/../../../../nios2-elf/lib/mno-hw-mul\libsmallc.a(lib_a-impure.o)
 .debug_abbrev  0x0000053f      0x16c c:/altera/13.0sp1/nios2eds/bin/gnu/h-i686-mingw32/bin/../lib/gcc/nios2-elf/4.1.2/../../../../nios2-elf/lib/mno-hw-mul\libsmallc.a(lib_a-writer.o)
 .debug_abbrev  0x000006ab       0x3b c:/altera/13.0sp1/nios2eds/bin/gnu/h-i686-mingw32/bin/../lib/gcc/nios2-elf/4.1.2/../../../../nios2-elf/lib/mno-hw-mul\libsmallc.a(lib_a-int_errno.o)
 .debug_abbrev  0x000006e6       0x88 ../Flasher_app_bsp/\libhal_bsp.a(alt_load.o)
 .debug_abbrev  0x0000076e       0xb7 ../Flasher_app_bsp/\libhal_bsp.a(alt_main.o)
 .debug_abbrev  0x00000825      0x100 ../Flasher_app_bsp/\libhal_bsp.a(alt_write.o)
 .debug_abbrev  0x00000925      0x121 ../Flasher_app_bsp/\libhal_bsp.a(alt_sys_init.o)
 .debug_abbrev  0x00000a46       0xcb ../Flasher_app_bsp/\libhal_bsp.a(altera_avalon_jtag_uart_fd.o)
 .debug_abbrev  0x00000b11       0xb6 ../Flasher_app_bsp/\libhal_bsp.a(altera_avalon_jtag_uart_read.o)
 .debug_abbrev  0x00000bc7       0xb4 ../Flasher_app_bsp/\libhal_bsp.a(altera_avalon_jtag_uart_write.o)
 .debug_abbrev  0x00000c7b       0xfb ../Flasher_app_bsp/\libhal_bsp.a(alt_close.o)
 .debug_abbrev  0x00000d76       0x3f ../Flasher_app_bsp/\libhal_bsp.a(alt_dcache_flush_all.o)
 .debug_abbrev  0x00000db5       0xc7 ../Flasher_app_bsp/\libhal_bsp.a(alt_dev.o)
 .debug_abbrev  0x00000e7c       0xf6 ../Flasher_app_bsp/\libhal_bsp.a(alt_dev_llist_insert.o)
 .debug_abbrev  0x00000f72       0x76 ../Flasher_app_bsp/\libhal_bsp.a(alt_do_ctors.o)
 .debug_abbrev  0x00000fe8       0x76 ../Flasher_app_bsp/\libhal_bsp.a(alt_do_dtors.o)
 .debug_abbrev  0x0000105e       0x5e ../Flasher_app_bsp/\libhal_bsp.a(alt_errno.o)
 .debug_abbrev  0x000010bc       0x3f ../Flasher_app_bsp/\libhal_bsp.a(alt_icache_flush_all.o)
 .debug_abbrev  0x000010fb       0xf0 ../Flasher_app_bsp/\libhal_bsp.a(alt_io_redirect.o)
 .debug_abbrev  0x000011eb      0x112 ../Flasher_app_bsp/\libhal_bsp.a(alt_open.o)
 .debug_abbrev  0x000012fd       0xc1 ../Flasher_app_bsp/\libhal_bsp.a(alt_release_fd.o)
 .debug_abbrev  0x000013be       0x3f ../Flasher_app_bsp/\libhal_bsp.a(altera_nios2_qsys_irq.o)
 .debug_abbrev  0x000013fd       0xcf ../Flasher_app_bsp/\libhal_bsp.a(alt_find_dev.o)
 .debug_abbrev  0x000014cc       0xcf ../Flasher_app_bsp/\libhal_bsp.a(alt_find_file.o)
 .debug_abbrev  0x0000159b       0xfb ../Flasher_app_bsp/\libhal_bsp.a(alt_get_fd.o)
 .debug_abbrev  0x00001696       0xc6 c:/altera/13.0sp1/nios2eds/bin/gnu/h-i686-mingw32/bin/../lib/gcc/nios2-elf/4.1.2/../../../../nios2-elf/lib/mno-hw-mul\libsmallc.a(lib_a-atexit.o)
 .debug_abbrev  0x0000175c       0x4e c:/altera/13.0sp1/nios2eds/bin/gnu/h-i686-mingw32/bin/../lib/gcc/nios2-elf/4.1.2/../../../../nios2-elf/lib/mno-hw-mul\libsmallc.a(lib_a-exit.o)
 .debug_abbrev  0x000017aa       0x7c c:/altera/13.0sp1/nios2eds/bin/gnu/h-i686-mingw32/bin/../lib/gcc/nios2-elf/4.1.2/../../../../nios2-elf/lib/mno-hw-mul\libsmallc.a(lib_a-memcmp.o)
 .debug_abbrev  0x00001826      0x196 c:/altera/13.0sp1/nios2eds/bin/gnu/h-i686-mingw32/bin/../lib/gcc/nios2-elf/4.1.2/../../../../nios2-elf/lib/mno-hw-mul\libsmallc.a(lib_a-__atexit.o)
 .debug_abbrev  0x000019bc      0x1c6 c:/altera/13.0sp1/nios2eds/bin/gnu/h-i686-mingw32/bin/../lib/gcc/nios2-elf/4.1.2/../../../../nios2-elf/lib/mno-hw-mul\libsmallc.a(lib_a-__call_atexit.o)
 .debug_abbrev  0x00001b82       0x7b c:/altera/13.0sp1/nios2eds/bin/gnu/h-i686-mingw32/bin/../lib/gcc/nios2-elf/4.1.2/mno-hw-mul\libgcc.a(lib2-mul.o)
 .debug_abbrev  0x00001bfd       0x72 ../Flasher_app_bsp/\libhal_bsp.a(alt_exit.o)

.debug_line     0x00000000     0x5102
 *(.debug_line)
 .debug_line    0x00000000       0x66 ../Flasher_app_bsp//obj/HAL/src/crt0.o
 .debug_line    0x00000066      0x221 obj/default/Flasher.o
 .debug_line    0x00000287      0x2b2 c:/altera/13.0sp1/nios2eds/bin/gnu/h-i686-mingw32/bin/../lib/gcc/nios2-elf/4.1.2/../../../../nios2-elf/lib/mno-hw-mul\libsmallc.a(lib_a-puts.o)
 .debug_line    0x00000539      0x250 c:/altera/13.0sp1/nios2eds/bin/gnu/h-i686-mingw32/bin/../lib/gcc/nios2-elf/4.1.2/../../../../nios2-elf/lib/mno-hw-mul\libsmallc.a(lib_a-strlen.o)
 .debug_line    0x00000789      0x2a9 c:/altera/13.0sp1/nios2eds/bin/gnu/h-i686-mingw32/bin/../lib/gcc/nios2-elf/4.1.2/../../../../nios2-elf/lib/mno-hw-mul\libsmallc.a(lib_a-fvwrite_small_dev.o)
 .debug_line    0x00000a32      0x230 c:/altera/13.0sp1/nios2eds/bin/gnu/h-i686-mingw32/bin/../lib/gcc/nios2-elf/4.1.2/../../../../nios2-elf/lib/mno-hw-mul\libsmallc.a(lib_a-impure.o)
 .debug_line    0x00000c62      0x29d c:/altera/13.0sp1/nios2eds/bin/gnu/h-i686-mingw32/bin/../lib/gcc/nios2-elf/4.1.2/../../../../nios2-elf/lib/mno-hw-mul\libsmallc.a(lib_a-writer.o)
 .debug_line    0x00000eff      0x1e2 c:/altera/13.0sp1/nios2eds/bin/gnu/h-i686-mingw32/bin/../lib/gcc/nios2-elf/4.1.2/../../../../nios2-elf/lib/mno-hw-mul\libsmallc.a(lib_a-int_errno.o)
 .debug_line    0x000010e1      0x217 ../Flasher_app_bsp/\libhal_bsp.a(alt_load.o)
 .debug_line    0x000012f8      0x2ca ../Flasher_app_bsp/\libhal_bsp.a(alt_main.o)
 .debug_line    0x000015c2      0x2c9 ../Flasher_app_bsp/\libhal_bsp.a(alt_write.o)
 .debug_line    0x0000188b      0x2a6 ../Flasher_app_bsp/\libhal_bsp.a(alt_sys_init.o)
 .debug_line    0x00001b31      0x1d7 ../Flasher_app_bsp/\libhal_bsp.a(altera_avalon_jtag_uart_fd.o)
 .debug_line    0x00001d08      0x343 ../Flasher_app_bsp/\libhal_bsp.a(altera_avalon_jtag_uart_read.o)
 .debug_line    0x0000204b      0x304 ../Flasher_app_bsp/\libhal_bsp.a(altera_avalon_jtag_uart_write.o)
 .debug_line    0x0000234f      0x299 ../Flasher_app_bsp/\libhal_bsp.a(alt_close.o)
 .debug_line    0x000025e8      0x1b5 ../Flasher_app_bsp/\libhal_bsp.a(alt_dcache_flush_all.o)
 .debug_line    0x0000279d      0x254 ../Flasher_app_bsp/\libhal_bsp.a(alt_dev.o)
 .debug_line    0x000029f1      0x25a ../Flasher_app_bsp/\libhal_bsp.a(alt_dev_llist_insert.o)
 .debug_line    0x00002c4b       0x83 ../Flasher_app_bsp/\libhal_bsp.a(alt_do_ctors.o)
 .debug_line    0x00002cce       0x83 ../Flasher_app_bsp/\libhal_bsp.a(alt_do_dtors.o)
 .debug_line    0x00002d51      0x1aa ../Flasher_app_bsp/\libhal_bsp.a(alt_errno.o)
 .debug_line    0x00002efb      0x1b5 ../Flasher_app_bsp/\libhal_bsp.a(alt_icache_flush_all.o)
 .debug_line    0x000030b0      0x2b4 ../Flasher_app_bsp/\libhal_bsp.a(alt_io_redirect.o)
 .debug_line    0x00003364      0x2ff ../Flasher_app_bsp/\libhal_bsp.a(alt_open.o)
 .debug_line    0x00003663       0xed ../Flasher_app_bsp/\libhal_bsp.a(alt_release_fd.o)
 .debug_line    0x00003750      0x1ce ../Flasher_app_bsp/\libhal_bsp.a(altera_nios2_qsys_irq.o)
 .debug_line    0x0000391e      0x26b ../Flasher_app_bsp/\libhal_bsp.a(alt_find_dev.o)
 .debug_line    0x00003b89      0x27c ../Flasher_app_bsp/\libhal_bsp.a(alt_find_file.o)
 .debug_line    0x00003e05      0x297 ../Flasher_app_bsp/\libhal_bsp.a(alt_get_fd.o)
 .debug_line    0x0000409c      0x203 c:/altera/13.0sp1/nios2eds/bin/gnu/h-i686-mingw32/bin/../lib/gcc/nios2-elf/4.1.2/../../../../nios2-elf/lib/mno-hw-mul\libsmallc.a(lib_a-atexit.o)
 .debug_line    0x0000429f      0x223 c:/altera/13.0sp1/nios2eds/bin/gnu/h-i686-mingw32/bin/../lib/gcc/nios2-elf/4.1.2/../../../../nios2-elf/lib/mno-hw-mul\libsmallc.a(lib_a-exit.o)
 .debug_line    0x000044c2      0x270 c:/altera/13.0sp1/nios2eds/bin/gnu/h-i686-mingw32/bin/../lib/gcc/nios2-elf/4.1.2/../../../../nios2-elf/lib/mno-hw-mul\libsmallc.a(lib_a-memcmp.o)
 .debug_line    0x00004732      0x350 c:/altera/13.0sp1/nios2eds/bin/gnu/h-i686-mingw32/bin/../lib/gcc/nios2-elf/4.1.2/../../../../nios2-elf/lib/mno-hw-mul\libsmallc.a(lib_a-__atexit.o)
 .debug_line    0x00004a82      0x360 c:/altera/13.0sp1/nios2eds/bin/gnu/h-i686-mingw32/bin/../lib/gcc/nios2-elf/4.1.2/../../../../nios2-elf/lib/mno-hw-mul\libsmallc.a(lib_a-__call_atexit.o)
 .debug_line    0x00004de2      0x11a c:/altera/13.0sp1/nios2eds/bin/gnu/h-i686-mingw32/bin/../lib/gcc/nios2-elf/4.1.2/mno-hw-mul\libgcc.a(lib2-mul.o)
 .debug_line    0x00004efc      0x206 ../Flasher_app_bsp/\libhal_bsp.a(alt_exit.o)

.debug_frame    0x00000000      0x718
 *(.debug_frame)
 .debug_frame   0x00000000       0x48 obj/default/Flasher.o
 .debug_frame   0x00000048       0x3c c:/altera/13.0sp1/nios2eds/bin/gnu/h-i686-mingw32/bin/../lib/gcc/nios2-elf/4.1.2/../../../../nios2-elf/lib/mno-hw-mul\libsmallc.a(lib_a-puts.o)
 .debug_frame   0x00000084       0x20 c:/altera/13.0sp1/nios2eds/bin/gnu/h-i686-mingw32/bin/../lib/gcc/nios2-elf/4.1.2/../../../../nios2-elf/lib/mno-hw-mul\libsmallc.a(lib_a-strlen.o)
 .debug_frame   0x000000a4       0x30 c:/altera/13.0sp1/nios2eds/bin/gnu/h-i686-mingw32/bin/../lib/gcc/nios2-elf/4.1.2/../../../../nios2-elf/lib/mno-hw-mul\libsmallc.a(lib_a-fvwrite_small_dev.o)
 .debug_frame   0x000000d4       0x2c c:/altera/13.0sp1/nios2eds/bin/gnu/h-i686-mingw32/bin/../lib/gcc/nios2-elf/4.1.2/../../../../nios2-elf/lib/mno-hw-mul\libsmallc.a(lib_a-writer.o)
 .debug_frame   0x00000100       0x48 ../Flasher_app_bsp/\libhal_bsp.a(alt_load.o)
 .debug_frame   0x00000148       0x2c ../Flasher_app_bsp/\libhal_bsp.a(alt_main.o)
 .debug_frame   0x00000174       0x48 ../Flasher_app_bsp/\libhal_bsp.a(alt_write.o)
 .debug_frame   0x000001bc       0x64 ../Flasher_app_bsp/\libhal_bsp.a(alt_sys_init.o)
 .debug_frame   0x00000220       0x48 ../Flasher_app_bsp/\libhal_bsp.a(altera_avalon_jtag_uart_fd.o)
 .debug_frame   0x00000268       0x2c ../Flasher_app_bsp/\libhal_bsp.a(altera_avalon_jtag_uart_read.o)
 .debug_frame   0x00000294       0x2c ../Flasher_app_bsp/\libhal_bsp.a(altera_avalon_jtag_uart_write.o)
 .debug_frame   0x000002c0       0x48 ../Flasher_app_bsp/\libhal_bsp.a(alt_close.o)
 .debug_frame   0x00000308       0x2c ../Flasher_app_bsp/\libhal_bsp.a(alt_dcache_flush_all.o)
 .debug_frame   0x00000334       0x2c ../Flasher_app_bsp/\libhal_bsp.a(alt_dev.o)
 .debug_frame   0x00000360       0x48 ../Flasher_app_bsp/\libhal_bsp.a(alt_dev_llist_insert.o)
 .debug_frame   0x000003a8       0x2c ../Flasher_app_bsp/\libhal_bsp.a(alt_do_ctors.o)
 .debug_frame   0x000003d4       0x2c ../Flasher_app_bsp/\libhal_bsp.a(alt_do_dtors.o)
 .debug_frame   0x00000400       0x2c ../Flasher_app_bsp/\libhal_bsp.a(alt_icache_flush_all.o)
 .debug_frame   0x0000042c       0x4c ../Flasher_app_bsp/\libhal_bsp.a(alt_io_redirect.o)
 .debug_frame   0x00000478       0x68 ../Flasher_app_bsp/\libhal_bsp.a(alt_open.o)
 .debug_frame   0x000004e0       0x30 ../Flasher_app_bsp/\libhal_bsp.a(alt_release_fd.o)
 .debug_frame   0x00000510       0x2c ../Flasher_app_bsp/\libhal_bsp.a(altera_nios2_qsys_irq.o)
 .debug_frame   0x0000053c       0x2c ../Flasher_app_bsp/\libhal_bsp.a(alt_find_dev.o)
 .debug_frame   0x00000568       0x2c ../Flasher_app_bsp/\libhal_bsp.a(alt_find_file.o)
 .debug_frame   0x00000594       0x30 ../Flasher_app_bsp/\libhal_bsp.a(alt_get_fd.o)
 .debug_frame   0x000005c4       0x20 c:/altera/13.0sp1/nios2eds/bin/gnu/h-i686-mingw32/bin/../lib/gcc/nios2-elf/4.1.2/../../../../nios2-elf/lib/mno-hw-mul\libsmallc.a(lib_a-atexit.o)
 .debug_frame   0x000005e4       0x2c c:/altera/13.0sp1/nios2eds/bin/gnu/h-i686-mingw32/bin/../lib/gcc/nios2-elf/4.1.2/../../../../nios2-elf/lib/mno-hw-mul\libsmallc.a(lib_a-exit.o)
 .debug_frame   0x00000610       0x20 c:/altera/13.0sp1/nios2eds/bin/gnu/h-i686-mingw32/bin/../lib/gcc/nios2-elf/4.1.2/../../../../nios2-elf/lib/mno-hw-mul\libsmallc.a(lib_a-memcmp.o)
 .debug_frame   0x00000630       0x34 c:/altera/13.0sp1/nios2eds/bin/gnu/h-i686-mingw32/bin/../lib/gcc/nios2-elf/4.1.2/../../../../nios2-elf/lib/mno-hw-mul\libsmallc.a(lib_a-__atexit.o)
 .debug_frame   0x00000664       0x4c c:/altera/13.0sp1/nios2eds/bin/gnu/h-i686-mingw32/bin/../lib/gcc/nios2-elf/4.1.2/../../../../nios2-elf/lib/mno-hw-mul\libsmallc.a(lib_a-__call_atexit.o)
 .debug_frame   0x000006b0       0x20 c:/altera/13.0sp1/nios2eds/bin/gnu/h-i686-mingw32/bin/../lib/gcc/nios2-elf/4.1.2/mno-hw-mul\libgcc.a(lib2-mul.o)
 .debug_frame   0x000006d0       0x48 ../Flasher_app_bsp/\libhal_bsp.a(alt_exit.o)

.debug_str      0x00000000      0xb3b
 *(.debug_str)
 .debug_str     0x00000000       0x12 obj/default/Flasher.o
 .debug_str     0x00000012      0x3f1 c:/altera/13.0sp1/nios2eds/bin/gnu/h-i686-mingw32/bin/../lib/gcc/nios2-elf/4.1.2/../../../../nios2-elf/lib/mno-hw-mul\libsmallc.a(lib_a-puts.o)
                                0x450 (size before relaxing)
 .debug_str     0x00000403       0xe2 c:/altera/13.0sp1/nios2eds/bin/gnu/h-i686-mingw32/bin/../lib/gcc/nios2-elf/4.1.2/../../../../nios2-elf/lib/mno-hw-mul\libsmallc.a(lib_a-strlen.o)
                                0x184 (size before relaxing)
 .debug_str     0x000004e5       0x70 c:/altera/13.0sp1/nios2eds/bin/gnu/h-i686-mingw32/bin/../lib/gcc/nios2-elf/4.1.2/../../../../nios2-elf/lib/mno-hw-mul\libsmallc.a(lib_a-fvwrite_small_dev.o)
                                0x46a (size before relaxing)
 .debug_str     0x00000555       0xf8 c:/altera/13.0sp1/nios2eds/bin/gnu/h-i686-mingw32/bin/../lib/gcc/nios2-elf/4.1.2/../../../../nios2-elf/lib/mno-hw-mul\libsmallc.a(lib_a-impure.o)
                                0x45d (size before relaxing)
 .debug_str     0x0000064d       0x4f c:/altera/13.0sp1/nios2eds/bin/gnu/h-i686-mingw32/bin/../lib/gcc/nios2-elf/4.1.2/../../../../nios2-elf/lib/mno-hw-mul\libsmallc.a(lib_a-writer.o)
                                0x451 (size before relaxing)
 .debug_str     0x0000069c       0x40 c:/altera/13.0sp1/nios2eds/bin/gnu/h-i686-mingw32/bin/../lib/gcc/nios2-elf/4.1.2/../../../../nios2-elf/lib/mno-hw-mul\libsmallc.a(lib_a-int_errno.o)
                                0x177 (size before relaxing)
 .debug_str     0x000006dc       0x12 ../Flasher_app_bsp/\libhal_bsp.a(alt_load.o)
 .debug_str     0x000006ee       0x12 ../Flasher_app_bsp/\libhal_bsp.a(alt_main.o)
 .debug_str     0x00000700       0x12 ../Flasher_app_bsp/\libhal_bsp.a(alt_write.o)
 .debug_str     0x00000712       0x12 ../Flasher_app_bsp/\libhal_bsp.a(alt_sys_init.o)
 .debug_str     0x00000724       0x12 ../Flasher_app_bsp/\libhal_bsp.a(altera_avalon_jtag_uart_read.o)
 .debug_str     0x00000736       0x12 ../Flasher_app_bsp/\libhal_bsp.a(altera_avalon_jtag_uart_write.o)
 .debug_str     0x00000748       0x12 ../Flasher_app_bsp/\libhal_bsp.a(alt_close.o)
 .debug_str     0x0000075a       0x12 ../Flasher_app_bsp/\libhal_bsp.a(alt_dcache_flush_all.o)
 .debug_str     0x0000076c       0x12 ../Flasher_app_bsp/\libhal_bsp.a(alt_dev.o)
 .debug_str     0x0000077e       0x12 ../Flasher_app_bsp/\libhal_bsp.a(alt_dev_llist_insert.o)
 .debug_str     0x00000790       0x12 ../Flasher_app_bsp/\libhal_bsp.a(alt_errno.o)
 .debug_str     0x000007a2       0x12 ../Flasher_app_bsp/\libhal_bsp.a(alt_icache_flush_all.o)
 .debug_str     0x000007b4       0x12 ../Flasher_app_bsp/\libhal_bsp.a(alt_io_redirect.o)
 .debug_str     0x000007c6       0x12 ../Flasher_app_bsp/\libhal_bsp.a(alt_open.o)
 .debug_str     0x000007d8       0x12 ../Flasher_app_bsp/\libhal_bsp.a(altera_nios2_qsys_irq.o)
 .debug_str     0x000007ea       0x12 ../Flasher_app_bsp/\libhal_bsp.a(alt_find_dev.o)
 .debug_str     0x000007fc       0x12 ../Flasher_app_bsp/\libhal_bsp.a(alt_find_file.o)
 .debug_str     0x0000080e       0x12 ../Flasher_app_bsp/\libhal_bsp.a(alt_get_fd.o)
 .debug_str     0x00000820       0xdb c:/altera/13.0sp1/nios2eds/bin/gnu/h-i686-mingw32/bin/../lib/gcc/nios2-elf/4.1.2/../../../../nios2-elf/lib/mno-hw-mul\libsmallc.a(lib_a-atexit.o)
                                0x1e5 (size before relaxing)
 .debug_str     0x000008fb       0x41 c:/altera/13.0sp1/nios2eds/bin/gnu/h-i686-mingw32/bin/../lib/gcc/nios2-elf/4.1.2/../../../../nios2-elf/lib/mno-hw-mul\libsmallc.a(lib_a-exit.o)
                                0x178 (size before relaxing)
 .debug_str     0x0000093c       0x45 c:/altera/13.0sp1/nios2eds/bin/gnu/h-i686-mingw32/bin/../lib/gcc/nios2-elf/4.1.2/../../../../nios2-elf/lib/mno-hw-mul\libsmallc.a(lib_a-memcmp.o)
                                0x17e (size before relaxing)
 .debug_str     0x00000981       0x54 c:/altera/13.0sp1/nios2eds/bin/gnu/h-i686-mingw32/bin/../lib/gcc/nios2-elf/4.1.2/../../../../nios2-elf/lib/mno-hw-mul\libsmallc.a(lib_a-__atexit.o)
                                0x467 (size before relaxing)
 .debug_str     0x000009d5       0x7e c:/altera/13.0sp1/nios2eds/bin/gnu/h-i686-mingw32/bin/../lib/gcc/nios2-elf/4.1.2/../../../../nios2-elf/lib/mno-hw-mul\libsmallc.a(lib_a-__call_atexit.o)
                                0x491 (size before relaxing)
 .debug_str     0x00000a53       0xcc c:/altera/13.0sp1/nios2eds/bin/gnu/h-i686-mingw32/bin/../lib/gcc/nios2-elf/4.1.2/mno-hw-mul\libgcc.a(lib2-mul.o)
                                0x175 (size before relaxing)
 .debug_str     0x00000b1f       0x1c ../Flasher_app_bsp/\libhal_bsp.a(alt_exit.o)

.debug_loc      0x00000000      0xcb6
 *(.debug_loc)
 .debug_loc     0x00000000       0x56 obj/default/Flasher.o
 .debug_loc     0x00000056       0xa2 c:/altera/13.0sp1/nios2eds/bin/gnu/h-i686-mingw32/bin/../lib/gcc/nios2-elf/4.1.2/../../../../nios2-elf/lib/mno-hw-mul\libsmallc.a(lib_a-puts.o)
 .debug_loc     0x000000f8       0x1e c:/altera/13.0sp1/nios2eds/bin/gnu/h-i686-mingw32/bin/../lib/gcc/nios2-elf/4.1.2/../../../../nios2-elf/lib/mno-hw-mul\libsmallc.a(lib_a-strlen.o)
 .debug_loc     0x00000116      0x162 c:/altera/13.0sp1/nios2eds/bin/gnu/h-i686-mingw32/bin/../lib/gcc/nios2-elf/4.1.2/../../../../nios2-elf/lib/mno-hw-mul\libsmallc.a(lib_a-fvwrite_small_dev.o)
 .debug_loc     0x00000278       0x97 c:/altera/13.0sp1/nios2eds/bin/gnu/h-i686-mingw32/bin/../lib/gcc/nios2-elf/4.1.2/../../../../nios2-elf/lib/mno-hw-mul\libsmallc.a(lib_a-writer.o)
 .debug_loc     0x0000030f       0x56 ../Flasher_app_bsp/\libhal_bsp.a(alt_load.o)
 .debug_loc     0x00000365       0x2b ../Flasher_app_bsp/\libhal_bsp.a(alt_main.o)
 .debug_loc     0x00000390       0x56 ../Flasher_app_bsp/\libhal_bsp.a(alt_write.o)
 .debug_loc     0x000003e6       0x81 ../Flasher_app_bsp/\libhal_bsp.a(alt_sys_init.o)
 .debug_loc     0x00000467       0x56 ../Flasher_app_bsp/\libhal_bsp.a(altera_avalon_jtag_uart_fd.o)
 .debug_loc     0x000004bd       0x2b ../Flasher_app_bsp/\libhal_bsp.a(altera_avalon_jtag_uart_read.o)
 .debug_loc     0x000004e8       0x2b ../Flasher_app_bsp/\libhal_bsp.a(altera_avalon_jtag_uart_write.o)
 .debug_loc     0x00000513       0x56 ../Flasher_app_bsp/\libhal_bsp.a(alt_close.o)
 .debug_loc     0x00000569       0x2b ../Flasher_app_bsp/\libhal_bsp.a(alt_dcache_flush_all.o)
 .debug_loc     0x00000594       0x2b ../Flasher_app_bsp/\libhal_bsp.a(alt_dev.o)
 .debug_loc     0x000005bf       0x56 ../Flasher_app_bsp/\libhal_bsp.a(alt_dev_llist_insert.o)
 .debug_loc     0x00000615       0x2b ../Flasher_app_bsp/\libhal_bsp.a(alt_do_ctors.o)
 .debug_loc     0x00000640       0x2b ../Flasher_app_bsp/\libhal_bsp.a(alt_do_dtors.o)
 .debug_loc     0x0000066b       0x2b ../Flasher_app_bsp/\libhal_bsp.a(alt_icache_flush_all.o)
 .debug_loc     0x00000696       0x56 ../Flasher_app_bsp/\libhal_bsp.a(alt_io_redirect.o)
 .debug_loc     0x000006ec       0x81 ../Flasher_app_bsp/\libhal_bsp.a(alt_open.o)
 .debug_loc     0x0000076d       0x2b ../Flasher_app_bsp/\libhal_bsp.a(alt_release_fd.o)
 .debug_loc     0x00000798       0x2b ../Flasher_app_bsp/\libhal_bsp.a(altera_nios2_qsys_irq.o)
 .debug_loc     0x000007c3       0x2b ../Flasher_app_bsp/\libhal_bsp.a(alt_find_dev.o)
 .debug_loc     0x000007ee       0x2b ../Flasher_app_bsp/\libhal_bsp.a(alt_find_file.o)
 .debug_loc     0x00000819       0x2b ../Flasher_app_bsp/\libhal_bsp.a(alt_get_fd.o)
 .debug_loc     0x00000844       0x1e c:/altera/13.0sp1/nios2eds/bin/gnu/h-i686-mingw32/bin/../lib/gcc/nios2-elf/4.1.2/../../../../nios2-elf/lib/mno-hw-mul\libsmallc.a(lib_a-atexit.o)
 .debug_loc     0x00000862       0x3d c:/altera/13.0sp1/nios2eds/bin/gnu/h-i686-mingw32/bin/../lib/gcc/nios2-elf/4.1.2/../../../../nios2-elf/lib/mno-hw-mul\libsmallc.a(lib_a-exit.o)
 .debug_loc     0x0000089f       0x70 c:/altera/13.0sp1/nios2eds/bin/gnu/h-i686-mingw32/bin/../lib/gcc/nios2-elf/4.1.2/../../../../nios2-elf/lib/mno-hw-mul\libsmallc.a(lib_a-memcmp.o)
 .debug_loc     0x0000090f      0x141 c:/altera/13.0sp1/nios2eds/bin/gnu/h-i686-mingw32/bin/../lib/gcc/nios2-elf/4.1.2/../../../../nios2-elf/lib/mno-hw-mul\libsmallc.a(lib_a-__atexit.o)
 .debug_loc     0x00000a50      0x1c1 c:/altera/13.0sp1/nios2eds/bin/gnu/h-i686-mingw32/bin/../lib/gcc/nios2-elf/4.1.2/../../../../nios2-elf/lib/mno-hw-mul\libsmallc.a(lib_a-__call_atexit.o)
 .debug_loc     0x00000c11       0x4f c:/altera/13.0sp1/nios2eds/bin/gnu/h-i686-mingw32/bin/../lib/gcc/nios2-elf/4.1.2/mno-hw-mul\libgcc.a(lib2-mul.o)
 .debug_loc     0x00000c60       0x56 ../Flasher_app_bsp/\libhal_bsp.a(alt_exit.o)

.debug_macinfo
 *(.debug_macinfo)

.debug_weaknames
 *(.debug_weaknames)

.debug_funcnames
 *(.debug_funcnames)

.debug_typenames
 *(.debug_typenames)

.debug_varnames
 *(.debug_varnames)

.debug_alt_sim_info
                0x00000000       0x10
 *(.debug_alt_sim_info)
 .debug_alt_sim_info
                0x00000000       0x10 ../Flasher_app_bsp//obj/HAL/src/crt0.o
                0x00006ee0                __alt_data_end = 0x6ee0
                0x00006ee0                PROVIDE (__alt_stack_pointer, __alt_data_end)
                0x00005e78                PROVIDE (__alt_stack_limit, __alt_stack_base)
                0x00005e78                PROVIDE (__alt_heap_start, end)
                0x00006ee0                PROVIDE (__alt_heap_limit, 0x6ee0)
OUTPUT(Flasher_app.elf elf32-littlenios2)

.debug_ranges   0x00000000       0x38
 .debug_ranges  0x00000000       0x20 ../Flasher_app_bsp//obj/HAL/src/crt0.o
 .debug_ranges  0x00000020       0x18 c:/altera/13.0sp1/nios2eds/bin/gnu/h-i686-mingw32/bin/../lib/gcc/nios2-elf/4.1.2/../../../../nios2-elf/lib/mno-hw-mul\libsmallc.a(lib_a-__call_atexit.o)
